<html>
<body>
<pre>
<h1>µVision Build Log</h1>
<h2>Tool Versions:</h2>
IDE-Version: µVision V5.13.0.0
Copyright (C) 2014 ARM Ltd and ARM Germany GmbH. All rights reserved.
License Information: Quin Thomas, Caltec, LIC=2TTJJ-U4QUW-YCNJ1-CR1FG-7NG0D-BHAK4
 
Tool Versions:
Toolchain:       MDK-ARM Professional  Version: 5.13.0.0
Toolchain Path:  C:\Keil_v5\ARM\ARMCC\Bin
C Compiler:      Armcc.exe V5.05 update 1 (build 106)
Assembler:       Armasm.exe V5.05 update 1 (build 106)
Linker/Locator:  ArmLink.exe V5.05 update 1 (build 106)
Library Manager: ArmAr.exe V5.05 update 1 (build 106)
Hex Converter:   FromElf.exe V5.05 update 1 (build 106)
CPU DLL:         SARMCM3.DLL V5.13.0.0
Dialog DLL:      DCM.DLL V1.13.1.0
Target DLL:      STLink\ST-LINKIII-KEIL_SWO.dll V2.0.14.0_KEIL
Dialog DLL:      TCM.DLL V1.14.4.0
 
<h2>Project:</h2>
C:\Users\Quinn\Documents\EECS53\Project\CS53-Code\WorkoutGenie.uvprojx
Project File Date:  06/06/2015

<h2>Output:</h2>
Build target 'Target 1'
compiling Display.c...
Peripherals\Display.h(90): warning:  #1295-D: Deprecated declaration display_Shutdown - give arg types
  void display_Shutdown();
Peripherals\Display.h(91): warning:  #1295-D: Deprecated declaration display_Startup - give arg types
  void display_Startup();
Peripherals\Display.h(98): warning:  #1-D: last line of file ends without a newline
  #endif //_display
Peripherals\../font.h(108): warning:  #1-D: last line of file ends without a newline
    };
Peripherals\i2c_control.h(53): warning:  #1295-D: Deprecated declaration mpu_isInitialized - give arg types
  boolean mpu_isInitialized();
Peripherals\i2c_control.h(57): warning:  #1-D: last line of file ends without a newline
  #endif        /* i2c_initialize */
Peripherals\../mpu_control.h(175): warning:  #1295-D: Deprecated declaration display_New_Data - give arg types
  void display_New_Data();
Peripherals\../mpu_control.h(181): warning:  #1295-D: Deprecated declaration stop_Measuring - give arg types
  void stop_Measuring();
Peripherals\../mpu_control.h(182): warning:  #1295-D: Deprecated declaration start_Measuring - give arg types
  void start_Measuring();
Peripherals\../mpu_control.h(184): warning:  #1295-D: Deprecated declaration data_Packet_Ready - give arg types
  boolean data_Packet_Ready();
Peripherals\../mpu_control.h(189): warning:  #1-D: last line of file ends without a newline
  #endif // MPU_REGISTERS_H
Peripherals\Display.c(20): warning:  #177-D: variable "delay" was declared but never referenced
        uint32_t delay;
Peripherals\Display.c(206): warning:  #177-D: variable "delay" was declared but never referenced
        uint32_t delay;
Peripherals\Display.c(222): warning:  #177-D: variable "delay" was declared but never referenced
        uint32_t delay = 500000;
Peripherals\Display.c(264): warning:  #177-D: variable "j" was declared but never referenced
        int i, j, pages_to_read;
Peripherals\Display.c(264): warning:  #177-D: variable "pages_to_read" was declared but never referenced
        int i, j, pages_to_read;
Peripherals\Display.c: 16 warnings, 0 errors
linking...
Program Size: Code=6738 RO-data=1282 RW-data=84 ZI-data=3556  
".\Objects\WorkoutGenie.axf" - 0 Error(s), 16 Warning(s).

<h2>Software Packages used:</h2>

Package Vendor: ARM
                http://www.keil.com/pack/ARM.CMSIS.4.2.0.pack
                ARM::CMSIS:CORE:3.40.0
                CMSIS (Cortex Microcontroller Software Interface Standard)
   * Component: CORE Version: 3.40.0

Package Vendor: Keil
                http://www.keil.com/pack/Keil.STM32F3xx_DFP.1.3.0.pack
                Keil::Device:Startup:1.3.0
                STMicroelectronics STM32F3 Series Device Support and Examples
   * Component: Startup Version: 1.3.0

<h2>Collection of Component include folders:</h2>
  C:\Users\Quinn\Documents\EECS53\Project\CS53-Code\RTE
  C:\Keil_v5\ARM\PACK\ARM\CMSIS\4.2.0\CMSIS\Include
  C:\Keil_v5\ARM\PACK\Keil\STM32F3xx_DFP\1.3.0\Device\Include

<h2>Collection of Component Files used:</h2>

   * Component: ARM::CMSIS:CORE:3.40.0
      Source file:   CMSIS\UserCodeTemplates\ARM\ITM_Retarget.c

   * Component: Keil::Device:Startup:1.3.0
      Source file:   Device\Source\ARM\startup_stm32f373xc.s
      Source file:   Device\Source\system_stm32f3xx.c
      Source file:   Device\Source\ARM\STM32F3xx_OPT.s
</pre>
</body>
</html>
