<html>
<body>
<pre>
<h1>µVision Build Log</h1>
<h2>Tool Versions:</h2>
IDE-Version: µVision V5.13.0.0
Copyright (C) 2014 ARM Ltd and ARM Germany GmbH. All rights reserved.
License Information: Quin Thomas, Caltec, LIC=2TTJJ-U4QUW-YCNJ1-CR1FG-7NG0D-BHAK4
 
Tool Versions:
Toolchain:       MDK-ARM Professional  Version: 5.13.0.0
Toolchain Path:  C:\Keil_v5\ARM\ARMCC\Bin
C Compiler:      Armcc.exe V5.05 update 1 (build 106)
Assembler:       Armasm.exe V5.05 update 1 (build 106)
Linker/Locator:  ArmLink.exe V5.05 update 1 (build 106)
Library Manager: ArmAr.exe V5.05 update 1 (build 106)
Hex Converter:   FromElf.exe V5.05 update 1 (build 106)
CPU DLL:         SARMCM3.DLL V5.13.0.0
Dialog DLL:      DCM.DLL V1.13.1.0
Target DLL:      STLink\ST-LINKIII-KEIL_SWO.dll V2.0.14.0_KEIL
Dialog DLL:      TCM.DLL V1.14.4.0
 
<h2>Project:</h2>
C:\Users\Quinn\Documents\EECS53\Project\CS53-Code\WorkoutGenie.uvprojx
Project File Date:  06/04/2015

<h2>Output:</h2>
Build target 'Target 1'
compiling buttons.c...
buttons.h(16): warning:  #1295-D: Deprecated declaration buttons_Init - give arg types
  void buttons_Init();
buttons.h(17): warning:  #1-D: last line of file ends without a newline
  uint8_t get_Button();
buttons.h(17): warning:  #1295-D: Deprecated declaration get_Button - give arg types
  uint8_t get_Button();
C:\Users\Quinn\Documents\EECS53\Project\CS53-Code\RTE\../timer.h(18): warning:  #1-D: last line of file ends without a newline
  #endif //_timer_
buttons.c(29): warning:  #1295-D: Deprecated declaration set_Threshold_Value - give arg types
  void set_Threshold_Value();
buttons.c(183): warning:  #1-D: last line of file ends without a newline
  }
buttons.c: 6 warnings, 0 errors
linking...
Program Size: Code=6724 RO-data=1284 RW-data=72 ZI-data=3552  
".\Objects\WorkoutGenie.axf" - 0 Error(s), 6 Warning(s).

<h2>Software Packages used:</h2>

Package Vendor: ARM
                http://www.keil.com/pack/ARM.CMSIS.4.2.0.pack
                ARM::CMSIS:CORE:3.40.0
                CMSIS (Cortex Microcontroller Software Interface Standard)
   * Component: CORE Version: 3.40.0

Package Vendor: Keil
                http://www.keil.com/pack/Keil.STM32F3xx_DFP.1.3.0.pack
                Keil::Device:Startup:1.3.0
                STMicroelectronics STM32F3 Series Device Support and Examples
   * Component: Startup Version: 1.3.0

<h2>Collection of Component include folders:</h2>
  C:\Users\Quinn\Documents\EECS53\Project\CS53-Code\RTE
  C:\Keil_v5\ARM\PACK\ARM\CMSIS\4.2.0\CMSIS\Include
  C:\Keil_v5\ARM\PACK\Keil\STM32F3xx_DFP\1.3.0\Device\Include

<h2>Collection of Component Files used:</h2>

   * Component: ARM::CMSIS:CORE:3.40.0
      Source file:   CMSIS\UserCodeTemplates\ARM\ITM_Retarget.c

   * Component: Keil::Device:Startup:1.3.0
      Source file:   Device\Source\ARM\startup_stm32f373xc.s
      Source file:   Device\Source\system_stm32f3xx.c
      Source file:   Device\Source\ARM\STM32F3xx_OPT.s
</pre>
</body>
</html>
