Component: ARM Compiler 5.05 update 1 (build 106) Tool: armlink [4d0efa]

==============================================================================

Section Cross References

    main.o(i.getKey) refers to buttons.o(i.get_Button) for get_Button
    main.o(i.getKey) refers to main.o(.constdata) for keycodes
    main.o(i.getState) refers to main.o(.constdata) for state_Transition
    main.o(i.main) refers to h1_alloc.o(.text) for malloc
    main.o(i.main) refers to main.o(i.SystemCoreClockSetHSI) for SystemCoreClockSetHSI
    main.o(i.main) refers to system_stm32f3xx.o(i.SystemCoreClockUpdate) for SystemCoreClockUpdate
    main.o(i.main) refers to main.o(i.NVIC_EnableIRQ) for NVIC_EnableIRQ
    main.o(i.main) refers to buttons.o(i.buttons_Init) for buttons_Init
    main.o(i.main) refers to display.o(i.display_Init) for display_Init
    main.o(i.main) refers to display.o(i.display_Int) for display_Int
    main.o(i.main) refers to i2c_control.o(i.Delay) for Delay
    main.o(i.main) refers to main.o(i.getKey) for getKey
    main.o(i.main) refers to main.o(i.getState) for getState
    main.o(i.main) refers to mpu_control.o(i.stop_Measuring) for stop_Measuring
    main.o(i.main) refers to display.o(i.display_String) for display_String
    main.o(i.main) refers to mpu_control.o(i.start_Measuring) for start_Measuring
    main.o(i.main) refers to mpu_control.o(i.data_Packet_Ready) for data_Packet_Ready
    main.o(i.main) refers to mpu_control.o(i.get_Data_Packet) for get_Data_Packet
    main.o(i.main) refers to mpu_control.o(i.display_Motion_Data) for display_Motion_Data
    main.o(i.main) refers to timer.o(i.stop_Timer) for stop_Timer
    main.o(i.main) refers to timer.o(i.start_Timer) for start_Timer
    main.o(i.main) refers to system_stm32f3xx.o(.data) for SystemCoreClock
    main.o(i.main) refers to timer.o(.data) for finished_Flag
    display.o(i.I2C2_EV_IRQHandler) refers to queue.o(i.deQueue) for deQueue
    display.o(i.I2C2_EV_IRQHandler) refers to display.o(.data) for displayQueue
    display.o(i.display_Communicate) refers to display.o(.data) for displayQueue
    display.o(i.display_Init) refers to queue.o(i.initQueue) for initQueue
    display.o(i.display_Init) refers to display.o(i.display_Startup) for display_Startup
    display.o(i.display_Init) refers to display.o(.data) for displayQueue
    display.o(i.display_Int) refers to display.o(i.display_Page) for display_Page
    display.o(i.display_Int) refers to display.o(.constdata) for FONT_BITMAP
    display.o(i.display_Int) refers to display.o(.bss) for display
    display.o(i.display_Page) refers to queue.o(i.enQueue) for enQueue
    display.o(i.display_Page) refers to display.o(i.display_Communicate) for display_Communicate
    display.o(i.display_Page) refers to display.o(.data) for displayQueue
    display.o(i.display_Page) refers to display.o(.bss) for display
    display.o(i.display_Startup) refers to i2c_control.o(i.Delay) for Delay
    display.o(i.display_Startup) refers to queue.o(i.enQueue) for enQueue
    display.o(i.display_Startup) refers to display.o(i.display_Communicate) for display_Communicate
    display.o(i.display_Startup) refers to queue.o(i.queue_isEmpty) for queue_isEmpty
    display.o(i.display_Startup) refers to display.o(.data) for displayQueue
    display.o(i.display_String) refers to strlen.o(.text) for strlen
    display.o(i.display_String) refers to display.o(i.display_Page) for display_Page
    display.o(i.display_String) refers to display.o(.constdata) for FONT_BITMAP
    display.o(i.display_String) refers to display.o(.bss) for display
    display.o(i.setup_Draw) refers to queue.o(i.enQueue) for enQueue
    display.o(i.setup_Draw) refers to display.o(i.display_Communicate) for display_Communicate
    display.o(i.setup_Draw) refers to display.o(.data) for displayQueue
    i2c_control.o(i.Delay) refers to i2c_control.o(.data) for msTicks
    i2c_control.o(i.I2C1_EV_IRQHandler) refers to queue.o(i.enQueue) for enQueue
    i2c_control.o(i.I2C1_EV_IRQHandler) refers to queue.o(i.deQueue) for deQueue
    i2c_control.o(i.I2C1_EV_IRQHandler) refers to i2c_control.o(.data) for mpuRxQueue
    i2c_control.o(i.SysTick_Handler) refers to i2c_control.o(.data) for msTicks
    i2c_control.o(i.mpu_I2C_Init) refers to h1_alloc.o(.text) for malloc
    i2c_control.o(i.mpu_I2C_Init) refers to i2c_control.o(i.I2C_Initialize) for I2C_Initialize
    i2c_control.o(i.mpu_I2C_Init) refers to queue.o(i.initQueue) for initQueue
    i2c_control.o(i.mpu_I2C_Init) refers to h1_free.o(.text) for free
    i2c_control.o(i.mpu_I2C_Init) refers to i2c_control.o(.data) for mpuRxQueue
    i2c_control.o(i.mpu_readRegister) refers to queue.o(i.enQueue) for enQueue
    i2c_control.o(i.mpu_readRegister) refers to i2c_control.o(i.mpu_writeRegister) for mpu_writeRegister
    i2c_control.o(i.mpu_readRegister) refers to i2c_control.o(i.I2C_GenerateSTART) for I2C_GenerateSTART
    i2c_control.o(i.mpu_readRegister) refers to i2c_control.o(.data) for mpuTxQueue
[...]
    startup_stm32f373xc.o(STACK) refers (Special) to heapauxi.o(.text) for __use_two_region_memory
    startup_stm32f373xc.o(HEAP) refers (Special) to heapauxi.o(.text) for __use_two_region_memory
    startup_stm32f373xc.o(RESET) refers (Special) to heapauxi.o(.text) for __use_two_region_memory
    startup_stm32f373xc.o(RESET) refers to startup_stm32f373xc.o(STACK) for __initial_sp
    startup_stm32f373xc.o(RESET) refers to startup_stm32f373xc.o(.text) for Reset_Handler
    startup_stm32f373xc.o(RESET) refers to i2c_control.o(i.SysTick_Handler) for SysTick_Handler
    startup_stm32f373xc.o(RESET) refers to mpu_control.o(i.EXTI9_5_IRQHandler) for EXTI9_5_IRQHandler
    startup_stm32f373xc.o(RESET) refers to mpu_control.o(i.TIM15_IRQHandler) for TIM15_IRQHandler
    startup_stm32f373xc.o(RESET) refers to i2c_control.o(i.I2C1_EV_IRQHandler) for I2C1_EV_IRQHandler
    startup_stm32f373xc.o(RESET) refers to display.o(i.I2C2_EV_IRQHandler) for I2C2_EV_IRQHandler
    startup_stm32f373xc.o(RESET) refers to uart_control.o(i.USART1_IRQHandler) for USART1_IRQHandler
    startup_stm32f373xc.o(RESET) refers to uart_control.o(i.USART2_IRQHandler) for USART2_IRQHandler
    startup_stm32f373xc.o(.text) refers (Special) to heapauxi.o(.text) for __use_two_region_memory
    startup_stm32f373xc.o(.text) refers to system_stm32f3xx.o(i.SystemInit) for SystemInit
    startup_stm32f373xc.o(.text) refers to main.o(i.resetState) for resetState
    startup_stm32f373xc.o(.text) refers to __main.o(!!!main) for __main
    startup_stm32f373xc.o(.text) refers to startup_stm32f373xc.o(HEAP) for Heap_Mem
    startup_stm32f373xc.o(.text) refers to startup_stm32f373xc.o(STACK) for Stack_Mem
    system_stm32f3xx.o(i.SystemCoreClockUpdate) refers to system_stm32f3xx.o(.data) for SystemCoreClock
    malloc.o(.text) refers (Special) to hguard.o(.text) for __heap$guard
    malloc.o(.text) refers (Special) to init_alloc.o(.text) for _init_alloc
    malloc.o(.text) refers to rt_heap_descriptor_intlibspace.o(.text) for __rt_heap_descriptor
    malloc.o(.text) refers to heapstubs.o(.text) for __Heap_Alloc
    free.o(.text) refers (Special) to hguard.o(.text) for __heap$guard
    free.o(.text) refers to rt_heap_descriptor_intlibspace.o(.text) for __rt_heap_descriptor
    free.o(.text) refers to heapstubs.o(.text) for __Heap_Free
    h1_alloc.o(.text) refers (Special) to h1_init.o(.text) for __Heap_Initialize
    h1_alloc.o(.text) refers to rt_heap_descriptor_intlibspace.o(.text) for __rt_heap_descriptor
    h1_alloc.o(.text) refers to init_alloc.o(.text) for __Heap_Full
    h1_free.o(.text) refers to rt_heap_descriptor_intlibspace.o(.text) for __rt_heap_descriptor
    h1_alloc_mt.o(.text) refers (Special) to h1_init.o(.text) for __Heap_Initialize
    h1_alloc_mt.o(.text) refers to init_alloc.o(.text) for __Heap_Full
    h1_alloc_mt.o(.text) refers to rt_heap_descriptor_intlibspace.o(.text) for __rt_heap_descriptor
    h1_free_mt.o(.text) refers to rt_heap_descriptor_intlibspace.o(.text) for __rt_heap_descriptor
    heap2.o(i._FDIterate) refers to heap2.o(.conststring) for .conststring
    heap2.o(i.___Heap_ProvideMemory$realtime) refers to fdtree.o(i._FDTree_Delete) for _FDTree_Delete
    heap2.o(i.___Heap_ProvideMemory$realtime) refers to fdtree.o(i._FDTree_Insert) for _FDTree_Insert
    heap2.o(i.___Heap_Stats$realtime) refers to heap2.o(i._Heap2_StatsIterate) for _Heap2_StatsIterate
    heap2.o(i.___Heap_Valid$realtime) refers to heap2.o(i._FDIterate) for _FDIterate
    heap2.o(i.___Heap_Valid$realtime) refers to heap2.o(.conststring) for .conststring
    heap2.o(i._free$realtime) refers to rt_heap_descriptor_intlibspace.o(.text) for __rt_heap_descriptor
    heap2.o(i._free$realtime) refers to fdtree.o(i._FDTree_Delete) for _FDTree_Delete
    heap2.o(i._free$realtime) refers to fdtree.o(i._FDTree_Insert) for _FDTree_Insert
    heap2.o(i._malloc$realtime) refers to rt_heap_descriptor_intlibspace.o(.text) for __rt_heap_descriptor
    heap2.o(i._malloc$realtime) refers to fdtree.o(i._FDTree_FindFirst) for _FDTree_FindFirst
    heap2.o(i._malloc$realtime) refers to init_alloc.o(.text) for __Heap_Full
    heap2.o(i._malloc$realtime) refers to fdtree.o(i._FDTree_RemoveNode) for _FDTree_RemoveNode
    heap2.o(i._malloc$realtime) refers to fdtree.o(i._FDTree_Insert) for _FDTree_Insert
    heap2.o(i._posix_memalign$realtime) refers to rt_heap_descriptor_intlibspace.o(.text) for __rt_heap_descriptor
    heap2.o(i._posix_memalign$realtime) refers to fdtree.o(i._FDTree_FindFirst) for _FDTree_FindFirst
    heap2.o(i._posix_memalign$realtime) refers to init_alloc.o(.text) for __Heap_Full
    heap2.o(i._posix_memalign$realtime) refers to fdtree.o(i._FDTree_RemoveNode) for _FDTree_RemoveNode
    heap2.o(i._posix_memalign$realtime) refers to fdtree.o(i._FDTree_Insert) for _FDTree_Insert
    heap2.o(i._realloc$realtime) refers to rt_heap_descriptor_intlibspace.o(.text) for __rt_heap_descriptor
    heap2.o(i._realloc$realtime) refers to fdtree.o(i._FDTree_Insert) for _FDTree_Insert
    heap2.o(i._realloc$realtime) refers to h1_free.o(.text) for free
    heap2.o(i._realloc$realtime) refers to h1_alloc.o(.text) for malloc
    heap2.o(i._realloc$realtime) refers to fdtree.o(i._FDTree_Delete) for _FDTree_Delete
    heap2.o(i._realloc$realtime) refers to rt_memcpy_w.o(.text) for __aeabi_memcpy4
    heap2mt.o(i._FDIterate) refers to heap2mt.o(.conststring) for .conststring
    heap2mt.o(i.___Heap_Initialize$realtime$concurrent) refers to mutex_dummy.o(.text) for _mutex_initialize
    heap2mt.o(i.___Heap_ProvideMemory$realtime$concurrent) refers to fdtree.o(i._FDTree_Delete) for _FDTree_Delete
    heap2mt.o(i.___Heap_ProvideMemory$realtime$concurrent) refers to fdtree.o(i._FDTree_Insert) for _FDTree_Insert
    heap2mt.o(i.___Heap_Stats$realtime$concurrent) refers to heap2mt.o(i._Heap2_StatsIterate) for _Heap2_StatsIterate
    heap2mt.o(i.___Heap_Valid$realtime$concurrent) refers to heap2mt.o(i._FDIterate) for _FDIterate
    heap2mt.o(i.___Heap_Valid$realtime$concurrent) refers to heap2mt.o(.conststring) for .conststring
    heap2mt.o(i._free$realtime$concurrent) refers to rt_heap_descriptor_intlibspace.o(.text) for __rt_heap_descriptor
    heap2mt.o(i._free$realtime$concurrent) refers to fdtree.o(i._FDTree_Delete) for _FDTree_Delete
    heap2mt.o(i._free$realtime$concurrent) refers to fdtree.o(i._FDTree_Insert) for _FDTree_Insert
    heap2mt.o(i._malloc$realtime$concurrent) refers to rt_heap_descriptor_intlibspace.o(.text) for __rt_heap_descriptor
    heap2mt.o(i._malloc$realtime$concurrent) refers to fdtree.o(i._FDTree_FindFirst) for _FDTree_FindFirst
    heap2mt.o(i._malloc$realtime$concurrent) refers to init_alloc.o(.text) for __Heap_Full
    heap2mt.o(i._malloc$realtime$concurrent) refers to fdtree.o(i._FDTree_RemoveNode) for _FDTree_RemoveNode
    heap2mt.o(i._malloc$realtime$concurrent) refers to fdtree.o(i._FDTree_Insert) for _FDTree_Insert
    heap2mt.o(i._posix_memalign$realtime$concurrent) refers to rt_heap_descriptor_intlibspace.o(.text) for __rt_heap_descriptor
    heap2mt.o(i._posix_memalign$realtime$concurrent) refers to fdtree.o(i._FDTree_FindFirst) for _FDTree_FindFirst
    heap2mt.o(i._posix_memalign$realtime$concurrent) refers to init_alloc.o(.text) for __Heap_Full
    heap2mt.o(i._posix_memalign$realtime$concurrent) refers to fdtree.o(i._FDTree_RemoveNode) for _FDTree_RemoveNode
    heap2mt.o(i._posix_memalign$realtime$concurrent) refers to fdtree.o(i._FDTree_Insert) for _FDTree_Insert
    heap2mt.o(i._realloc$realtime$concurrent) refers to rt_heap_descriptor_intlibspace.o(.text) for __rt_heap_descriptor
    heap2mt.o(i._realloc$realtime$concurrent) refers to fdtree.o(i._FDTree_Insert) for _FDTree_Insert
    heap2mt.o(i._realloc$realtime$concurrent) refers to h1_free.o(.text) for free
    heap2mt.o(i._realloc$realtime$concurrent) refers to h1_alloc.o(.text) for malloc
    heap2mt.o(i._realloc$realtime$concurrent) refers to fdtree.o(i._FDTree_Delete) for _FDTree_Delete
    heap2mt.o(i._realloc$realtime$concurrent) refers to rt_memcpy_w.o(.text) for __aeabi_memcpy4
    __main.o(!!!main) refers to __rtentry.o(.ARM.Collect$$rtentry$$00000000) for __rt_entry
    __rtentry.o(.ARM.Collect$$rtentry$$00000000) refers (Special) to __rtentry2.o(.ARM.Collect$$rtentry$$0000000A) for __rt_entry_li
    __rtentry.o(.ARM.Collect$$rtentry$$00000000) refers (Special) to __rtentry2.o(.ARM.Collect$$rtentry$$0000000D) for __rt_entry_main
    __rtentry.o(.ARM.Collect$$rtentry$$00000000) refers (Special) to __rtentry2.o(.ARM.Collect$$rtentry$$0000000C) for __rt_entry_postli_1
    __rtentry.o(.ARM.Collect$$rtentry$$00000000) refers (Special) to __rtentry2.o(.ARM.Collect$$rtentry$$00000009) for __rt_entry_postsh_1
    __rtentry.o(.ARM.Collect$$rtentry$$00000000) refers (Special) to __rtentry2.o(.ARM.Collect$$rtentry$$00000002) for __rt_entry_presh_1
    __rtentry.o(.ARM.Collect$$rtentry$$00000000) refers (Special) to __rtentry4.o(.ARM.Collect$$rtentry$$00000004) for __rt_entry_sh
    rt_heap_descriptor.o(.text) refers to rt_heap_descriptor.o(.bss) for __rt_heap_descriptor_data
    rt_heap_descriptor_intlibspace.o(.text) refers to libspace.o(.bss) for __libspace_start
    init_alloc.o(.text) refers (Special) to hguard.o(.text) for __heap$guard
    init_alloc.o(.text) refers (Special) to libinit2.o(.ARM.Collect$$libinit$$00000005) for __rt_lib_init_heap_2
    init_alloc.o(.text) refers (Special) to maybetermalloc1.o(.emb_text) for _maybe_terminate_alloc
    init_alloc.o(.text) refers to h1_extend.o(.text) for __Heap_ProvideMemory
    init_alloc.o(.text) refers to defsig_rtmem_outer.o(.text) for __rt_SIGRTMEM
    init_alloc.o(.text) refers to rt_heap_descriptor_intlibspace.o(.text) for __rt_heap_descriptor
    init_alloc.o(.text) refers to h1_init.o(.text) for __Heap_Initialize
    h1_init_mt.o(.text) refers to mutex_dummy.o(.text) for _mutex_initialize
    _get_argv.o(.text) refers (Special) to hrguard.o(.text) for __heap_region$guard
    _get_argv.o(.text) refers to h1_alloc.o(.text) for malloc
    _get_argv.o(.text) refers to defsig_rtmem_outer.o(.text) for __rt_SIGRTMEM
    _get_argv.o(.text) refers to sys_command.o(.text) for _sys_command_string
    libinit2.o(.ARM.Collect$$libinit$$00000001) refers to fpinit.o(x$fpl$fpinit) for _fp_init
    libinit2.o(.ARM.Collect$$libinit$$00000005) refers (Weak) to init_alloc.o(.text) for _init_alloc
    libinit2.o(.ARM.Collect$$libinit$$00000010) refers to libinit2.o(.ARM.Collect$$libinit$$0000000F) for .ARM.Collect$$libinit$$0000000F
    libinit2.o(.ARM.Collect$$libinit$$00000012) refers to libinit2.o(.ARM.Collect$$libinit$$0000000F) for .ARM.Collect$$libinit$$0000000F
    libinit2.o(.ARM.Collect$$libinit$$00000014) refers to libinit2.o(.ARM.Collect$$libinit$$0000000F) for .ARM.Collect$$libinit$$0000000F
    libinit2.o(.ARM.Collect$$libinit$$00000016) refers to libinit2.o(.ARM.Collect$$libinit$$0000000F) for .ARM.Collect$$libinit$$0000000F
    libinit2.o(.ARM.Collect$$libinit$$00000018) refers to libinit2.o(.ARM.Collect$$libinit$$0000000F) for .ARM.Collect$$libinit$$0000000F
    libinit2.o(.ARM.Collect$$libinit$$00000026) refers to argv_veneer.o(.emb_text) for __ARM_argv_veneer
    libinit2.o(.ARM.Collect$$libinit$$00000027) refers to argv_veneer.o(.emb_text) for __ARM_argv_veneer
    sys_command.o(.text) refers (Special) to use_no_semi.o(.text) for __I$use$semihosting
    sys_command.o(.text) refers (Special) to indicate_semi.o(.text) for __semihosting_library_function
    libspace.o(.text) refers to libspace.o(.bss) for __libspace_start
    __rtentry2.o(.ARM.Collect$$rtentry$$00000008) refers to boardinit2.o(.text) for _platform_post_stackheap_init
    __rtentry2.o(.ARM.Collect$$rtentry$$0000000A) refers to libinit.o(.ARM.Collect$$libinit$$00000000) for __rt_lib_init
    __rtentry2.o(.ARM.Collect$$rtentry$$0000000B) refers to boardinit3.o(.text) for _platform_post_lib_init
    __rtentry2.o(.ARM.Collect$$rtentry$$0000000D) refers to main.o(i.main) for main
    __rtentry2.o(.ARM.Collect$$rtentry$$0000000D) refers to exit.o(.text) for exit
    __rtentry2.o(.ARM.exidx) refers to __rtentry2.o(.ARM.Collect$$rtentry$$00000001) for .ARM.Collect$$rtentry$$00000001
    __rtentry2.o(.ARM.exidx) refers to __rtentry2.o(.ARM.Collect$$rtentry$$00000008) for .ARM.Collect$$rtentry$$00000008
    __rtentry2.o(.ARM.exidx) refers to __rtentry2.o(.ARM.Collect$$rtentry$$0000000A) for .ARM.Collect$$rtentry$$0000000A
    __rtentry2.o(.ARM.exidx) refers to __rtentry2.o(.ARM.Collect$$rtentry$$0000000B) for .ARM.Collect$$rtentry$$0000000B
    __rtentry2.o(.ARM.exidx) refers to __rtentry2.o(.ARM.Collect$$rtentry$$0000000D) for .ARM.Collect$$rtentry$$0000000D
    __rtentry4.o(.ARM.Collect$$rtentry$$00000004) refers to sys_stackheap_outer.o(.text) for __user_setup_stackheap
    __rtentry4.o(.ARM.exidx) refers to __rtentry4.o(.ARM.Collect$$rtentry$$00000004) for .ARM.Collect$$rtentry$$00000004
    maybetermalloc2.o(.emb_text) refers (Special) to term_alloc.o(.text) for _terminate_alloc
    h1_extend.o(.text) refers to h1_free.o(.text) for free
    h1_extend_mt.o(.text) refers to h1_free_mt.o(.text) for _free_internal
    defsig_rtmem_outer.o(.text) refers to defsig_rtmem_inner.o(.text) for __rt_SIGRTMEM_inner
    defsig_rtmem_outer.o(.text) refers to defsig_exit.o(.text) for __sig_exit
    defsig_rtmem_formal.o(.text) refers to rt_raise.o(.text) for __rt_raise
    heapauxa.o(.text) refers to heapauxa.o(.data) for .data
    argv_veneer.o(.emb_text) refers to no_argv.o(.text) for __ARM_get_argv
    sys_stackheap_outer.o(.text) refers to libspace.o(.text) for __user_perproc_libspace
    sys_stackheap_outer.o(.text) refers to startup_stm32f373xc.o(.text) for __user_initial_stackheap
    rt_raise.o(.text) refers to __raise.o(.text) for __raise
    rt_raise.o(.text) refers to sys_exit.o(.text) for _sys_exit
    term_alloc.o(.text) refers (Special) to libshutdown2.o(.ARM.Collect$$libshutdown$$0000000D) for __rt_lib_shutdown_heap_2
    term_alloc.o(.text) refers to rt_heap_descriptor_intlibspace.o(.text) for __rt_heap_descriptor
    term_alloc.o(.text) refers to h1_final.o(.text) for __Heap_Finalize
    exit.o(.text) refers to rtexit.o(.ARM.Collect$$rtexit$$00000000) for __rt_exit
    defsig_exit.o(.text) refers to sys_exit.o(.text) for _sys_exit
    defsig_rtmem_inner.o(.text) refers to defsig_general.o(.text) for __default_signal_display
    _get_argv_nomalloc.o(.text) refers (Special) to hrguard.o(.text) for __heap_region$guard
    _get_argv_nomalloc.o(.text) refers to defsig_rtmem_outer.o(.text) for __rt_SIGRTMEM
    _get_argv_nomalloc.o(.text) refers to sys_command.o(.text) for _sys_command_string
    libinit.o(.ARM.Collect$$libinit$$00000000) refers (Special) to libinit2.o(.ARM.Collect$$libinit$$0000002E) for __rt_lib_init_alloca_1
    libinit.o(.ARM.Collect$$libinit$$00000000) refers (Special) to libinit2.o(.ARM.Collect$$libinit$$0000002C) for __rt_lib_init_argv_1
    libinit.o(.ARM.Collect$$libinit$$00000000) refers (Special) to libinit2.o(.ARM.Collect$$libinit$$0000001B) for __rt_lib_init_atexit_1
    libinit.o(.ARM.Collect$$libinit$$00000000) refers (Special) to libinit2.o(.ARM.Collect$$libinit$$00000021) for __rt_lib_init_clock_1
    libinit.o(.ARM.Collect$$libinit$$00000000) refers (Special) to libinit2.o(.ARM.Collect$$libinit$$00000032) for __rt_lib_init_cpp_1
    libinit.o(.ARM.Collect$$libinit$$00000000) refers (Special) to libinit2.o(.ARM.Collect$$libinit$$00000030) for __rt_lib_init_exceptions_1
    libinit.o(.ARM.Collect$$libinit$$00000000) refers (Special) to libinit2.o(.ARM.Collect$$libinit$$00000001) for __rt_lib_init_fp_1
    libinit.o(.ARM.Collect$$libinit$$00000000) refers (Special) to libinit2.o(.ARM.Collect$$libinit$$0000001F) for __rt_lib_init_fp_trap_1
    libinit.o(.ARM.Collect$$libinit$$00000000) refers (Special) to libinit2.o(.ARM.Collect$$libinit$$00000023) for __rt_lib_init_getenv_1
    libinit.o(.ARM.Collect$$libinit$$00000000) refers (Special) to libinit2.o(.ARM.Collect$$libinit$$0000000A) for __rt_lib_init_heap_1
    libinit.o(.ARM.Collect$$libinit$$00000000) refers (Special) to libinit2.o(.ARM.Collect$$libinit$$00000011) for __rt_lib_init_lc_collate_1
    libinit.o(.ARM.Collect$$libinit$$00000000) refers (Special) to libinit2.o(.ARM.Collect$$libinit$$00000013) for __rt_lib_init_lc_ctype_1
    libinit.o(.ARM.Collect$$libinit$$00000000) refers (Special) to libinit2.o(.ARM.Collect$$libinit$$00000015) for __rt_lib_init_lc_monetary_1
    libinit.o(.ARM.Collect$$libinit$$00000000) refers (Special) to libinit2.o(.ARM.Collect$$libinit$$00000017) for __rt_lib_init_lc_numeric_1
    libinit.o(.ARM.Collect$$libinit$$00000000) refers (Special) to libinit2.o(.ARM.Collect$$libinit$$00000019) for __rt_lib_init_lc_time_1
    libinit.o(.ARM.Collect$$libinit$$00000000) refers (Special) to libinit2.o(.ARM.Collect$$libinit$$00000004) for __rt_lib_init_preinit_1
    libinit.o(.ARM.Collect$$libinit$$00000000) refers (Special) to libinit2.o(.ARM.Collect$$libinit$$0000000E) for __rt_lib_init_rand_1
    libinit.o(.ARM.Collect$$libinit$$00000000) refers (Special) to libinit2.o(.ARM.Collect$$libinit$$00000033) for __rt_lib_init_return
    libinit.o(.ARM.Collect$$libinit$$00000000) refers (Special) to libinit2.o(.ARM.Collect$$libinit$$0000001D) for __rt_lib_init_signal_1
    libinit.o(.ARM.Collect$$libinit$$00000000) refers (Special) to libinit2.o(.ARM.Collect$$libinit$$00000025) for __rt_lib_init_stdio_1
    libinit.o(.ARM.Collect$$libinit$$00000000) refers (Special) to libinit2.o(.ARM.Collect$$libinit$$0000000C) for __rt_lib_init_user_alloc_1
    sys_exit.o(.text) refers (Special) to use_no_semi.o(.text) for __I$use$semihosting
    sys_exit.o(.text) refers (Special) to indicate_semi.o(.text) for __semihosting_library_function
    rtexit.o(.ARM.Collect$$rtexit$$00000000) refers (Special) to rtexit2.o(.ARM.Collect$$rtexit$$00000004) for __rt_exit_exit
    rtexit.o(.ARM.Collect$$rtexit$$00000000) refers (Special) to rtexit2.o(.ARM.Collect$$rtexit$$00000003) for __rt_exit_ls
    rtexit.o(.ARM.Collect$$rtexit$$00000000) refers (Special) to rtexit2.o(.ARM.Collect$$rtexit$$00000002) for __rt_exit_prels_1
    rtexit.o(.ARM.exidx) refers (Special) to rtexit2.o(.ARM.Collect$$rtexit$$00000004) for __rt_exit_exit
    rtexit.o(.ARM.exidx) refers (Special) to rtexit2.o(.ARM.Collect$$rtexit$$00000003) for __rt_exit_ls
    rtexit.o(.ARM.exidx) refers (Special) to rtexit2.o(.ARM.Collect$$rtexit$$00000002) for __rt_exit_prels_1
    rtexit.o(.ARM.exidx) refers to rtexit.o(.ARM.Collect$$rtexit$$00000000) for .ARM.Collect$$rtexit$$00000000
    __raise.o(.text) refers to defsig.o(CL$$defsig) for __default_signal_handler
    defsig_general.o(.text) refers to sys_wrch.o(.text) for _ttywrch
    libshutdown2.o(.ARM.Collect$$libshutdown$$0000000C) refers (Weak) to term_alloc.o(.text) for _terminate_alloc
    sys_wrch.o(.text) refers (Special) to use_no_semi.o(.text) for __I$use$semihosting
    sys_wrch.o(.text) refers (Special) to indicate_semi.o(.text) for __semihosting_library_function
    rtexit2.o(.ARM.Collect$$rtexit$$00000003) refers to libshutdown.o(.ARM.Collect$$libshutdown$$00000000) for __rt_lib_shutdown
    rtexit2.o(.ARM.Collect$$rtexit$$00000004) refers to sys_exit.o(.text) for _sys_exit
    rtexit2.o(.ARM.exidx) refers to rtexit2.o(.ARM.Collect$$rtexit$$00000001) for .ARM.Collect$$rtexit$$00000001
    rtexit2.o(.ARM.exidx) refers to rtexit2.o(.ARM.Collect$$rtexit$$00000003) for .ARM.Collect$$rtexit$$00000003
    rtexit2.o(.ARM.exidx) refers to rtexit2.o(.ARM.Collect$$rtexit$$00000004) for .ARM.Collect$$rtexit$$00000004
    defsig.o(CL$$defsig) refers to defsig_rtmem_inner.o(.text) for __rt_SIGRTMEM_inner
    defsig_abrt_inner.o(.text) refers to defsig_general.o(.text) for __default_signal_display
    defsig_fpe_inner.o(.text) refers to defsig_general.o(.text) for __default_signal_display
    defsig_rtred_inner.o(.text) refers to defsig_general.o(.text) for __default_signal_display
    defsig_stak_inner.o(.text) refers to defsig_general.o(.text) for __default_signal_display
    defsig_pvfn_inner.o(.text) refers to defsig_general.o(.text) for __default_signal_display
    defsig_cppl_inner.o(.text) refers to defsig_general.o(.text) for __default_signal_display
    defsig_segv_inner.o(.text) refers to defsig_general.o(.text) for __default_signal_display
    defsig_other.o(.text) refers to defsig_general.o(.text) for __default_signal_display
    libshutdown.o(.ARM.Collect$$libshutdown$$00000000) refers (Special) to libshutdown2.o(.ARM.Collect$$libshutdown$$00000006) for __rt_lib_shutdown_fp_trap_1
    libshutdown.o(.ARM.Collect$$libshutdown$$00000000) refers (Special) to libshutdown2.o(.ARM.Collect$$libshutdown$$0000000E) for __rt_lib_shutdown_heap_1
    libshutdown.o(.ARM.Collect$$libshutdown$$00000000) refers (Special) to libshutdown2.o(.ARM.Collect$$libshutdown$$0000000F) for __rt_lib_shutdown_return
    libshutdown.o(.ARM.Collect$$libshutdown$$00000000) refers (Special) to libshutdown2.o(.ARM.Collect$$libshutdown$$00000009) for __rt_lib_shutdown_signal_1
    libshutdown.o(.ARM.Collect$$libshutdown$$00000000) refers (Special) to libshutdown2.o(.ARM.Collect$$libshutdown$$00000003) for __rt_lib_shutdown_stdio_1
    libshutdown.o(.ARM.Collect$$libshutdown$$00000000) refers (Special) to libshutdown2.o(.ARM.Collect$$libshutdown$$0000000B) for __rt_lib_shutdown_user_alloc_1


==============================================================================

Removing Unused input sections from the image.

    Removing main.o(.rev16_text), (4 bytes).
    Removing main.o(.revsh_text), (4 bytes).
    Removing main.o(.rrx_text), (6 bytes).
    Removing display.o(.rev16_text), (4 bytes).
    Removing display.o(.revsh_text), (4 bytes).
    Removing display.o(.rrx_text), (6 bytes).
    Removing display.o(i.display_Current_Status), (2 bytes).
    Removing display.o(i.display_Shutdown), (20 bytes).
    Removing display.o(i.setup_Draw), (100 bytes).
    Removing i2c_control.o(.rev16_text), (4 bytes).
    Removing i2c_control.o(.revsh_text), (4 bytes).
    Removing i2c_control.o(.rrx_text), (6 bytes).
    Removing i2c_control.o(i.I2C_Initialize), (136 bytes).
    Removing i2c_control.o(i.mpu_I2C_Init), (320 bytes).
    Removing i2c_control.o(i.mpu_isInitialized), (24 bytes).
    Removing mpu_control.o(.rev16_text), (4 bytes).
    Removing mpu_control.o(.revsh_text), (4 bytes).
    Removing mpu_control.o(.rrx_text), (6 bytes).
    Removing mpu_control.o(i.configure_AccelRange), (88 bytes).
    Removing mpu_control.o(i.configure_Mpu), (324 bytes).
    Removing mpu_control.o(i.display_New_Data), (16 bytes).
    Removing mpu_control.o(i.display_Register), (2 bytes).
    Removing mpu_control.o(i.init_Accelerometer), (2 bytes).
    Removing mpu_control.o(i.init_Compass), (2 bytes).
    Removing mpu_control.o(i.init_Gyroscope), (2 bytes).
    Removing mpu_control.o(i.mpu_init), (336 bytes).
    Removing bt_control.o(.rev16_text), (4 bytes).
    Removing bt_control.o(.revsh_text), (4 bytes).
    Removing bt_control.o(.rrx_text), (6 bytes).
    Removing bt_control.o(i.bt_Init), (324 bytes).
    Removing bt_control.o(i.connect_Bluetooth), (48 bytes).
    Removing bt_control.o(i.enqueue_Bt_Command), (156 bytes).
    Removing bt_control.o(i.fix_TIs_Stupid_Mistakes), (72 bytes).
    Removing bt_control.o(i.get_Bt_Response), (148 bytes).
    Removing bt_control.o(i.init_Bt_Controller), (92 bytes).
    Removing bt_control.o(i.set_Bt_Scan_Enable), (48 bytes).
    Removing bt_control.o(i.set_Simple_Pairing), (48 bytes).
    Removing bt_control.o(i.start_Bt_Inquiry), (76 bytes).
    Removing bt_control.o(.data), (18372 bytes).
    Removing uart_control.o(.rev16_text), (4 bytes).
    Removing uart_control.o(.revsh_text), (4 bytes).
    Removing uart_control.o(.rrx_text), (6 bytes).
    Removing uart_control.o(i.init_Uart), (76 bytes).
    Removing uart_control.o(i.send_Data), (56 bytes).
    Removing uart_control.o(i.update_Baud_Rate), (24 bytes).
    Removing timer.o(.rev16_text), (4 bytes).
    Removing timer.o(.revsh_text), (4 bytes).
    Removing timer.o(.rrx_text), (6 bytes).
    Removing buttons.o(.rev16_text), (4 bytes).
    Removing buttons.o(.revsh_text), (4 bytes).
    Removing buttons.o(.rrx_text), (6 bytes).
    Removing system_stm32f3xx.o(.rev16_text), (4 bytes).
    Removing system_stm32f3xx.o(.revsh_text), (4 bytes).
    Removing system_stm32f3xx.o(.rrx_text), (6 bytes).

54 unused section(s) (total 21040 bytes) removed from the image.

==============================================================================

Image Symbol Table

    Local Symbols

    Symbol Name                              Value     Ov Type        Size  Object(Section)

    ../clib/angel/boardlib.s                 0x00000000   Number         0  boardinit1.o ABSOLUTE
    ../clib/angel/boardlib.s                 0x00000000   Number         0  boardinit2.o ABSOLUTE
    ../clib/angel/boardlib.s                 0x00000000   Number         0  boardinit3.o ABSOLUTE
    ../clib/angel/boardlib.s                 0x00000000   Number         0  boardshut.o ABSOLUTE
    ../clib/angel/handlers.s                 0x00000000   Number         0  __scatter_copy.o ABSOLUTE
    ../clib/angel/handlers.s                 0x00000000   Number         0  __scatter_zi.o ABSOLUTE
    ../clib/angel/kernel.s                   0x00000000   Number         0  rtexit2.o ABSOLUTE
    ../clib/angel/kernel.s                   0x00000000   Number         0  rtexit.o ABSOLUTE
    ../clib/angel/kernel.s                   0x00000000   Number         0  __rtentry.o ABSOLUTE
    ../clib/angel/kernel.s                   0x00000000   Number         0  __rtentry4.o ABSOLUTE
    ../clib/angel/kernel.s                   0x00000000   Number         0  __rtentry2.o ABSOLUTE
    ../clib/angel/rt.s                       0x00000000   Number         0  rt_heap_descriptor_intlibspace.o ABSOLUTE
    ../clib/angel/rt.s                       0x00000000   Number         0  rt_raise.o ABSOLUTE
    ../clib/angel/rt.s                       0x00000000   Number         0  rt_heap_descriptor.o ABSOLUTE
    ../clib/angel/scatter.s                  0x00000000   Number         0  __scatter.o ABSOLUTE
    ../clib/angel/startup.s                  0x00000000   Number         0  __main.o ABSOLUTE
    ../clib/angel/sys.s                      0x00000000   Number         0  mutex_dummy.o ABSOLUTE
    ../clib/angel/sys.s                      0x00000000   Number         0  use_no_semi.o ABSOLUTE
    ../clib/angel/sys.s                      0x00000000   Number         0  libspace.o ABSOLUTE
    ../clib/angel/sys.s                      0x00000000   Number         0  indicate_semi.o ABSOLUTE
    ../clib/angel/sys.s                      0x00000000   Number         0  sys_stackheap_outer.o ABSOLUTE
    ../clib/angel/sysapp.c                   0x00000000   Number         0  sys_command.o ABSOLUTE
    ../clib/angel/sysapp.c                   0x00000000   Number         0  sys_exit.o ABSOLUTE
    ../clib/angel/sysapp.c                   0x00000000   Number         0  sys_wrch.o ABSOLUTE
    ../clib/armsys.c                         0x00000000   Number         0  _get_argv.o ABSOLUTE
    ../clib/armsys.c                         0x00000000   Number         0  _get_argv_nomalloc.o ABSOLUTE
    ../clib/armsys.c                         0x00000000   Number         0  no_argv.o ABSOLUTE
    ../clib/armsys.c                         0x00000000   Number         0  argv_veneer.o ABSOLUTE
    ../clib/armsys.c                         0x00000000   Number         0  argv_veneer.o ABSOLUTE
    ../clib/heap1.c                          0x00000000   Number         0  h1_init.o ABSOLUTE
    ../clib/heap1.c                          0x00000000   Number         0  h1_free_mt.o ABSOLUTE
    ../clib/heap1.c                          0x00000000   Number         0  h1_alloc_mt.o ABSOLUTE
    ../clib/heap1.c                          0x00000000   Number         0  h1_free.o ABSOLUTE
    ../clib/heap1.c                          0x00000000   Number         0  h1_init_mt.o ABSOLUTE
    ../clib/heap1.c                          0x00000000   Number         0  h1_alloc.o ABSOLUTE
    ../clib/heap1.c                          0x00000000   Number         0  h1_extend_mt.o ABSOLUTE
    ../clib/heap1.c                          0x00000000   Number         0  h1_final.o ABSOLUTE
    ../clib/heap1.c                          0x00000000   Number         0  h1_final_mt.o ABSOLUTE
    ../clib/heap1.c                          0x00000000   Number         0  h1_extend.o ABSOLUTE
    ../clib/heap2.c                          0x00000000   Number         0  fdtree.o ABSOLUTE
    ../clib/heap2.c                          0x00000000   Number         0  heap2.o ABSOLUTE
    ../clib/heap2.c                          0x00000000   Number         0  heap2mt.o ABSOLUTE
    ../clib/heapalloc.c                      0x00000000   Number         0  maybetermalloc2.o ABSOLUTE
    ../clib/heapalloc.c                      0x00000000   Number         0  maybetermalloc2.o ABSOLUTE
    ../clib/heapalloc.c                      0x00000000   Number         0  maybetermalloc1.o ABSOLUTE
    ../clib/heapalloc.c                      0x00000000   Number         0  maybetermalloc1.o ABSOLUTE
    ../clib/heapalloc.c                      0x00000000   Number         0  hrguard.o ABSOLUTE
    ../clib/heapalloc.c                      0x00000000   Number         0  malloc.o ABSOLUTE
    ../clib/heapalloc.c                      0x00000000   Number         0  free.o ABSOLUTE
    ../clib/heapalloc.c                      0x00000000   Number         0  init_alloc.o ABSOLUTE
    ../clib/heapalloc.c                      0x00000000   Number         0  heapstubs.o ABSOLUTE
    ../clib/heapalloc.c                      0x00000000   Number         0  hguard.o ABSOLUTE
    ../clib/heapalloc.c                      0x00000000   Number         0  term_alloc.o ABSOLUTE
    ../clib/heapaux.c                        0x00000000   Number         0  heapauxi.o ABSOLUTE
    ../clib/heapaux.c                        0x00000000   Number         0  heapauxa.o ABSOLUTE
    ../clib/libinit.s                        0x00000000   Number         0  libinit2.o ABSOLUTE
    ../clib/libinit.s                        0x00000000   Number         0  libshutdown.o ABSOLUTE
    ../clib/libinit.s                        0x00000000   Number         0  libshutdown2.o ABSOLUTE
    ../clib/libinit.s                        0x00000000   Number         0  libinit.o ABSOLUTE
    ../clib/memcpset.s                       0x00000000   Number         0  rt_memcpy_w.o ABSOLUTE
    ../clib/signal.c                         0x00000000   Number         0  defsig_rtmem_formal.o ABSOLUTE
    ../clib/signal.c                         0x00000000   Number         0  defsig_other.o ABSOLUTE
    ../clib/signal.c                         0x00000000   Number         0  defsig_rtmem_inner.o ABSOLUTE
    ../clib/signal.c                         0x00000000   Number         0  defsig_exit.o ABSOLUTE
    ../clib/signal.c                         0x00000000   Number         0  defsig_general.o ABSOLUTE
    ../clib/signal.c                         0x00000000   Number         0  defsig_segv_inner.o ABSOLUTE
    ../clib/signal.c                         0x00000000   Number         0  defsig_cppl_inner.o ABSOLUTE
    ../clib/signal.c                         0x00000000   Number         0  __raise.o ABSOLUTE
    ../clib/signal.c                         0x00000000   Number         0  defsig_abrt_inner.o ABSOLUTE
    ../clib/signal.c                         0x00000000   Number         0  defsig_fpe_inner.o ABSOLUTE
    ../clib/signal.c                         0x00000000   Number         0  defsig_pvfn_inner.o ABSOLUTE
    ../clib/signal.c                         0x00000000   Number         0  defsig_rtred_inner.o ABSOLUTE
    ../clib/signal.c                         0x00000000   Number         0  defsig_stak_inner.o ABSOLUTE
    ../clib/signal.c                         0x00000000   Number         0  defsig_rtmem_outer.o ABSOLUTE
    ../clib/signal.s                         0x00000000   Number         0  defsig.o ABSOLUTE
    ../clib/stdlib.c                         0x00000000   Number         0  exit.o ABSOLUTE
    ../clib/string.c                         0x00000000   Number         0  strlen.o ABSOLUTE
    ../fplib/fpinit.s                        0x00000000   Number         0  fpinit.o ABSOLUTE
    Main\\main.c                             0x00000000   Number         0  main.o ABSOLUTE
    Main\main.c                              0x00000000   Number         0  main.o ABSOLUTE
    Peripherals\Display.c                    0x00000000   Number         0  display.o ABSOLUTE
    Peripherals\Queue.c                      0x00000000   Number         0  queue.o ABSOLUTE
    Peripherals\\Display.c                   0x00000000   Number         0  display.o ABSOLUTE
    Peripherals\\i2c_control.c               0x00000000   Number         0  i2c_control.o ABSOLUTE
    Peripherals\i2c_control.c                0x00000000   Number         0  i2c_control.o ABSOLUTE
    RTE\Device\STM32F373RB\startup_stm32f373xc.s 0x00000000   Number         0  startup_stm32f373xc.o ABSOLUTE
    RTE\Device\STM32F373RB\system_stm32f3xx.c 0x00000000   Number         0  system_stm32f3xx.o ABSOLUTE
    RTE\\Device\\STM32F373RB\\system_stm32f3xx.c 0x00000000   Number         0  system_stm32f3xx.o ABSOLUTE
    bt_control.c                             0x00000000   Number         0  bt_control.o ABSOLUTE
    bt_control.c                             0x00000000   Number         0  bt_control.o ABSOLUTE
    buttons.c                                0x00000000   Number         0  buttons.o ABSOLUTE
    buttons.c                                0x00000000   Number         0  buttons.o ABSOLUTE
    dc.s                                     0x00000000   Number         0  dc.o ABSOLUTE
    mpu_control.c                            0x00000000   Number         0  mpu_control.o ABSOLUTE
    mpu_control.c                            0x00000000   Number         0  mpu_control.o ABSOLUTE
    timer.c                                  0x00000000   Number         0  timer.o ABSOLUTE
    timer.c                                  0x00000000   Number         0  timer.o ABSOLUTE
    uart_control.c                           0x00000000   Number         0  uart_control.o ABSOLUTE
    uart_control.c                           0x00000000   Number         0  uart_control.o ABSOLUTE
    RESET                                    0x08000000   Section      392  startup_stm32f373xc.o(RESET)
    !!!main                                  0x08000188   Section        8  __main.o(!!!main)
    !!!scatter                               0x08000190   Section       52  __scatter.o(!!!scatter)
    !!handler_copy                           0x080001c4   Section       26  __scatter_copy.o(!!handler_copy)
    !!handler_zi                             0x080001e0   Section       28  __scatter_zi.o(!!handler_zi)
    .ARM.Collect$$libinit$$00000000          0x080001fc   Section        2  libinit.o(.ARM.Collect$$libinit$$00000000)
    .ARM.Collect$$libinit$$00000001          0x080001fe   Section        4  libinit2.o(.ARM.Collect$$libinit$$00000001)
    .ARM.Collect$$libinit$$00000004          0x08000202   Section        0  libinit2.o(.ARM.Collect$$libinit$$00000004)
    .ARM.Collect$$libinit$$00000005          0x08000202   Section        8  libinit2.o(.ARM.Collect$$libinit$$00000005)
    .ARM.Collect$$libinit$$0000000A          0x0800020a   Section        0  libinit2.o(.ARM.Collect$$libinit$$0000000A)
    .ARM.Collect$$libinit$$0000000C          0x0800020a   Section        0  libinit2.o(.ARM.Collect$$libinit$$0000000C)
    .ARM.Collect$$libinit$$0000000E          0x0800020a   Section        0  libinit2.o(.ARM.Collect$$libinit$$0000000E)
    .ARM.Collect$$libinit$$00000011          0x0800020a   Section        0  libinit2.o(.ARM.Collect$$libinit$$00000011)
    .ARM.Collect$$libinit$$00000013          0x0800020a   Section        0  libinit2.o(.ARM.Collect$$libinit$$00000013)
    .ARM.Collect$$libinit$$00000015          0x0800020a   Section        0  libinit2.o(.ARM.Collect$$libinit$$00000015)
    .ARM.Collect$$libinit$$00000017          0x0800020a   Section        0  libinit2.o(.ARM.Collect$$libinit$$00000017)
    .ARM.Collect$$libinit$$00000019          0x0800020a   Section        0  libinit2.o(.ARM.Collect$$libinit$$00000019)
    .ARM.Collect$$libinit$$0000001B          0x0800020a   Section        0  libinit2.o(.ARM.Collect$$libinit$$0000001B)
    .ARM.Collect$$libinit$$0000001D          0x0800020a   Section        0  libinit2.o(.ARM.Collect$$libinit$$0000001D)
    .ARM.Collect$$libinit$$0000001F          0x0800020a   Section        0  libinit2.o(.ARM.Collect$$libinit$$0000001F)
    .ARM.Collect$$libinit$$00000021          0x0800020a   Section        0  libinit2.o(.ARM.Collect$$libinit$$00000021)
    .ARM.Collect$$libinit$$00000023          0x0800020a   Section        0  libinit2.o(.ARM.Collect$$libinit$$00000023)
    .ARM.Collect$$libinit$$00000025          0x0800020a   Section        0  libinit2.o(.ARM.Collect$$libinit$$00000025)
    .ARM.Collect$$libinit$$0000002C          0x0800020a   Section        0  libinit2.o(.ARM.Collect$$libinit$$0000002C)
    .ARM.Collect$$libinit$$0000002E          0x0800020a   Section        0  libinit2.o(.ARM.Collect$$libinit$$0000002E)
    .ARM.Collect$$libinit$$00000030          0x0800020a   Section        0  libinit2.o(.ARM.Collect$$libinit$$00000030)
    .ARM.Collect$$libinit$$00000032          0x0800020a   Section        0  libinit2.o(.ARM.Collect$$libinit$$00000032)
    .ARM.Collect$$libinit$$00000033          0x0800020a   Section        2  libinit2.o(.ARM.Collect$$libinit$$00000033)
    .ARM.Collect$$libshutdown$$00000000      0x0800020c   Section        2  libshutdown.o(.ARM.Collect$$libshutdown$$00000000)
    .ARM.Collect$$libshutdown$$00000003      0x0800020e   Section        0  libshutdown2.o(.ARM.Collect$$libshutdown$$00000003)
    .ARM.Collect$$libshutdown$$00000006      0x0800020e   Section        0  libshutdown2.o(.ARM.Collect$$libshutdown$$00000006)
    .ARM.Collect$$libshutdown$$00000009      0x0800020e   Section        0  libshutdown2.o(.ARM.Collect$$libshutdown$$00000009)
    .ARM.Collect$$libshutdown$$0000000B      0x0800020e   Section        0  libshutdown2.o(.ARM.Collect$$libshutdown$$0000000B)
    .ARM.Collect$$libshutdown$$0000000E      0x0800020e   Section        0  libshutdown2.o(.ARM.Collect$$libshutdown$$0000000E)
    .ARM.Collect$$libshutdown$$0000000F      0x0800020e   Section        2  libshutdown2.o(.ARM.Collect$$libshutdown$$0000000F)
    .ARM.Collect$$rtentry$$00000000          0x08000210   Section        0  __rtentry.o(.ARM.Collect$$rtentry$$00000000)
    .ARM.Collect$$rtentry$$00000002          0x08000210   Section        0  __rtentry2.o(.ARM.Collect$$rtentry$$00000002)
    .ARM.Collect$$rtentry$$00000004          0x08000210   Section        6  __rtentry4.o(.ARM.Collect$$rtentry$$00000004)
    .ARM.Collect$$rtentry$$00000009          0x08000216   Section        0  __rtentry2.o(.ARM.Collect$$rtentry$$00000009)
    .ARM.Collect$$rtentry$$0000000A          0x08000216   Section        4  __rtentry2.o(.ARM.Collect$$rtentry$$0000000A)
    .ARM.Collect$$rtentry$$0000000C          0x0800021a   Section        0  __rtentry2.o(.ARM.Collect$$rtentry$$0000000C)
    .ARM.Collect$$rtentry$$0000000D          0x0800021a   Section        8  __rtentry2.o(.ARM.Collect$$rtentry$$0000000D)
    .ARM.Collect$$rtexit$$00000000           0x08000222   Section        2  rtexit.o(.ARM.Collect$$rtexit$$00000000)
    .ARM.Collect$$rtexit$$00000002           0x08000224   Section        0  rtexit2.o(.ARM.Collect$$rtexit$$00000002)
    .ARM.Collect$$rtexit$$00000003           0x08000224   Section        4  rtexit2.o(.ARM.Collect$$rtexit$$00000003)
    .ARM.Collect$$rtexit$$00000004           0x08000228   Section        6  rtexit2.o(.ARM.Collect$$rtexit$$00000004)
    .emb_text                                0x08000230   Section        0  maybetermalloc1.o(.emb_text)
    .text                                    0x08000230   Section       72  startup_stm32f373xc.o(.text)
    $v0                                      0x08000230   Number         0  startup_stm32f373xc.o(.text)
    .text                                    0x08000278   Section        0  h1_alloc.o(.text)
    .text                                    0x080002d6   Section        0  h1_free.o(.text)
    .text                                    0x08000324   Section        0  strlen.o(.text)
    .text                                    0x08000362   Section        0  heapauxi.o(.text)
    .text                                    0x08000368   Section        8  rt_heap_descriptor_intlibspace.o(.text)
    .text                                    0x08000370   Section        0  hguard.o(.text)
    .text                                    0x08000374   Section        0  init_alloc.o(.text)
    .text                                    0x080003fe   Section        0  h1_init.o(.text)
    .text                                    0x0800040c   Section        8  libspace.o(.text)
    .text                                    0x08000414   Section        0  h1_extend.o(.text)
    .text                                    0x08000448   Section        0  defsig_rtmem_outer.o(.text)
    .text                                    0x08000456   Section        2  use_no_semi.o(.text)
    .text                                    0x08000458   Section       74  sys_stackheap_outer.o(.text)
    .text                                    0x08000458   Section        0  indicate_semi.o(.text)
    .text                                    0x080004a2   Section        0  exit.o(.text)
    .text                                    0x080004ae   Section        0  defsig_exit.o(.text)
    .text                                    0x080004b8   Section        0  defsig_rtmem_inner.o(.text)
    .text                                    0x08000508   Section        0  sys_exit.o(.text)
    .text                                    0x08000514   Section        0  defsig_general.o(.text)
    .text                                    0x08000546   Section        0  sys_wrch.o(.text)
    i.Delay                                  0x08000554   Section        0  i2c_control.o(i.Delay)
    i.EXTI9_5_IRQHandler                     0x0800056c   Section        0  mpu_control.o(i.EXTI9_5_IRQHandler)
    i.I2C1_EV_IRQHandler                     0x080005dc   Section        0  i2c_control.o(i.I2C1_EV_IRQHandler)
    i.I2C2_EV_IRQHandler                     0x08000638   Section        0  display.o(i.I2C2_EV_IRQHandler)
    i.I2C_GenerateSTART                      0x08000674   Section        0  i2c_control.o(i.I2C_GenerateSTART)
    i.NVIC_EnableIRQ                         0x0800068a   Section        0  main.o(i.NVIC_EnableIRQ)
    NVIC_EnableIRQ                           0x0800068b   Thumb Code    22  main.o(i.NVIC_EnableIRQ)
    i.SysTick_Handler                        0x080006a0   Section        0  i2c_control.o(i.SysTick_Handler)
    i.SystemCoreClockSetHSI                  0x080006b0   Section        0  main.o(i.SystemCoreClockSetHSI)
    i.SystemCoreClockUpdate                  0x08000754   Section        0  system_stm32f3xx.o(i.SystemCoreClockUpdate)
    i.SystemInit                             0x080007f4   Section        0  system_stm32f3xx.o(i.SystemInit)
    i.TIM15_IRQHandler                       0x08000870   Section        0  mpu_control.o(i.TIM15_IRQHandler)
    i.USART1_IRQHandler                      0x080008c0   Section        0  uart_control.o(i.USART1_IRQHandler)
    i.USART2_IRQHandler                      0x0800091c   Section        0  uart_control.o(i.USART2_IRQHandler)
    i.buttons_Init                           0x08000920   Section        0  buttons.o(i.buttons_Init)
    i.data_Packet_Ready                      0x08000a74   Section        0  mpu_control.o(i.data_Packet_Ready)
    i.deQueue                                0x08000abc   Section        0  queue.o(i.deQueue)
    i.display_Communicate                    0x08000afc   Section        0  display.o(i.display_Communicate)
    i.display_Init                           0x08000bac   Section        0  display.o(i.display_Init)
    i.display_Int                            0x08000d84   Section        0  display.o(i.display_Int)
    i.display_Motion_Data                    0x08000e08   Section        0  mpu_control.o(i.display_Motion_Data)
    i.display_Page                           0x08000eb8   Section        0  display.o(i.display_Page)
    i.display_Startup                        0x08000f18   Section        0  display.o(i.display_Startup)
    i.display_String                         0x08001184   Section        0  display.o(i.display_String)
    i.enQueue                                0x080011f0   Section        0  queue.o(i.enQueue)
    i.getKey                                 0x0800122c   Section        0  main.o(i.getKey)
    getKey                                   0x0800122d   Thumb Code    56  main.o(i.getKey)
    i.getState                               0x08001268   Section        0  main.o(i.getState)
    getState                                 0x08001269   Thumb Code    12  main.o(i.getState)
    i.get_Button                             0x08001278   Section        0  buttons.o(i.get_Button)
    i.get_Data_Packet                        0x080012c4   Section        0  mpu_control.o(i.get_Data_Packet)
    i.get_Single_Button                      0x080013a4   Section        0  buttons.o(i.get_Single_Button)
    i.initQueue                              0x08001420   Section        0  queue.o(i.initQueue)
    i.init_Timer                             0x08001448   Section        0  timer.o(i.init_Timer)
    i.main                                   0x080014b0   Section        0  main.o(i.main)
    i.mpu_readRegister                       0x08001670   Section        0  i2c_control.o(i.mpu_readRegister)
    i.mpu_writeRegister                      0x080016fc   Section        0  i2c_control.o(i.mpu_writeRegister)
    i.queue_isEmpty                          0x08001790   Section        0  queue.o(i.queue_isEmpty)
    i.queue_isFull                           0x0800179e   Section        0  queue.o(i.queue_isFull)
    i.resetState                             0x080017d0   Section        0  main.o(i.resetState)
    i.set_Measure_Channel                    0x08001868   Section        0  buttons.o(i.set_Measure_Channel)
    i.set_Sampling_Capacitor                 0x08001924   Section        0  buttons.o(i.set_Sampling_Capacitor)
    i.set_Threshold_Value                    0x080019e0   Section        0  buttons.o(i.set_Threshold_Value)
    i.start_Measuring                        0x08001a64   Section        0  mpu_control.o(i.start_Measuring)
    i.start_Timer                            0x08001af0   Section        0  timer.o(i.start_Timer)
    i.stop_Measuring                         0x08001b34   Section        0  mpu_control.o(i.stop_Measuring)
    i.stop_Timer                             0x08001bb8   Section        0  timer.o(i.stop_Timer)
    x$fpl$fpinit                             0x08001bd0   Section       10  fpinit.o(x$fpl$fpinit)
    $v0                                      0x08001bd0   Number         0  fpinit.o(x$fpl$fpinit)
    .constdata                               0x08001bda   Section       21  main.o(.constdata)
    state_Transition                         0x08001bda   Data          16  main.o(.constdata)
    keycodes                                 0x08001bea   Data           5  main.o(.constdata)
    .constdata                               0x08001bef   Section      784  display.o(.constdata)
    FONT_BITMAP                              0x08001bef   Data         784  display.o(.constdata)
    .constdata                               0x08001f00   Section       42  mpu_control.o(.constdata)
    .constdata                               0x08001f2a   Section        8  buttons.o(.constdata)
    .data                                    0x20000000   Section        5  display.o(.data)
    .data                                    0x20000008   Section       12  i2c_control.o(.data)
    .data                                    0x20000014   Section       18  mpu_control.o(.data)
    .data                                    0x20000028   Section        8  uart_control.o(.data)
    .data                                    0x20000030   Section        7  timer.o(.data)
    .data                                    0x20000038   Section        5  buttons.o(.data)
    .data                                    0x20000040   Section       20  system_stm32f3xx.o(.data)
    .bss                                     0x20000054   Section      384  display.o(.bss)
    .bss                                     0x200001d4   Section       96  libspace.o(.bss)
    HEAP                                     0x20000238   Section     2048  startup_stm32f373xc.o(HEAP)
    Heap_Mem                                 0x20000238   Data        2048  startup_stm32f373xc.o(HEAP)
    STACK                                    0x20000a38   Section     1024  startup_stm32f373xc.o(STACK)
    Stack_Mem                                0x20000a38   Data        1024  startup_stm32f373xc.o(STACK)
    __initial_sp                             0x20000e38   Data           0  startup_stm32f373xc.o(STACK)

    Global Symbols

    Symbol Name                              Value     Ov Type        Size  Object(Section)

    BuildAttributes$$THM_ISAv4$E$P$D$K$B$S$7EM$VFPi3$EXTD16$VFPS$VFMA$PE$A:L22UL41UL21$X:L11$S22US41US21$IEEE1$IW$USESV6$~STKCKD$USESV7$~SHL$OTIME$ROPI$EBA8$UX$STANDARDLIB$REQ8$PRES8$EABIv2 0x00000000   Number         0  anon$$obj.o ABSOLUTE
    __ARM_use_no_argv                        0x00000000   Number         0  main.o ABSOLUTE
    __ARM_exceptions_init                     - Undefined Weak Reference
    __alloca_initialize                       - Undefined Weak Reference
    __arm_preinit_                            - Undefined Weak Reference
    __cpp_initialize__aeabi_                  - Undefined Weak Reference
    __cxa_finalize                            - Undefined Weak Reference
    __rt_locale                               - Undefined Weak Reference
    __sigvec_lookup                           - Undefined Weak Reference
    __user_heap_extent                        - Undefined Weak Reference
    _atexit_init                              - Undefined Weak Reference
    _call_atexit_fns                          - Undefined Weak Reference
    _clock_init                               - Undefined Weak Reference
    _fp_trap_init                             - Undefined Weak Reference
    _fp_trap_shutdown                         - Undefined Weak Reference
    _get_lc_collate                           - Undefined Weak Reference
    _get_lc_ctype                             - Undefined Weak Reference
    _get_lc_monetary                          - Undefined Weak Reference
    _get_lc_numeric                           - Undefined Weak Reference
    _get_lc_time                              - Undefined Weak Reference
    _getenv_init                              - Undefined Weak Reference
    _handle_redirection                       - Undefined Weak Reference
    _initio                                   - Undefined Weak Reference
    _mutex_acquire                            - Undefined Weak Reference
    _mutex_free                               - Undefined Weak Reference
    _mutex_release                            - Undefined Weak Reference
    _rand_init                                - Undefined Weak Reference
    _signal_finish                            - Undefined Weak Reference
    _signal_init                              - Undefined Weak Reference
    _terminateio                              - Undefined Weak Reference
    __Vectors_Size                           0x00000188   Number         0  startup_stm32f373xc.o ABSOLUTE
    __Vectors                                0x08000000   Data           4  startup_stm32f373xc.o(RESET)
    __Vectors_End                            0x08000188   Data           0  startup_stm32f373xc.o(RESET)
    __main                                   0x08000189   Thumb Code     8  __main.o(!!!main)
    __scatterload                            0x08000191   Thumb Code     0  __scatter.o(!!!scatter)
    __scatterload_rt2                        0x08000191   Thumb Code    44  __scatter.o(!!!scatter)
    __scatterload_rt2_thumb_only             0x08000191   Thumb Code     0  __scatter.o(!!!scatter)
    __scatterload_null                       0x0800019f   Thumb Code     0  __scatter.o(!!!scatter)
    __scatterload_copy                       0x080001c5   Thumb Code    26  __scatter_copy.o(!!handler_copy)
    __scatterload_zeroinit                   0x080001e1   Thumb Code    28  __scatter_zi.o(!!handler_zi)
    __rt_lib_init                            0x080001fd   Thumb Code     0  libinit.o(.ARM.Collect$$libinit$$00000000)
    __rt_lib_init_fp_1                       0x080001ff   Thumb Code     0  libinit2.o(.ARM.Collect$$libinit$$00000001)
    __rt_lib_init_heap_2                     0x08000203   Thumb Code     0  libinit2.o(.ARM.Collect$$libinit$$00000005)
    __rt_lib_init_preinit_1                  0x08000203   Thumb Code     0  libinit2.o(.ARM.Collect$$libinit$$00000004)
    __rt_lib_init_alloca_1                   0x0800020b   Thumb Code     0  libinit2.o(.ARM.Collect$$libinit$$0000002E)
    __rt_lib_init_argv_1                     0x0800020b   Thumb Code     0  libinit2.o(.ARM.Collect$$libinit$$0000002C)
    __rt_lib_init_atexit_1                   0x0800020b   Thumb Code     0  libinit2.o(.ARM.Collect$$libinit$$0000001B)
    __rt_lib_init_clock_1                    0x0800020b   Thumb Code     0  libinit2.o(.ARM.Collect$$libinit$$00000021)
    __rt_lib_init_cpp_1                      0x0800020b   Thumb Code     0  libinit2.o(.ARM.Collect$$libinit$$00000032)
    __rt_lib_init_exceptions_1               0x0800020b   Thumb Code     0  libinit2.o(.ARM.Collect$$libinit$$00000030)
    __rt_lib_init_fp_trap_1                  0x0800020b   Thumb Code     0  libinit2.o(.ARM.Collect$$libinit$$0000001F)
    __rt_lib_init_getenv_1                   0x0800020b   Thumb Code     0  libinit2.o(.ARM.Collect$$libinit$$00000023)
    __rt_lib_init_heap_1                     0x0800020b   Thumb Code     0  libinit2.o(.ARM.Collect$$libinit$$0000000A)
    __rt_lib_init_lc_collate_1               0x0800020b   Thumb Code     0  libinit2.o(.ARM.Collect$$libinit$$00000011)
    __rt_lib_init_lc_ctype_1                 0x0800020b   Thumb Code     0  libinit2.o(.ARM.Collect$$libinit$$00000013)
    __rt_lib_init_lc_monetary_1              0x0800020b   Thumb Code     0  libinit2.o(.ARM.Collect$$libinit$$00000015)
    __rt_lib_init_lc_numeric_1               0x0800020b   Thumb Code     0  libinit2.o(.ARM.Collect$$libinit$$00000017)
    __rt_lib_init_lc_time_1                  0x0800020b   Thumb Code     0  libinit2.o(.ARM.Collect$$libinit$$00000019)
    __rt_lib_init_rand_1                     0x0800020b   Thumb Code     0  libinit2.o(.ARM.Collect$$libinit$$0000000E)
    __rt_lib_init_return                     0x0800020b   Thumb Code     0  libinit2.o(.ARM.Collect$$libinit$$00000033)
    __rt_lib_init_signal_1                   0x0800020b   Thumb Code     0  libinit2.o(.ARM.Collect$$libinit$$0000001D)
    __rt_lib_init_stdio_1                    0x0800020b   Thumb Code     0  libinit2.o(.ARM.Collect$$libinit$$00000025)
    __rt_lib_init_user_alloc_1               0x0800020b   Thumb Code     0  libinit2.o(.ARM.Collect$$libinit$$0000000C)
    __rt_lib_shutdown                        0x0800020d   Thumb Code     0  libshutdown.o(.ARM.Collect$$libshutdown$$00000000)
    __rt_lib_shutdown_fp_trap_1              0x0800020f   Thumb Code     0  libshutdown2.o(.ARM.Collect$$libshutdown$$00000006)
    __rt_lib_shutdown_heap_1                 0x0800020f   Thumb Code     0  libshutdown2.o(.ARM.Collect$$libshutdown$$0000000E)
    __rt_lib_shutdown_return                 0x0800020f   Thumb Code     0  libshutdown2.o(.ARM.Collect$$libshutdown$$0000000F)
    __rt_lib_shutdown_signal_1               0x0800020f   Thumb Code     0  libshutdown2.o(.ARM.Collect$$libshutdown$$00000009)
    __rt_lib_shutdown_stdio_1                0x0800020f   Thumb Code     0  libshutdown2.o(.ARM.Collect$$libshutdown$$00000003)
    __rt_lib_shutdown_user_alloc_1           0x0800020f   Thumb Code     0  libshutdown2.o(.ARM.Collect$$libshutdown$$0000000B)
    __rt_entry                               0x08000211   Thumb Code     0  __rtentry.o(.ARM.Collect$$rtentry$$00000000)
    __rt_entry_presh_1                       0x08000211   Thumb Code     0  __rtentry2.o(.ARM.Collect$$rtentry$$00000002)
    __rt_entry_sh                            0x08000211   Thumb Code     0  __rtentry4.o(.ARM.Collect$$rtentry$$00000004)
    __rt_entry_li                            0x08000217   Thumb Code     0  __rtentry2.o(.ARM.Collect$$rtentry$$0000000A)
    __rt_entry_postsh_1                      0x08000217   Thumb Code     0  __rtentry2.o(.ARM.Collect$$rtentry$$00000009)
    __rt_entry_main                          0x0800021b   Thumb Code     0  __rtentry2.o(.ARM.Collect$$rtentry$$0000000D)
    __rt_entry_postli_1                      0x0800021b   Thumb Code     0  __rtentry2.o(.ARM.Collect$$rtentry$$0000000C)
    __rt_exit                                0x08000223   Thumb Code     0  rtexit.o(.ARM.Collect$$rtexit$$00000000)
    __rt_exit_ls                             0x08000225   Thumb Code     0  rtexit2.o(.ARM.Collect$$rtexit$$00000003)
    __rt_exit_prels_1                        0x08000225   Thumb Code     0  rtexit2.o(.ARM.Collect$$rtexit$$00000002)
    __rt_exit_exit                           0x08000229   Thumb Code     0  rtexit2.o(.ARM.Collect$$rtexit$$00000004)
    Reset_Handler                            0x08000231   Thumb Code    12  startup_stm32f373xc.o(.text)
    _maybe_terminate_alloc                   0x08000231   Thumb Code     0  maybetermalloc1.o(.emb_text)
    NMI_Handler                              0x0800023d   Thumb Code     2  startup_stm32f373xc.o(.text)
    HardFault_Handler                        0x0800023f   Thumb Code     2  startup_stm32f373xc.o(.text)
    MemManage_Handler                        0x08000241   Thumb Code     2  startup_stm32f373xc.o(.text)
    BusFault_Handler                         0x08000243   Thumb Code     2  startup_stm32f373xc.o(.text)
    UsageFault_Handler                       0x08000245   Thumb Code     2  startup_stm32f373xc.o(.text)
    SVC_Handler                              0x08000247   Thumb Code     2  startup_stm32f373xc.o(.text)
    DebugMon_Handler                         0x08000249   Thumb Code     2  startup_stm32f373xc.o(.text)
    PendSV_Handler                           0x0800024b   Thumb Code     2  startup_stm32f373xc.o(.text)
    ADC1_IRQHandler                          0x0800024f   Thumb Code     0  startup_stm32f373xc.o(.text)
    CAN_RX0_IRQHandler                       0x0800024f   Thumb Code     0  startup_stm32f373xc.o(.text)
    CAN_RX1_IRQHandler                       0x0800024f   Thumb Code     0  startup_stm32f373xc.o(.text)
    CAN_SCE_IRQHandler                       0x0800024f   Thumb Code     0  startup_stm32f373xc.o(.text)
    CAN_TX_IRQHandler                        0x0800024f   Thumb Code     0  startup_stm32f373xc.o(.text)
    CEC_IRQHandler                           0x0800024f   Thumb Code     0  startup_stm32f373xc.o(.text)
    COMP1_2_IRQHandler                       0x0800024f   Thumb Code     0  startup_stm32f373xc.o(.text)
    DMA1_Channel1_IRQHandler                 0x0800024f   Thumb Code     0  startup_stm32f373xc.o(.text)
    DMA1_Channel2_IRQHandler                 0x0800024f   Thumb Code     0  startup_stm32f373xc.o(.text)
    DMA1_Channel3_IRQHandler                 0x0800024f   Thumb Code     0  startup_stm32f373xc.o(.text)
    DMA1_Channel4_IRQHandler                 0x0800024f   Thumb Code     0  startup_stm32f373xc.o(.text)
    DMA1_Channel5_IRQHandler                 0x0800024f   Thumb Code     0  startup_stm32f373xc.o(.text)
    DMA1_Channel6_IRQHandler                 0x0800024f   Thumb Code     0  startup_stm32f373xc.o(.text)
    DMA1_Channel7_IRQHandler                 0x0800024f   Thumb Code     0  startup_stm32f373xc.o(.text)
    DMA2_Channel1_IRQHandler                 0x0800024f   Thumb Code     0  startup_stm32f373xc.o(.text)
    DMA2_Channel2_IRQHandler                 0x0800024f   Thumb Code     0  startup_stm32f373xc.o(.text)
    DMA2_Channel3_IRQHandler                 0x0800024f   Thumb Code     0  startup_stm32f373xc.o(.text)
    DMA2_Channel4_IRQHandler                 0x0800024f   Thumb Code     0  startup_stm32f373xc.o(.text)
    DMA2_Channel5_IRQHandler                 0x0800024f   Thumb Code     0  startup_stm32f373xc.o(.text)
    EXTI0_IRQHandler                         0x0800024f   Thumb Code     0  startup_stm32f373xc.o(.text)
    EXTI15_10_IRQHandler                     0x0800024f   Thumb Code     0  startup_stm32f373xc.o(.text)
    EXTI1_IRQHandler                         0x0800024f   Thumb Code     0  startup_stm32f373xc.o(.text)
    EXTI2_TSC_IRQHandler                     0x0800024f   Thumb Code     0  startup_stm32f373xc.o(.text)
    EXTI3_IRQHandler                         0x0800024f   Thumb Code     0  startup_stm32f373xc.o(.text)
    EXTI4_IRQHandler                         0x0800024f   Thumb Code     0  startup_stm32f373xc.o(.text)
    FLASH_IRQHandler                         0x0800024f   Thumb Code     0  startup_stm32f373xc.o(.text)
    FPU_IRQHandler                           0x0800024f   Thumb Code     0  startup_stm32f373xc.o(.text)
    I2C1_ER_IRQHandler                       0x0800024f   Thumb Code     0  startup_stm32f373xc.o(.text)
    I2C2_ER_IRQHandler                       0x0800024f   Thumb Code     0  startup_stm32f373xc.o(.text)
    PVD_IRQHandler                           0x0800024f   Thumb Code     0  startup_stm32f373xc.o(.text)
    RCC_IRQHandler                           0x0800024f   Thumb Code     0  startup_stm32f373xc.o(.text)
    RTC_Alarm_IRQHandler                     0x0800024f   Thumb Code     0  startup_stm32f373xc.o(.text)
    RTC_WKUP_IRQHandler                      0x0800024f   Thumb Code     0  startup_stm32f373xc.o(.text)
    SDADC1_IRQHandler                        0x0800024f   Thumb Code     0  startup_stm32f373xc.o(.text)
    SDADC2_IRQHandler                        0x0800024f   Thumb Code     0  startup_stm32f373xc.o(.text)
    SDADC3_IRQHandler                        0x0800024f   Thumb Code     0  startup_stm32f373xc.o(.text)
    SPI1_IRQHandler                          0x0800024f   Thumb Code     0  startup_stm32f373xc.o(.text)
    SPI2_IRQHandler                          0x0800024f   Thumb Code     0  startup_stm32f373xc.o(.text)
    SPI3_IRQHandler                          0x0800024f   Thumb Code     0  startup_stm32f373xc.o(.text)
    TAMP_STAMP_IRQHandler                    0x0800024f   Thumb Code     0  startup_stm32f373xc.o(.text)
    TIM12_IRQHandler                         0x0800024f   Thumb Code     0  startup_stm32f373xc.o(.text)
    TIM13_IRQHandler                         0x0800024f   Thumb Code     0  startup_stm32f373xc.o(.text)
    TIM14_IRQHandler                         0x0800024f   Thumb Code     0  startup_stm32f373xc.o(.text)
    TIM16_IRQHandler                         0x0800024f   Thumb Code     0  startup_stm32f373xc.o(.text)
    TIM17_IRQHandler                         0x0800024f   Thumb Code     0  startup_stm32f373xc.o(.text)
    TIM18_DAC2_IRQHandler                    0x0800024f   Thumb Code     0  startup_stm32f373xc.o(.text)
    TIM19_IRQHandler                         0x0800024f   Thumb Code     0  startup_stm32f373xc.o(.text)
    TIM2_IRQHandler                          0x0800024f   Thumb Code     0  startup_stm32f373xc.o(.text)
    TIM3_IRQHandler                          0x0800024f   Thumb Code     0  startup_stm32f373xc.o(.text)
    TIM4_IRQHandler                          0x0800024f   Thumb Code     0  startup_stm32f373xc.o(.text)
    TIM5_IRQHandler                          0x0800024f   Thumb Code     0  startup_stm32f373xc.o(.text)
    TIM6_DAC1_IRQHandler                     0x0800024f   Thumb Code     0  startup_stm32f373xc.o(.text)
    TIM7_IRQHandler                          0x0800024f   Thumb Code     0  startup_stm32f373xc.o(.text)
    USART3_IRQHandler                        0x0800024f   Thumb Code     0  startup_stm32f373xc.o(.text)
    USBWakeUp_IRQHandler                     0x0800024f   Thumb Code     0  startup_stm32f373xc.o(.text)
    USB_HP_IRQHandler                        0x0800024f   Thumb Code     0  startup_stm32f373xc.o(.text)
    USB_LP_IRQHandler                        0x0800024f   Thumb Code     0  startup_stm32f373xc.o(.text)
    WWDG_IRQHandler                          0x0800024f   Thumb Code     0  startup_stm32f373xc.o(.text)
    __user_initial_stackheap                 0x08000251   Thumb Code     0  startup_stm32f373xc.o(.text)
    malloc                                   0x08000279   Thumb Code    94  h1_alloc.o(.text)
    free                                     0x080002d7   Thumb Code    78  h1_free.o(.text)
    strlen                                   0x08000325   Thumb Code    62  strlen.o(.text)
    __use_two_region_memory                  0x08000363   Thumb Code     2  heapauxi.o(.text)
    __rt_heap_escrow                         0x08000365   Thumb Code     2  heapauxi.o(.text)
    __rt_heap_expand                         0x08000367   Thumb Code     2  heapauxi.o(.text)
    __rt_heap_descriptor                     0x08000369   Thumb Code     8  rt_heap_descriptor_intlibspace.o(.text)
    __use_no_heap                            0x08000371   Thumb Code     2  hguard.o(.text)
    __heap$guard                             0x08000373   Thumb Code     2  hguard.o(.text)
    _terminate_user_alloc                    0x08000375   Thumb Code     2  init_alloc.o(.text)
    _init_user_alloc                         0x08000377   Thumb Code     2  init_alloc.o(.text)
    __Heap_Full                              0x08000379   Thumb Code    34  init_alloc.o(.text)
    __Heap_Broken                            0x0800039b   Thumb Code     6  init_alloc.o(.text)
    _init_alloc                              0x080003a1   Thumb Code    94  init_alloc.o(.text)
    __Heap_Initialize                        0x080003ff   Thumb Code    10  h1_init.o(.text)
    __Heap_DescSize                          0x08000409   Thumb Code     4  h1_init.o(.text)
    __user_libspace                          0x0800040d   Thumb Code     8  libspace.o(.text)
    __user_perproc_libspace                  0x0800040d   Thumb Code     0  libspace.o(.text)
    __user_perthread_libspace                0x0800040d   Thumb Code     0  libspace.o(.text)
    __Heap_ProvideMemory                     0x08000415   Thumb Code    52  h1_extend.o(.text)
    __rt_SIGRTMEM                            0x08000449   Thumb Code    14  defsig_rtmem_outer.o(.text)
    __I$use$semihosting                      0x08000457   Thumb Code     0  use_no_semi.o(.text)
    __use_no_semihosting_swi                 0x08000457   Thumb Code     2  use_no_semi.o(.text)
    __semihosting_library_function           0x08000459   Thumb Code     0  indicate_semi.o(.text)
    __user_setup_stackheap                   0x08000459   Thumb Code    74  sys_stackheap_outer.o(.text)
    exit                                     0x080004a3   Thumb Code    12  exit.o(.text)
    __sig_exit                               0x080004af   Thumb Code    10  defsig_exit.o(.text)
    __rt_SIGRTMEM_inner                      0x080004b9   Thumb Code    22  defsig_rtmem_inner.o(.text)
    _sys_exit                                0x08000509   Thumb Code     8  sys_exit.o(.text)
    __default_signal_display                 0x08000515   Thumb Code    50  defsig_general.o(.text)
    _ttywrch                                 0x08000547   Thumb Code    14  sys_wrch.o(.text)
    Delay                                    0x08000555   Thumb Code    20  i2c_control.o(i.Delay)
    EXTI9_5_IRQHandler                       0x0800056d   Thumb Code    92  mpu_control.o(i.EXTI9_5_IRQHandler)
    I2C1_EV_IRQHandler                       0x080005dd   Thumb Code    80  i2c_control.o(i.I2C1_EV_IRQHandler)
    I2C2_EV_IRQHandler                       0x08000639   Thumb Code    52  display.o(i.I2C2_EV_IRQHandler)
    I2C_GenerateSTART                        0x08000675   Thumb Code    22  i2c_control.o(i.I2C_GenerateSTART)
    SysTick_Handler                          0x080006a1   Thumb Code    12  i2c_control.o(i.SysTick_Handler)
    SystemCoreClockSetHSI                    0x080006b1   Thumb Code   158  main.o(i.SystemCoreClockSetHSI)
    SystemCoreClockUpdate                    0x08000755   Thumb Code   138  system_stm32f3xx.o(i.SystemCoreClockUpdate)
    SystemInit                               0x080007f5   Thumb Code   104  system_stm32f3xx.o(i.SystemInit)
    TIM15_IRQHandler                         0x08000871   Thumb Code    62  mpu_control.o(i.TIM15_IRQHandler)
    USART1_IRQHandler                        0x080008c1   Thumb Code    80  uart_control.o(i.USART1_IRQHandler)
    USART2_IRQHandler                        0x0800091d   Thumb Code     2  uart_control.o(i.USART2_IRQHandler)
    buttons_Init                             0x08000921   Thumb Code   318  buttons.o(i.buttons_Init)
    data_Packet_Ready                        0x08000a75   Thumb Code    58  mpu_control.o(i.data_Packet_Ready)
    deQueue                                  0x08000abd   Thumb Code    62  queue.o(i.deQueue)
    display_Communicate                      0x08000afd   Thumb Code   162  display.o(i.display_Communicate)
    display_Init                             0x08000bad   Thumb Code   452  display.o(i.display_Init)
    display_Int                              0x08000d85   Thumb Code   120  display.o(i.display_Int)
    display_Motion_Data                      0x08000e09   Thumb Code   150  mpu_control.o(i.display_Motion_Data)
    display_Page                             0x08000eb9   Thumb Code    82  display.o(i.display_Page)
    display_Startup                          0x08000f19   Thumb Code   602  display.o(i.display_Startup)
    display_String                           0x08001185   Thumb Code    98  display.o(i.display_String)
    enQueue                                  0x080011f1   Thumb Code    58  queue.o(i.enQueue)
    get_Button                               0x08001279   Thumb Code    66  buttons.o(i.get_Button)
    get_Data_Packet                          0x080012c5   Thumb Code   214  mpu_control.o(i.get_Data_Packet)
    get_Single_Button                        0x080013a5   Thumb Code   110  buttons.o(i.get_Single_Button)
    initQueue                                0x08001421   Thumb Code    40  queue.o(i.initQueue)
    init_Timer                               0x08001449   Thumb Code    84  timer.o(i.init_Timer)
    main                                     0x080014b1   Thumb Code   396  main.o(i.main)
    mpu_readRegister                         0x08001671   Thumb Code   128  i2c_control.o(i.mpu_readRegister)
    mpu_writeRegister                        0x080016fd   Thumb Code   136  i2c_control.o(i.mpu_writeRegister)
    queue_isEmpty                            0x08001791   Thumb Code    14  queue.o(i.queue_isEmpty)
    queue_isFull                             0x0800179f   Thumb Code    48  queue.o(i.queue_isFull)
    resetState                               0x080017d1   Thumb Code   132  main.o(i.resetState)
    set_Measure_Channel                      0x08001869   Thumb Code   178  buttons.o(i.set_Measure_Channel)
    set_Sampling_Capacitor                   0x08001925   Thumb Code   178  buttons.o(i.set_Sampling_Capacitor)
    set_Threshold_Value                      0x080019e1   Thumb Code   120  buttons.o(i.set_Threshold_Value)
    start_Measuring                          0x08001a65   Thumb Code   126  mpu_control.o(i.start_Measuring)
    start_Timer                              0x08001af1   Thumb Code    56  timer.o(i.start_Timer)
    stop_Measuring                           0x08001b35   Thumb Code   120  mpu_control.o(i.stop_Measuring)
    stop_Timer                               0x08001bb9   Thumb Code    14  timer.o(i.stop_Timer)
    _fp_init                                 0x08001bd1   Thumb Code    10  fpinit.o(x$fpl$fpinit)
    __fplib_config_fpu_vfp                   0x08001bd9   Thumb Code     0  fpinit.o(x$fpl$fpinit)
    __fplib_config_pureend_doubles           0x08001bd9   Thumb Code     0  fpinit.o(x$fpl$fpinit)
    reg                                      0x08001f00   Data          30  mpu_control.o(.constdata)
    hw                                       0x08001f1e   Data          12  mpu_control.o(.constdata)
    buttons                                  0x08001f2a   Data           4  buttons.o(.constdata)
    channel_button                           0x08001f2e   Data           4  buttons.o(.constdata)
    Region$$Table$$Base                      0x08001f34   Number         0  anon$$obj.o(Region$$Table)
    Region$$Table$$Limit                     0x08001f54   Number         0  anon$$obj.o(Region$$Table)
    displayQueue                             0x20000000   Data           4  display.o(.data)
    current_display_page                     0x20000004   Data           1  display.o(.data)
    mpuRxQueue                               0x20000008   Data           4  i2c_control.o(.data)
    mpuTxQueue                               0x2000000c   Data           4  i2c_control.o(.data)
    msTicks                                  0x20000010   Data           4  i2c_control.o(.data)
    mpu_regs                                 0x20000014   Data           4  mpu_control.o(.data)
    new_mpu_data                             0x20000018   Data           1  mpu_control.o(.data)
    num_data_interrupts                      0x2000001c   Data           4  mpu_control.o(.data)
    average_data                             0x20000020   Data           4  mpu_control.o(.data)
    is_initialized                           0x20000024   Data           1  mpu_control.o(.data)
    data_packet_size                         0x20000025   Data           1  mpu_control.o(.data)
    Usart1_RxQueue                           0x20000028   Data           4  uart_control.o(.data)
    Usart1_TxQueue                           0x2000002c   Data           4  uart_control.o(.data)
    dutyCycleCount                           0x20000030   Data           2  timer.o(.data)
    disableTimerFlag                         0x20000032   Data           2  timer.o(.data)
    timer_Active                             0x20000034   Data           2  timer.o(.data)
    finished_Flag                            0x20000036   Data           1  timer.o(.data)
    no_press_threshold                       0x20000038   Data           4  buttons.o(.data)
    last_button                              0x2000003c   Data           1  buttons.o(.data)
    SystemCoreClock                          0x20000040   Data           4  system_stm32f3xx.o(.data)
    AHBPrescTable                            0x20000044   Data          16  system_stm32f3xx.o(.data)
    display                                  0x20000054   Data         384  display.o(.bss)
    __libspace_start                         0x200001d4   Data          96  libspace.o(.bss)
    __temporary_stack_top$libspace           0x20000234   Data           0  libspace.o(.bss)



==============================================================================

Memory Map of the image

  Image Entry point : 0x08000189

  Load Region LR_IROM1 (Base: 0x08000000, Size: 0x00001fa8, Max: 0x00020000, ABSOLUTE)

    Execution Region ER_IROM1 (Base: 0x08000000, Size: 0x00001f54, Max: 0x00020000, ABSOLUTE)

    Base Addr    Size         Type   Attr      Idx    E Section Name        Object

    0x08000000   0x00000188   Data   RO          739    RESET               startup_stm32f373xc.o
    0x08000188   0x00000008   Code   RO          848  * !!!main             c_w.l(__main.o)
    0x08000190   0x00000034   Code   RO         1050    !!!scatter          c_w.l(__scatter.o)
    0x080001c4   0x0000001a   Code   RO         1052    !!handler_copy      c_w.l(__scatter_copy.o)
    0x080001de   0x00000002   PAD
    0x080001e0   0x0000001c   Code   RO         1054    !!handler_zi        c_w.l(__scatter_zi.o)
    0x080001fc   0x00000002   Code   RO          990    .ARM.Collect$$libinit$$00000000  c_w.l(libinit.o)
    0x080001fe   0x00000004   Code   RO          882    .ARM.Collect$$libinit$$00000001  c_w.l(libinit2.o)
    0x08000202   0x00000000   Code   RO          885    .ARM.Collect$$libinit$$00000004  c_w.l(libinit2.o)
    0x08000202   0x00000008   Code   RO          886    .ARM.Collect$$libinit$$00000005  c_w.l(libinit2.o)
    0x0800020a   0x00000000   Code   RO          888    .ARM.Collect$$libinit$$0000000A  c_w.l(libinit2.o)
    0x0800020a   0x00000000   Code   RO          890    .ARM.Collect$$libinit$$0000000C  c_w.l(libinit2.o)
    0x0800020a   0x00000000   Code   RO          892    .ARM.Collect$$libinit$$0000000E  c_w.l(libinit2.o)
    0x0800020a   0x00000000   Code   RO          895    .ARM.Collect$$libinit$$00000011  c_w.l(libinit2.o)
    0x0800020a   0x00000000   Code   RO          897    .ARM.Collect$$libinit$$00000013  c_w.l(libinit2.o)
    0x0800020a   0x00000000   Code   RO          899    .ARM.Collect$$libinit$$00000015  c_w.l(libinit2.o)
    0x0800020a   0x00000000   Code   RO          901    .ARM.Collect$$libinit$$00000017  c_w.l(libinit2.o)
    0x0800020a   0x00000000   Code   RO          903    .ARM.Collect$$libinit$$00000019  c_w.l(libinit2.o)
    0x0800020a   0x00000000   Code   RO          905    .ARM.Collect$$libinit$$0000001B  c_w.l(libinit2.o)
    0x0800020a   0x00000000   Code   RO          907    .ARM.Collect$$libinit$$0000001D  c_w.l(libinit2.o)
    0x0800020a   0x00000000   Code   RO          909    .ARM.Collect$$libinit$$0000001F  c_w.l(libinit2.o)
    0x0800020a   0x00000000   Code   RO          911    .ARM.Collect$$libinit$$00000021  c_w.l(libinit2.o)
    0x0800020a   0x00000000   Code   RO          913    .ARM.Collect$$libinit$$00000023  c_w.l(libinit2.o)
    0x0800020a   0x00000000   Code   RO          915    .ARM.Collect$$libinit$$00000025  c_w.l(libinit2.o)
    0x0800020a   0x00000000   Code   RO          919    .ARM.Collect$$libinit$$0000002C  c_w.l(libinit2.o)
    0x0800020a   0x00000000   Code   RO          921    .ARM.Collect$$libinit$$0000002E  c_w.l(libinit2.o)
    0x0800020a   0x00000000   Code   RO          923    .ARM.Collect$$libinit$$00000030  c_w.l(libinit2.o)
    0x0800020a   0x00000000   Code   RO          925    .ARM.Collect$$libinit$$00000032  c_w.l(libinit2.o)
    0x0800020a   0x00000002   Code   RO          926    .ARM.Collect$$libinit$$00000033  c_w.l(libinit2.o)
    0x0800020c   0x00000002   Code   RO         1047    .ARM.Collect$$libshutdown$$00000000  c_w.l(libshutdown.o)
    0x0800020e   0x00000000   Code   RO         1005    .ARM.Collect$$libshutdown$$00000003  c_w.l(libshutdown2.o)
    0x0800020e   0x00000000   Code   RO         1008    .ARM.Collect$$libshutdown$$00000006  c_w.l(libshutdown2.o)
    0x0800020e   0x00000000   Code   RO         1011    .ARM.Collect$$libshutdown$$00000009  c_w.l(libshutdown2.o)
    0x0800020e   0x00000000   Code   RO         1013    .ARM.Collect$$libshutdown$$0000000B  c_w.l(libshutdown2.o)
    0x0800020e   0x00000000   Code   RO         1016    .ARM.Collect$$libshutdown$$0000000E  c_w.l(libshutdown2.o)
    0x0800020e   0x00000002   Code   RO         1017    .ARM.Collect$$libshutdown$$0000000F  c_w.l(libshutdown2.o)
    0x08000210   0x00000000   Code   RO          852    .ARM.Collect$$rtentry$$00000000  c_w.l(__rtentry.o)
    0x08000210   0x00000000   Code   RO          933    .ARM.Collect$$rtentry$$00000002  c_w.l(__rtentry2.o)
    0x08000210   0x00000006   Code   RO          945    .ARM.Collect$$rtentry$$00000004  c_w.l(__rtentry4.o)
    0x08000216   0x00000000   Code   RO          935    .ARM.Collect$$rtentry$$00000009  c_w.l(__rtentry2.o)
    0x08000216   0x00000004   Code   RO          936    .ARM.Collect$$rtentry$$0000000A  c_w.l(__rtentry2.o)
    0x0800021a   0x00000000   Code   RO          938    .ARM.Collect$$rtentry$$0000000C  c_w.l(__rtentry2.o)
    0x0800021a   0x00000008   Code   RO          939    .ARM.Collect$$rtentry$$0000000D  c_w.l(__rtentry2.o)
    0x08000222   0x00000002   Code   RO          993    .ARM.Collect$$rtexit$$00000000  c_w.l(rtexit.o)
    0x08000224   0x00000000   Code   RO         1021    .ARM.Collect$$rtexit$$00000002  c_w.l(rtexit2.o)
    0x08000224   0x00000004   Code   RO         1022    .ARM.Collect$$rtexit$$00000003  c_w.l(rtexit2.o)
    0x08000228   0x00000006   Code   RO         1023    .ARM.Collect$$rtexit$$00000004  c_w.l(rtexit2.o)
    0x0800022e   0x00000002   PAD
    0x08000230   0x00000000   Code   RO          949    .emb_text           c_w.l(maybetermalloc1.o)
    0x08000230   0x00000048   Code   RO          740    .text               startup_stm32f373xc.o
    0x08000278   0x0000005e   Code   RO          786    .text               c_w.l(h1_alloc.o)
    0x080002d6   0x0000004e   Code   RO          788    .text               c_w.l(h1_free.o)
    0x08000324   0x0000003e   Code   RO          844    .text               c_w.l(strlen.o)
    0x08000362   0x00000006   Code   RO          846    .text               c_w.l(heapauxi.o)
    0x08000368   0x00000008   Code   RO          856    .text               c_w.l(rt_heap_descriptor_intlibspace.o)
    0x08000370   0x00000004   Code   RO          858    .text               c_w.l(hguard.o)
    0x08000374   0x0000008a   Code   RO          860    .text               c_w.l(init_alloc.o)
    0x080003fe   0x0000000e   Code   RO          864    .text               c_w.l(h1_init.o)
    0x0800040c   0x00000008   Code   RO          929    .text               c_w.l(libspace.o)
    0x08000414   0x00000034   Code   RO          951    .text               c_w.l(h1_extend.o)
    0x08000448   0x0000000e   Code   RO          955    .text               c_w.l(defsig_rtmem_outer.o)
    0x08000456   0x00000002   Code   RO          966    .text               c_w.l(use_no_semi.o)
    0x08000458   0x00000000   Code   RO          968    .text               c_w.l(indicate_semi.o)
    0x08000458   0x0000004a   Code   RO          969    .text               c_w.l(sys_stackheap_outer.o)
    0x080004a2   0x0000000c   Code   RO          975    .text               c_w.l(exit.o)
    0x080004ae   0x0000000a   Code   RO          977    .text               c_w.l(defsig_exit.o)
    0x080004b8   0x00000050   Code   RO          979    .text               c_w.l(defsig_rtmem_inner.o)
    0x08000508   0x0000000c   Code   RO          991    .text               c_w.l(sys_exit.o)
    0x08000514   0x00000032   Code   RO         1001    .text               c_w.l(defsig_general.o)
    0x08000546   0x0000000e   Code   RO         1018    .text               c_w.l(sys_wrch.o)
    0x08000554   0x00000018   Code   RO          223    i.Delay             i2c_control.o
    0x0800056c   0x00000070   Code   RO          340    i.EXTI9_5_IRQHandler  mpu_control.o
    0x080005dc   0x0000005c   Code   RO          224    i.I2C1_EV_IRQHandler  i2c_control.o
    0x08000638   0x0000003c   Code   RO          113    i.I2C2_EV_IRQHandler  display.o
    0x08000674   0x00000016   Code   RO          225    i.I2C_GenerateSTART  i2c_control.o
    0x0800068a   0x00000016   Code   RO            4    i.NVIC_EnableIRQ    main.o
    0x080006a0   0x00000010   Code   RO          227    i.SysTick_Handler   i2c_control.o
    0x080006b0   0x000000a4   Code   RO            5    i.SystemCoreClockSetHSI  main.o
    0x08000754   0x000000a0   Code   RO          747    i.SystemCoreClockUpdate  system_stm32f3xx.o
    0x080007f4   0x0000007c   Code   RO          748    i.SystemInit        system_stm32f3xx.o
    0x08000870   0x00000050   Code   RO          341    i.TIM15_IRQHandler  mpu_control.o
    0x080008c0   0x0000005c   Code   RO          579    i.USART1_IRQHandler  uart_control.o
    0x0800091c   0x00000002   Code   RO          580    i.USART2_IRQHandler  uart_control.o
    0x0800091e   0x00000002   PAD
    0x08000920   0x00000154   Code   RO          679    i.buttons_Init      buttons.o
    0x08000a74   0x00000048   Code   RO          344    i.data_Packet_Ready  mpu_control.o
    0x08000abc   0x0000003e   Code   RO          301    i.deQueue           queue.o
    0x08000afa   0x00000002   PAD
    0x08000afc   0x000000b0   Code   RO          114    i.display_Communicate  display.o
    0x08000bac   0x000001d8   Code   RO          116    i.display_Init      display.o
    0x08000d84   0x00000084   Code   RO          117    i.display_Int       display.o
    0x08000e08   0x000000b0   Code   RO          345    i.display_Motion_Data  mpu_control.o
    0x08000eb8   0x00000060   Code   RO          118    i.display_Page      display.o
    0x08000f18   0x0000026c   Code   RO          120    i.display_Startup   display.o
    0x08001184   0x0000006c   Code   RO          121    i.display_String    display.o
    0x080011f0   0x0000003a   Code   RO          302    i.enQueue           queue.o
    0x0800122a   0x00000002   PAD
    0x0800122c   0x0000003c   Code   RO            6    i.getKey            main.o
    0x08001268   0x00000010   Code   RO            7    i.getState          main.o
    0x08001278   0x0000004c   Code   RO          680    i.get_Button        buttons.o
    0x080012c4   0x000000e0   Code   RO          348    i.get_Data_Packet   mpu_control.o
    0x080013a4   0x0000007c   Code   RO          681    i.get_Single_Button  buttons.o
    0x08001420   0x00000028   Code   RO          303    i.initQueue         queue.o
    0x08001448   0x00000068   Code   RO          633    i.init_Timer        timer.o
    0x080014b0   0x000001c0   Code   RO            8    i.main              main.o
    0x08001670   0x0000008c   Code   RO          230    i.mpu_readRegister  i2c_control.o
    0x080016fc   0x00000094   Code   RO          231    i.mpu_writeRegister  i2c_control.o
    0x08001790   0x0000000e   Code   RO          304    i.queue_isEmpty     queue.o
    0x0800179e   0x00000030   Code   RO          305    i.queue_isFull      queue.o
    0x080017ce   0x00000002   PAD
    0x080017d0   0x00000098   Code   RO            9    i.resetState        main.o
    0x08001868   0x000000bc   Code   RO          682    i.set_Measure_Channel  buttons.o
    0x08001924   0x000000bc   Code   RO          683    i.set_Sampling_Capacitor  buttons.o
    0x080019e0   0x00000084   Code   RO          684    i.set_Threshold_Value  buttons.o
    0x08001a64   0x0000008c   Code   RO          353    i.start_Measuring   mpu_control.o
    0x08001af0   0x00000044   Code   RO          634    i.start_Timer       timer.o
    0x08001b34   0x00000084   Code   RO          354    i.stop_Measuring    mpu_control.o
    0x08001bb8   0x00000018   Code   RO          635    i.stop_Timer        timer.o
    0x08001bd0   0x0000000a   Code   RO          964    x$fpl$fpinit        fz_wm.l(fpinit.o)
    0x08001bda   0x00000015   Data   RO           10    .constdata          main.o
    0x08001bef   0x00000310   Data   RO          124    .constdata          display.o
    0x08001eff   0x00000001   PAD
    0x08001f00   0x0000002a   Data   RO          355    .constdata          mpu_control.o
    0x08001f2a   0x00000008   Data   RO          685    .constdata          buttons.o
    0x08001f32   0x00000002   PAD
    0x08001f34   0x00000020   Data   RO         1048    Region$$Table       anon$$obj.o


    Execution Region RW_IRAM1 (Base: 0x20000000, Size: 0x00000e38, Max: 0x00006000, ABSOLUTE)

    Base Addr    Size         Type   Attr      Idx    E Section Name        Object

    0x20000000   0x00000005   Data   RW          125    .data               display.o
    0x20000005   0x00000003   PAD
    0x20000008   0x0000000c   Data   RW          232    .data               i2c_control.o
    0x20000014   0x00000012   Data   RW          356    .data               mpu_control.o
    0x20000026   0x00000002   PAD
    0x20000028   0x00000008   Data   RW          584    .data               uart_control.o
    0x20000030   0x00000007   Data   RW          636    .data               timer.o
    0x20000037   0x00000001   PAD
    0x20000038   0x00000005   Data   RW          686    .data               buttons.o
    0x2000003d   0x00000003   PAD
    0x20000040   0x00000014   Data   RW          749    .data               system_stm32f3xx.o
    0x20000054   0x00000180   Zero   RW          123    .bss                display.o
    0x200001d4   0x00000060   Zero   RW          930    .bss                c_w.l(libspace.o)
    0x20000234   0x00000004   PAD
    0x20000238   0x00000800   Zero   RW          738    HEAP                startup_stm32f373xc.o
    0x20000a38   0x00000400   Zero   RW          737    STACK               startup_stm32f373xc.o


==============================================================================

Image component sizes


      Code (inc. data)   RO Data    RW Data    ZI Data      Debug   Object Name

      1048         78          8          5          0       4881   buttons.o
      1664         96        784          5        384       7670   display.o
       442         44          0         12          0       5850   i2c_control.o
       862         86         21          0          0     223374   main.o
       936        114         42         18          0       9025   mpu_control.o
       222          0          0          0          0       3239   queue.o
        72         30        392          0       3072        868   startup_stm32f373xc.o
       284         42          0         20          0       1981   system_stm32f3xx.o
       196         42          0          7          0      28496   timer.o
        94         12          0          8          0       2080   uart_control.o

    ----------------------------------------------------------------------
      5828        544       1282         84       3456     287464   Object Totals
         0          0         32          0          0          0   (incl. Generated)
         8          0          3          9          0          0   (incl. Padding)

    ----------------------------------------------------------------------

      Code (inc. data)   RO Data    RW Data    ZI Data      Debug   Library Member Name

         8          0          0          0          0         68   __main.o
         0          0          0          0          0          0   __rtentry.o
        12          0          0          0          0          0   __rtentry2.o
         6          0          0          0          0          0   __rtentry4.o
        52          8          0          0          0          0   __scatter.o
        26          0          0          0          0          0   __scatter_copy.o
        28          0          0          0          0          0   __scatter_zi.o
        10          0          0          0          0         68   defsig_exit.o
        50          0          0          0          0         88   defsig_general.o
        80         58          0          0          0         76   defsig_rtmem_inner.o
        14          0          0          0          0         80   defsig_rtmem_outer.o
        12          0          0          0          0         72   exit.o
        94          0          0          0          0         80   h1_alloc.o
        52          0          0          0          0         68   h1_extend.o
        78          0          0          0          0         80   h1_free.o
        14          0          0          0          0         84   h1_init.o
         6          0          0          0          0        152   heapauxi.o
         4          0          0          0          0        136   hguard.o
         0          0          0          0          0          0   indicate_semi.o
       138          0          0          0          0        168   init_alloc.o
         2          0          0          0          0          0   libinit.o
        14          0          0          0          0          0   libinit2.o
         2          0          0          0          0          0   libshutdown.o
         2          0          0          0          0          0   libshutdown2.o
         8          4          0          0         96         68   libspace.o
         0          0          0          0          0          0   maybetermalloc1.o
         8          4          0          0          0         68   rt_heap_descriptor_intlibspace.o
         2          0          0          0          0          0   rtexit.o
        10          0          0          0          0          0   rtexit2.o
        62          0          0          0          0         76   strlen.o
        12          4          0          0          0         68   sys_exit.o
        74          0          0          0          0         80   sys_stackheap_outer.o
        14          0          0          0          0         76   sys_wrch.o
         2          0          0          0          0         68   use_no_semi.o
        10          0          0          0          0        116   fpinit.o

    ----------------------------------------------------------------------
       910         78          0          0        100       1840   Library Totals
         4          0          0          0          4          0   (incl. Padding)

    ----------------------------------------------------------------------

      Code (inc. data)   RO Data    RW Data    ZI Data      Debug   Library Name

       896         78          0          0         96       1724   c_w.l
        10          0          0          0          0        116   fz_wm.l

    ----------------------------------------------------------------------
       910         78          0          0        100       1840   Library Totals

    ----------------------------------------------------------------------

==============================================================================


      Code (inc. data)   RO Data    RW Data    ZI Data      Debug   

      6738        622       1282         84       3556     284520   Grand Totals
      6738        622       1282         84       3556     284520   ELF Image Totals
      6738        622       1282         84          0          0   ROM Totals

==============================================================================

    Total RO  Size (Code + RO Data)                 8020 (   7.83kB)
    Total RW  Size (RW Data + ZI Data)              3640 (   3.55kB)
    Total ROM Size (Code + RO Data + RW Data)       8104 (   7.91kB)

==============================================================================

