Component: ARM Compiler 5.05 update 1 (build 106) Tool: armlink [4d0efa]

==============================================================================

Section Cross References

    main.o(i.getKey) refers to buttons.o(i.get_Button) for get_Button
    main.o(i.getKey) refers to main.o(.constdata) for keycodes
    main.o(i.main) refers to main.o(i.SystemCoreClockSetHSI) for SystemCoreClockSetHSI
    main.o(i.main) refers to system_stm32f3xx.o(i.SystemCoreClockUpdate) for SystemCoreClockUpdate
    main.o(i.main) refers to main.o(i.NVIC_EnableIRQ) for NVIC_EnableIRQ
    main.o(i.main) refers to buttons.o(i.buttons_Init) for buttons_Init
    main.o(i.main) refers to display.o(i.display_Init) for display_Init
    main.o(i.main) refers to display.o(i.display_Int) for display_Int
    main.o(i.main) refers to i2c_control.o(i.mpu_I2C_Init) for mpu_I2C_Init
    main.o(i.main) refers to mpu_control.o(i.mpu_init) for mpu_init
    main.o(i.main) refers to timer.o(i.init_Timer) for init_Timer
    main.o(i.main) refers to timer.o(i.start_Timer) for start_Timer
    main.o(i.main) refers to main.o(i.getKey) for getKey
    main.o(i.main) refers to mpu_control.o(i.data_Packet_Ready) for data_Packet_Ready
    main.o(i.main) refers to mpu_control.o(i.get_Data_Packet) for get_Data_Packet
    main.o(i.main) refers to timer.o(i.stop_Timer) for stop_Timer
    main.o(i.main) refers to system_stm32f3xx.o(.data) for SystemCoreClock
    main.o(i.main) refers to main.o(.constdata) for states
    main.o(i.main) refers to timer.o(.data) for finished_Flag
    cap_buttons.o(i.Button_Initialize) refers to queue.o(i.initQueue) for initQueue
    cap_buttons.o(i.Button_Initialize) refers to queue.o(i.enQueue) for enQueue
    cap_buttons.o(i.Button_Initialize) refers to queue.o(i.queue_isEmpty) for queue_isEmpty
    cap_buttons.o(i.Button_Initialize) refers to cap_buttons.o(i.get_Key) for get_Key
    cap_buttons.o(i.Button_Initialize) refers to cap_buttons.o(.data) for buttonQueue
    cap_buttons.o(i.Buttons_GetKey) refers to cap_buttons.o(.data) for keyStatus
    cap_buttons.o(i.Buttons_KeyAvailable) refers to cap_buttons.o(.data) for buttonAvailable
    cap_buttons.o(i.get_Key) refers to queue.o(i.enQueue) for enQueue
    cap_buttons.o(i.get_Key) refers to queue.o(i.queue_isEmpty) for queue_isEmpty
    cap_buttons.o(i.get_Key) refers to cap_buttons.o(.data) for buttonAvailable
    display.o(i.I2C2_EV_IRQHandler) refers to queue.o(i.deQueue) for deQueue
    display.o(i.I2C2_EV_IRQHandler) refers to display.o(.data) for displayQueue
    display.o(i.display_Init) refers to queue.o(i.initQueue) for initQueue
    display.o(i.display_Init) refers to i2c_control.o(i.Delay) for Delay
    display.o(i.display_Init) refers to queue.o(i.enQueue) for enQueue
    display.o(i.display_Init) refers to display.o(i.display_Communicate) for display_Communicate
    display.o(i.display_Init) refers to queue.o(i.queue_isEmpty) for queue_isEmpty
    display.o(i.display_Init) refers to display.o(.data) for displayQueue
    display.o(i.display_Int) refers to queue.o(i.enQueue) for enQueue
    display.o(i.display_Int) refers to display.o(i.display_Communicate) for display_Communicate
    display.o(i.display_Int) refers to display.o(.constdata) for FONT_BITMAP
    display.o(i.display_Int) refers to display.o(.bss) for display
    display.o(i.display_Int) refers to display.o(.data) for displayQueue
    display.o(i.display_Page) refers to queue.o(i.enQueue) for enQueue
    display.o(i.display_Page) refers to display.o(i.display_Communicate) for display_Communicate
    display.o(i.display_Page) refers to display.o(.data) for displayQueue
    display.o(i.display_Page) refers to display.o(.bss) for display
    display.o(i.setup_Draw) refers to queue.o(i.enQueue) for enQueue
    display.o(i.setup_Draw) refers to display.o(i.display_Communicate) for display_Communicate
    display.o(i.setup_Draw) refers to queue.o(i.queue_isEmpty) for queue_isEmpty
    display.o(i.setup_Draw) refers to display.o(.data) for displayQueue
    i2c_control.o(i.Delay) refers to i2c_control.o(.data) for msTicks
    i2c_control.o(i.I2C1_EV_IRQHandler) refers to queue.o(i.deQueue) for deQueue
    i2c_control.o(i.I2C1_EV_IRQHandler) refers to queue.o(i.enQueue) for enQueue
    i2c_control.o(i.I2C1_EV_IRQHandler) refers to i2c_control.o(.data) for mpuTxQueue
    i2c_control.o(i.SysTick_Handler) refers to i2c_control.o(.data) for msTicks
    i2c_control.o(i.mpu_I2C_Init) refers to h1_alloc.o(.text) for malloc
    i2c_control.o(i.mpu_I2C_Init) refers to i2c_control.o(i.I2C_Initialize) for I2C_Initialize
    i2c_control.o(i.mpu_I2C_Init) refers to queue.o(i.initQueue) for initQueue
    i2c_control.o(i.mpu_I2C_Init) refers to h1_free.o(.text) for free
    i2c_control.o(i.mpu_I2C_Init) refers to i2c_control.o(.data) for mpuRxQueue
    i2c_control.o(i.mpu_readRegister) refers to queue.o(i.enQueue) for enQueue
[...]
    buttons.o(i.buttons_Init) refers to timer.o(i.init_Timer) for init_Timer
    buttons.o(i.buttons_Init) refers to buttons.o(i.set_Threshold_Value) for set_Threshold_Value
    buttons.o(i.buttons_Init) refers to buttons.o(.constdata) for buttons
    buttons.o(i.buttons_Init) refers to buttons.o(.data) for last_button
    buttons.o(i.get_Button) refers to buttons.o(i.get_Single_Button) for get_Single_Button
    buttons.o(i.get_Button) refers to buttons.o(.constdata) for buttons
    buttons.o(i.get_Button) refers to buttons.o(.data) for last_button
    buttons.o(i.get_Single_Button) refers to buttons.o(i.set_Sampling_Capacitor) for set_Sampling_Capacitor
    buttons.o(i.get_Single_Button) refers to buttons.o(i.set_Measure_Channel) for set_Measure_Channel
    buttons.o(i.get_Single_Button) refers to buttons.o(.constdata) for channel_button
    buttons.o(i.get_Single_Button) refers to buttons.o(.data) for no_press_threshold
    buttons.o(i.set_Measure_Channel) refers to buttons.o(.constdata) for buttons
    buttons.o(i.set_Sampling_Capacitor) refers to buttons.o(.constdata) for buttons
    buttons.o(i.set_Threshold_Value) refers to buttons.o(i.set_Sampling_Capacitor) for set_Sampling_Capacitor
    buttons.o(i.set_Threshold_Value) refers to buttons.o(i.set_Measure_Channel) for set_Measure_Channel
    buttons.o(i.set_Threshold_Value) refers to buttons.o(.constdata) for channel_button
    buttons.o(i.set_Threshold_Value) refers to buttons.o(.data) for no_press_threshold
    startup_stm32f373xc.o(STACK) refers (Special) to heapauxi.o(.text) for __use_two_region_memory
    startup_stm32f373xc.o(HEAP) refers (Special) to heapauxi.o(.text) for __use_two_region_memory
    startup_stm32f373xc.o(RESET) refers (Special) to heapauxi.o(.text) for __use_two_region_memory
    startup_stm32f373xc.o(RESET) refers to startup_stm32f373xc.o(STACK) for __initial_sp
    startup_stm32f373xc.o(RESET) refers to startup_stm32f373xc.o(.text) for Reset_Handler
    startup_stm32f373xc.o(RESET) refers to i2c_control.o(i.SysTick_Handler) for SysTick_Handler
    startup_stm32f373xc.o(RESET) refers to mpu_control.o(i.EXTI9_5_IRQHandler) for EXTI9_5_IRQHandler
    startup_stm32f373xc.o(RESET) refers to timer.o(i.TIM15_IRQHandler) for TIM15_IRQHandler
    startup_stm32f373xc.o(RESET) refers to i2c_control.o(i.I2C1_EV_IRQHandler) for I2C1_EV_IRQHandler
    startup_stm32f373xc.o(RESET) refers to display.o(i.I2C2_EV_IRQHandler) for I2C2_EV_IRQHandler
    startup_stm32f373xc.o(RESET) refers to uart_control.o(i.USART1_IRQHandler) for USART1_IRQHandler
    startup_stm32f373xc.o(RESET) refers to uart_control.o(i.USART2_IRQHandler) for USART2_IRQHandler
    startup_stm32f373xc.o(.text) refers (Special) to heapauxi.o(.text) for __use_two_region_memory
    startup_stm32f373xc.o(.text) refers to system_stm32f3xx.o(i.SystemInit) for SystemInit
    startup_stm32f373xc.o(.text) refers to __main.o(!!!main) for __main
    startup_stm32f373xc.o(.text) refers to startup_stm32f373xc.o(HEAP) for Heap_Mem
    startup_stm32f373xc.o(.text) refers to startup_stm32f373xc.o(STACK) for Stack_Mem
    system_stm32f3xx.o(i.SystemCoreClockUpdate) refers to system_stm32f3xx.o(.data) for SystemCoreClock
    malloc.o(.text) refers (Special) to hguard.o(.text) for __heap$guard
    malloc.o(.text) refers (Special) to init_alloc.o(.text) for _init_alloc
    malloc.o(.text) refers to rt_heap_descriptor_intlibspace.o(.text) for __rt_heap_descriptor
    malloc.o(.text) refers to heapstubs.o(.text) for __Heap_Alloc
    free.o(.text) refers (Special) to hguard.o(.text) for __heap$guard
    free.o(.text) refers to rt_heap_descriptor_intlibspace.o(.text) for __rt_heap_descriptor
    free.o(.text) refers to heapstubs.o(.text) for __Heap_Free
    h1_alloc.o(.text) refers (Special) to h1_init.o(.text) for __Heap_Initialize
    h1_alloc.o(.text) refers to rt_heap_descriptor_intlibspace.o(.text) for __rt_heap_descriptor
    h1_alloc.o(.text) refers to init_alloc.o(.text) for __Heap_Full
    h1_free.o(.text) refers to rt_heap_descriptor_intlibspace.o(.text) for __rt_heap_descriptor
    h1_alloc_mt.o(.text) refers (Special) to h1_init.o(.text) for __Heap_Initialize
    h1_alloc_mt.o(.text) refers to init_alloc.o(.text) for __Heap_Full
    h1_alloc_mt.o(.text) refers to rt_heap_descriptor_intlibspace.o(.text) for __rt_heap_descriptor
    h1_free_mt.o(.text) refers to rt_heap_descriptor_intlibspace.o(.text) for __rt_heap_descriptor
    heap2.o(i._FDIterate) refers to heap2.o(.conststring) for .conststring
    heap2.o(i.___Heap_ProvideMemory$realtime) refers to fdtree.o(i._FDTree_Delete) for _FDTree_Delete
    heap2.o(i.___Heap_ProvideMemory$realtime) refers to fdtree.o(i._FDTree_Insert) for _FDTree_Insert
    heap2.o(i.___Heap_Stats$realtime) refers to heap2.o(i._Heap2_StatsIterate) for _Heap2_StatsIterate
    heap2.o(i.___Heap_Valid$realtime) refers to heap2.o(i._FDIterate) for _FDIterate
    heap2.o(i.___Heap_Valid$realtime) refers to heap2.o(.conststring) for .conststring
    heap2.o(i._free$realtime) refers to rt_heap_descriptor_intlibspace.o(.text) for __rt_heap_descriptor
    heap2.o(i._free$realtime) refers to fdtree.o(i._FDTree_Delete) for _FDTree_Delete
    heap2.o(i._free$realtime) refers to fdtree.o(i._FDTree_Insert) for _FDTree_Insert
    heap2.o(i._malloc$realtime) refers to rt_heap_descriptor_intlibspace.o(.text) for __rt_heap_descriptor
    heap2.o(i._malloc$realtime) refers to fdtree.o(i._FDTree_FindFirst) for _FDTree_FindFirst
    heap2.o(i._malloc$realtime) refers to init_alloc.o(.text) for __Heap_Full
    heap2.o(i._malloc$realtime) refers to fdtree.o(i._FDTree_RemoveNode) for _FDTree_RemoveNode
    heap2.o(i._malloc$realtime) refers to fdtree.o(i._FDTree_Insert) for _FDTree_Insert
    heap2.o(i._posix_memalign$realtime) refers to rt_heap_descriptor_intlibspace.o(.text) for __rt_heap_descriptor
    heap2.o(i._posix_memalign$realtime) refers to fdtree.o(i._FDTree_FindFirst) for _FDTree_FindFirst
    heap2.o(i._posix_memalign$realtime) refers to init_alloc.o(.text) for __Heap_Full
    heap2.o(i._posix_memalign$realtime) refers to fdtree.o(i._FDTree_RemoveNode) for _FDTree_RemoveNode
    heap2.o(i._posix_memalign$realtime) refers to fdtree.o(i._FDTree_Insert) for _FDTree_Insert
    heap2.o(i._realloc$realtime) refers to rt_heap_descriptor_intlibspace.o(.text) for __rt_heap_descriptor
    heap2.o(i._realloc$realtime) refers to fdtree.o(i._FDTree_Insert) for _FDTree_Insert
    heap2.o(i._realloc$realtime) refers to h1_free.o(.text) for free
    heap2.o(i._realloc$realtime) refers to h1_alloc.o(.text) for malloc
    heap2.o(i._realloc$realtime) refers to fdtree.o(i._FDTree_Delete) for _FDTree_Delete
    heap2.o(i._realloc$realtime) refers to rt_memcpy_w.o(.text) for __aeabi_memcpy4
    heap2mt.o(i._FDIterate) refers to heap2mt.o(.conststring) for .conststring
    heap2mt.o(i.___Heap_Initialize$realtime$concurrent) refers to mutex_dummy.o(.text) for _mutex_initialize
    heap2mt.o(i.___Heap_ProvideMemory$realtime$concurrent) refers to fdtree.o(i._FDTree_Delete) for _FDTree_Delete
    heap2mt.o(i.___Heap_ProvideMemory$realtime$concurrent) refers to fdtree.o(i._FDTree_Insert) for _FDTree_Insert
    heap2mt.o(i.___Heap_Stats$realtime$concurrent) refers to heap2mt.o(i._Heap2_StatsIterate) for _Heap2_StatsIterate
    heap2mt.o(i.___Heap_Valid$realtime$concurrent) refers to heap2mt.o(i._FDIterate) for _FDIterate
    heap2mt.o(i.___Heap_Valid$realtime$concurrent) refers to heap2mt.o(.conststring) for .conststring
    heap2mt.o(i._free$realtime$concurrent) refers to rt_heap_descriptor_intlibspace.o(.text) for __rt_heap_descriptor
    heap2mt.o(i._free$realtime$concurrent) refers to fdtree.o(i._FDTree_Delete) for _FDTree_Delete
    heap2mt.o(i._free$realtime$concurrent) refers to fdtree.o(i._FDTree_Insert) for _FDTree_Insert
    heap2mt.o(i._malloc$realtime$concurrent) refers to rt_heap_descriptor_intlibspace.o(.text) for __rt_heap_descriptor
    heap2mt.o(i._malloc$realtime$concurrent) refers to fdtree.o(i._FDTree_FindFirst) for _FDTree_FindFirst
    heap2mt.o(i._malloc$realtime$concurrent) refers to init_alloc.o(.text) for __Heap_Full
    heap2mt.o(i._malloc$realtime$concurrent) refers to fdtree.o(i._FDTree_RemoveNode) for _FDTree_RemoveNode
    heap2mt.o(i._malloc$realtime$concurrent) refers to fdtree.o(i._FDTree_Insert) for _FDTree_Insert
    heap2mt.o(i._posix_memalign$realtime$concurrent) refers to rt_heap_descriptor_intlibspace.o(.text) for __rt_heap_descriptor
    heap2mt.o(i._posix_memalign$realtime$concurrent) refers to fdtree.o(i._FDTree_FindFirst) for _FDTree_FindFirst
    heap2mt.o(i._posix_memalign$realtime$concurrent) refers to init_alloc.o(.text) for __Heap_Full
    heap2mt.o(i._posix_memalign$realtime$concurrent) refers to fdtree.o(i._FDTree_RemoveNode) for _FDTree_RemoveNode
    heap2mt.o(i._posix_memalign$realtime$concurrent) refers to fdtree.o(i._FDTree_Insert) for _FDTree_Insert
    heap2mt.o(i._realloc$realtime$concurrent) refers to rt_heap_descriptor_intlibspace.o(.text) for __rt_heap_descriptor
    heap2mt.o(i._realloc$realtime$concurrent) refers to fdtree.o(i._FDTree_Insert) for _FDTree_Insert
    heap2mt.o(i._realloc$realtime$concurrent) refers to h1_free.o(.text) for free
    heap2mt.o(i._realloc$realtime$concurrent) refers to h1_alloc.o(.text) for malloc
    heap2mt.o(i._realloc$realtime$concurrent) refers to fdtree.o(i._FDTree_Delete) for _FDTree_Delete
    heap2mt.o(i._realloc$realtime$concurrent) refers to rt_memcpy_w.o(.text) for __aeabi_memcpy4
    __main.o(!!!main) refers to __rtentry.o(.ARM.Collect$$rtentry$$00000000) for __rt_entry
    __rtentry.o(.ARM.Collect$$rtentry$$00000000) refers (Special) to __rtentry2.o(.ARM.Collect$$rtentry$$0000000A) for __rt_entry_li
    __rtentry.o(.ARM.Collect$$rtentry$$00000000) refers (Special) to __rtentry2.o(.ARM.Collect$$rtentry$$0000000D) for __rt_entry_main
    __rtentry.o(.ARM.Collect$$rtentry$$00000000) refers (Special) to __rtentry2.o(.ARM.Collect$$rtentry$$0000000C) for __rt_entry_postli_1
    __rtentry.o(.ARM.Collect$$rtentry$$00000000) refers (Special) to __rtentry2.o(.ARM.Collect$$rtentry$$00000009) for __rt_entry_postsh_1
    __rtentry.o(.ARM.Collect$$rtentry$$00000000) refers (Special) to __rtentry2.o(.ARM.Collect$$rtentry$$00000002) for __rt_entry_presh_1
    __rtentry.o(.ARM.Collect$$rtentry$$00000000) refers (Special) to __rtentry4.o(.ARM.Collect$$rtentry$$00000004) for __rt_entry_sh
    rt_heap_descriptor.o(.text) refers to rt_heap_descriptor.o(.bss) for __rt_heap_descriptor_data
    rt_heap_descriptor_intlibspace.o(.text) refers to libspace.o(.bss) for __libspace_start
    init_alloc.o(.text) refers (Special) to hguard.o(.text) for __heap$guard
    init_alloc.o(.text) refers (Special) to libinit2.o(.ARM.Collect$$libinit$$00000005) for __rt_lib_init_heap_2
    init_alloc.o(.text) refers (Special) to maybetermalloc1.o(.emb_text) for _maybe_terminate_alloc
    init_alloc.o(.text) refers to h1_extend.o(.text) for __Heap_ProvideMemory
    init_alloc.o(.text) refers to defsig_rtmem_outer.o(.text) for __rt_SIGRTMEM
    init_alloc.o(.text) refers to rt_heap_descriptor_intlibspace.o(.text) for __rt_heap_descriptor
    init_alloc.o(.text) refers to h1_init.o(.text) for __Heap_Initialize
    h1_init_mt.o(.text) refers to mutex_dummy.o(.text) for _mutex_initialize
    _get_argv.o(.text) refers (Special) to hrguard.o(.text) for __heap_region$guard
    _get_argv.o(.text) refers to h1_alloc.o(.text) for malloc
    _get_argv.o(.text) refers to defsig_rtmem_outer.o(.text) for __rt_SIGRTMEM
    _get_argv.o(.text) refers to sys_command.o(.text) for _sys_command_string
    libinit2.o(.ARM.Collect$$libinit$$00000001) refers to fpinit.o(x$fpl$fpinit) for _fp_init
    libinit2.o(.ARM.Collect$$libinit$$00000005) refers (Weak) to init_alloc.o(.text) for _init_alloc
    libinit2.o(.ARM.Collect$$libinit$$00000010) refers to libinit2.o(.ARM.Collect$$libinit$$0000000F) for .ARM.Collect$$libinit$$0000000F
    libinit2.o(.ARM.Collect$$libinit$$00000012) refers to libinit2.o(.ARM.Collect$$libinit$$0000000F) for .ARM.Collect$$libinit$$0000000F
    libinit2.o(.ARM.Collect$$libinit$$00000014) refers to libinit2.o(.ARM.Collect$$libinit$$0000000F) for .ARM.Collect$$libinit$$0000000F
    libinit2.o(.ARM.Collect$$libinit$$00000016) refers to libinit2.o(.ARM.Collect$$libinit$$0000000F) for .ARM.Collect$$libinit$$0000000F
    libinit2.o(.ARM.Collect$$libinit$$00000018) refers to libinit2.o(.ARM.Collect$$libinit$$0000000F) for .ARM.Collect$$libinit$$0000000F
    libinit2.o(.ARM.Collect$$libinit$$00000026) refers to argv_veneer.o(.emb_text) for __ARM_argv_veneer
    libinit2.o(.ARM.Collect$$libinit$$00000027) refers to argv_veneer.o(.emb_text) for __ARM_argv_veneer
    sys_command.o(.text) refers (Special) to use_no_semi.o(.text) for __I$use$semihosting
    sys_command.o(.text) refers (Special) to indicate_semi.o(.text) for __semihosting_library_function
    libspace.o(.text) refers to libspace.o(.bss) for __libspace_start
    __rtentry2.o(.ARM.Collect$$rtentry$$00000008) refers to boardinit2.o(.text) for _platform_post_stackheap_init
    __rtentry2.o(.ARM.Collect$$rtentry$$0000000A) refers to libinit.o(.ARM.Collect$$libinit$$00000000) for __rt_lib_init
    __rtentry2.o(.ARM.Collect$$rtentry$$0000000B) refers to boardinit3.o(.text) for _platform_post_lib_init
    __rtentry2.o(.ARM.Collect$$rtentry$$0000000D) refers to main.o(i.main) for main
    __rtentry2.o(.ARM.Collect$$rtentry$$0000000D) refers to exit.o(.text) for exit
    __rtentry2.o(.ARM.exidx) refers to __rtentry2.o(.ARM.Collect$$rtentry$$00000001) for .ARM.Collect$$rtentry$$00000001
    __rtentry2.o(.ARM.exidx) refers to __rtentry2.o(.ARM.Collect$$rtentry$$00000008) for .ARM.Collect$$rtentry$$00000008
    __rtentry2.o(.ARM.exidx) refers to __rtentry2.o(.ARM.Collect$$rtentry$$0000000A) for .ARM.Collect$$rtentry$$0000000A
    __rtentry2.o(.ARM.exidx) refers to __rtentry2.o(.ARM.Collect$$rtentry$$0000000B) for .ARM.Collect$$rtentry$$0000000B
    __rtentry2.o(.ARM.exidx) refers to __rtentry2.o(.ARM.Collect$$rtentry$$0000000D) for .ARM.Collect$$rtentry$$0000000D
    __rtentry4.o(.ARM.Collect$$rtentry$$00000004) refers to sys_stackheap_outer.o(.text) for __user_setup_stackheap
    __rtentry4.o(.ARM.exidx) refers to __rtentry4.o(.ARM.Collect$$rtentry$$00000004) for .ARM.Collect$$rtentry$$00000004
    maybetermalloc2.o(.emb_text) refers (Special) to term_alloc.o(.text) for _terminate_alloc
    h1_extend.o(.text) refers to h1_free.o(.text) for free
    h1_extend_mt.o(.text) refers to h1_free_mt.o(.text) for _free_internal
    defsig_rtmem_outer.o(.text) refers to defsig_rtmem_inner.o(.text) for __rt_SIGRTMEM_inner
    defsig_rtmem_outer.o(.text) refers to defsig_exit.o(.text) for __sig_exit
    defsig_rtmem_formal.o(.text) refers to rt_raise.o(.text) for __rt_raise
    heapauxa.o(.text) refers to heapauxa.o(.data) for .data
    argv_veneer.o(.emb_text) refers to no_argv.o(.text) for __ARM_get_argv
    sys_stackheap_outer.o(.text) refers to libspace.o(.text) for __user_perproc_libspace
    sys_stackheap_outer.o(.text) refers to startup_stm32f373xc.o(.text) for __user_initial_stackheap
    rt_raise.o(.text) refers to __raise.o(.text) for __raise
    rt_raise.o(.text) refers to sys_exit.o(.text) for _sys_exit
    term_alloc.o(.text) refers (Special) to libshutdown2.o(.ARM.Collect$$libshutdown$$0000000D) for __rt_lib_shutdown_heap_2
    term_alloc.o(.text) refers to rt_heap_descriptor_intlibspace.o(.text) for __rt_heap_descriptor
    term_alloc.o(.text) refers to h1_final.o(.text) for __Heap_Finalize
    exit.o(.text) refers to rtexit.o(.ARM.Collect$$rtexit$$00000000) for __rt_exit
    defsig_exit.o(.text) refers to sys_exit.o(.text) for _sys_exit
    defsig_rtmem_inner.o(.text) refers to defsig_general.o(.text) for __default_signal_display
    _get_argv_nomalloc.o(.text) refers (Special) to hrguard.o(.text) for __heap_region$guard
    _get_argv_nomalloc.o(.text) refers to defsig_rtmem_outer.o(.text) for __rt_SIGRTMEM
    _get_argv_nomalloc.o(.text) refers to sys_command.o(.text) for _sys_command_string
    libinit.o(.ARM.Collect$$libinit$$00000000) refers (Special) to libinit2.o(.ARM.Collect$$libinit$$0000002E) for __rt_lib_init_alloca_1
    libinit.o(.ARM.Collect$$libinit$$00000000) refers (Special) to libinit2.o(.ARM.Collect$$libinit$$0000002C) for __rt_lib_init_argv_1
    libinit.o(.ARM.Collect$$libinit$$00000000) refers (Special) to libinit2.o(.ARM.Collect$$libinit$$0000001B) for __rt_lib_init_atexit_1
    libinit.o(.ARM.Collect$$libinit$$00000000) refers (Special) to libinit2.o(.ARM.Collect$$libinit$$00000021) for __rt_lib_init_clock_1
    libinit.o(.ARM.Collect$$libinit$$00000000) refers (Special) to libinit2.o(.ARM.Collect$$libinit$$00000032) for __rt_lib_init_cpp_1
    libinit.o(.ARM.Collect$$libinit$$00000000) refers (Special) to libinit2.o(.ARM.Collect$$libinit$$00000030) for __rt_lib_init_exceptions_1
    libinit.o(.ARM.Collect$$libinit$$00000000) refers (Special) to libinit2.o(.ARM.Collect$$libinit$$00000001) for __rt_lib_init_fp_1
    libinit.o(.ARM.Collect$$libinit$$00000000) refers (Special) to libinit2.o(.ARM.Collect$$libinit$$0000001F) for __rt_lib_init_fp_trap_1
    libinit.o(.ARM.Collect$$libinit$$00000000) refers (Special) to libinit2.o(.ARM.Collect$$libinit$$00000023) for __rt_lib_init_getenv_1
    libinit.o(.ARM.Collect$$libinit$$00000000) refers (Special) to libinit2.o(.ARM.Collect$$libinit$$0000000A) for __rt_lib_init_heap_1
    libinit.o(.ARM.Collect$$libinit$$00000000) refers (Special) to libinit2.o(.ARM.Collect$$libinit$$00000011) for __rt_lib_init_lc_collate_1
    libinit.o(.ARM.Collect$$libinit$$00000000) refers (Special) to libinit2.o(.ARM.Collect$$libinit$$00000013) for __rt_lib_init_lc_ctype_1
    libinit.o(.ARM.Collect$$libinit$$00000000) refers (Special) to libinit2.o(.ARM.Collect$$libinit$$00000015) for __rt_lib_init_lc_monetary_1
    libinit.o(.ARM.Collect$$libinit$$00000000) refers (Special) to libinit2.o(.ARM.Collect$$libinit$$00000017) for __rt_lib_init_lc_numeric_1
    libinit.o(.ARM.Collect$$libinit$$00000000) refers (Special) to libinit2.o(.ARM.Collect$$libinit$$00000019) for __rt_lib_init_lc_time_1
    libinit.o(.ARM.Collect$$libinit$$00000000) refers (Special) to libinit2.o(.ARM.Collect$$libinit$$00000004) for __rt_lib_init_preinit_1
    libinit.o(.ARM.Collect$$libinit$$00000000) refers (Special) to libinit2.o(.ARM.Collect$$libinit$$0000000E) for __rt_lib_init_rand_1
    libinit.o(.ARM.Collect$$libinit$$00000000) refers (Special) to libinit2.o(.ARM.Collect$$libinit$$00000033) for __rt_lib_init_return
    libinit.o(.ARM.Collect$$libinit$$00000000) refers (Special) to libinit2.o(.ARM.Collect$$libinit$$0000001D) for __rt_lib_init_signal_1
    libinit.o(.ARM.Collect$$libinit$$00000000) refers (Special) to libinit2.o(.ARM.Collect$$libinit$$00000025) for __rt_lib_init_stdio_1
    libinit.o(.ARM.Collect$$libinit$$00000000) refers (Special) to libinit2.o(.ARM.Collect$$libinit$$0000000C) for __rt_lib_init_user_alloc_1
    sys_exit.o(.text) refers (Special) to use_no_semi.o(.text) for __I$use$semihosting
    sys_exit.o(.text) refers (Special) to indicate_semi.o(.text) for __semihosting_library_function
    rtexit.o(.ARM.Collect$$rtexit$$00000000) refers (Special) to rtexit2.o(.ARM.Collect$$rtexit$$00000004) for __rt_exit_exit
    rtexit.o(.ARM.Collect$$rtexit$$00000000) refers (Special) to rtexit2.o(.ARM.Collect$$rtexit$$00000003) for __rt_exit_ls
    rtexit.o(.ARM.Collect$$rtexit$$00000000) refers (Special) to rtexit2.o(.ARM.Collect$$rtexit$$00000002) for __rt_exit_prels_1
    rtexit.o(.ARM.exidx) refers (Special) to rtexit2.o(.ARM.Collect$$rtexit$$00000004) for __rt_exit_exit
    rtexit.o(.ARM.exidx) refers (Special) to rtexit2.o(.ARM.Collect$$rtexit$$00000003) for __rt_exit_ls
    rtexit.o(.ARM.exidx) refers (Special) to rtexit2.o(.ARM.Collect$$rtexit$$00000002) for __rt_exit_prels_1
    rtexit.o(.ARM.exidx) refers to rtexit.o(.ARM.Collect$$rtexit$$00000000) for .ARM.Collect$$rtexit$$00000000
    __raise.o(.text) refers to defsig.o(CL$$defsig) for __default_signal_handler
    defsig_general.o(.text) refers to sys_wrch.o(.text) for _ttywrch
    libshutdown2.o(.ARM.Collect$$libshutdown$$0000000C) refers (Weak) to term_alloc.o(.text) for _terminate_alloc
    sys_wrch.o(.text) refers (Special) to use_no_semi.o(.text) for __I$use$semihosting
    sys_wrch.o(.text) refers (Special) to indicate_semi.o(.text) for __semihosting_library_function
    rtexit2.o(.ARM.Collect$$rtexit$$00000003) refers to libshutdown.o(.ARM.Collect$$libshutdown$$00000000) for __rt_lib_shutdown
    rtexit2.o(.ARM.Collect$$rtexit$$00000004) refers to sys_exit.o(.text) for _sys_exit
    rtexit2.o(.ARM.exidx) refers to rtexit2.o(.ARM.Collect$$rtexit$$00000001) for .ARM.Collect$$rtexit$$00000001
    rtexit2.o(.ARM.exidx) refers to rtexit2.o(.ARM.Collect$$rtexit$$00000003) for .ARM.Collect$$rtexit$$00000003
    rtexit2.o(.ARM.exidx) refers to rtexit2.o(.ARM.Collect$$rtexit$$00000004) for .ARM.Collect$$rtexit$$00000004
    defsig.o(CL$$defsig) refers to defsig_rtmem_inner.o(.text) for __rt_SIGRTMEM_inner
    defsig_abrt_inner.o(.text) refers to defsig_general.o(.text) for __default_signal_display
    defsig_fpe_inner.o(.text) refers to defsig_general.o(.text) for __default_signal_display
    defsig_rtred_inner.o(.text) refers to defsig_general.o(.text) for __default_signal_display
    defsig_stak_inner.o(.text) refers to defsig_general.o(.text) for __default_signal_display
    defsig_pvfn_inner.o(.text) refers to defsig_general.o(.text) for __default_signal_display
    defsig_cppl_inner.o(.text) refers to defsig_general.o(.text) for __default_signal_display
    defsig_segv_inner.o(.text) refers to defsig_general.o(.text) for __default_signal_display
    defsig_other.o(.text) refers to defsig_general.o(.text) for __default_signal_display
    libshutdown.o(.ARM.Collect$$libshutdown$$00000000) refers (Special) to libshutdown2.o(.ARM.Collect$$libshutdown$$00000006) for __rt_lib_shutdown_fp_trap_1
    libshutdown.o(.ARM.Collect$$libshutdown$$00000000) refers (Special) to libshutdown2.o(.ARM.Collect$$libshutdown$$0000000E) for __rt_lib_shutdown_heap_1
    libshutdown.o(.ARM.Collect$$libshutdown$$00000000) refers (Special) to libshutdown2.o(.ARM.Collect$$libshutdown$$0000000F) for __rt_lib_shutdown_return
    libshutdown.o(.ARM.Collect$$libshutdown$$00000000) refers (Special) to libshutdown2.o(.ARM.Collect$$libshutdown$$00000009) for __rt_lib_shutdown_signal_1
    libshutdown.o(.ARM.Collect$$libshutdown$$00000000) refers (Special) to libshutdown2.o(.ARM.Collect$$libshutdown$$00000003) for __rt_lib_shutdown_stdio_1
    libshutdown.o(.ARM.Collect$$libshutdown$$00000000) refers (Special) to libshutdown2.o(.ARM.Collect$$libshutdown$$0000000B) for __rt_lib_shutdown_user_alloc_1


==============================================================================

Removing Unused input sections from the image.

    Removing main.o(.rev16_text), (4 bytes).
    Removing main.o(.revsh_text), (4 bytes).
    Removing main.o(.rrx_text), (6 bytes).
    Removing cap_buttons.o(.rev16_text), (4 bytes).
    Removing cap_buttons.o(.revsh_text), (4 bytes).
    Removing cap_buttons.o(.rrx_text), (6 bytes).
    Removing cap_buttons.o(i.Button_Initialize), (616 bytes).
    Removing cap_buttons.o(i.Buttons_GetKey), (12 bytes).
    Removing cap_buttons.o(i.Buttons_KeyAvailable), (36 bytes).
    Removing cap_buttons.o(i.get_Key), (280 bytes).
    Removing cap_buttons.o(.data), (10 bytes).
    Removing display.o(.rev16_text), (4 bytes).
    Removing display.o(.revsh_text), (4 bytes).
    Removing display.o(.rrx_text), (6 bytes).
    Removing display.o(i.display_Page), (60 bytes).
    Removing display.o(i.setup_Draw), (124 bytes).
    Removing i2c_control.o(.rev16_text), (4 bytes).
    Removing i2c_control.o(.revsh_text), (4 bytes).
    Removing i2c_control.o(.rrx_text), (6 bytes).
    Removing mpu_control.o(.rev16_text), (4 bytes).
    Removing mpu_control.o(.revsh_text), (4 bytes).
    Removing mpu_control.o(.rrx_text), (6 bytes).
    Removing mpu_control.o(i.configure_AccelRange), (88 bytes).
    Removing mpu_control.o(i.display_Register), (20 bytes).
    Removing mpu_control.o(i.init_Accelerometer), (2 bytes).
    Removing mpu_control.o(i.init_Compass), (2 bytes).
    Removing mpu_control.o(i.init_Gyroscope), (2 bytes).
    Removing bt_control.o(.rev16_text), (4 bytes).
    Removing bt_control.o(.revsh_text), (4 bytes).
    Removing bt_control.o(.rrx_text), (6 bytes).
    Removing bt_control.o(i.bt_Init), (324 bytes).
    Removing bt_control.o(i.connect_Bluetooth), (48 bytes).
    Removing bt_control.o(i.enqueue_Bt_Command), (156 bytes).
    Removing bt_control.o(i.fix_TIs_Stupid_Mistakes), (72 bytes).
    Removing bt_control.o(i.get_Bt_Response), (148 bytes).
    Removing bt_control.o(i.init_Bt_Controller), (92 bytes).
    Removing bt_control.o(i.set_Bt_Scan_Enable), (48 bytes).
    Removing bt_control.o(i.set_Simple_Pairing), (48 bytes).
    Removing bt_control.o(i.start_Bt_Inquiry), (76 bytes).
    Removing bt_control.o(.data), (18372 bytes).
    Removing uart_control.o(.rev16_text), (4 bytes).
    Removing uart_control.o(.revsh_text), (4 bytes).
    Removing uart_control.o(.rrx_text), (6 bytes).
    Removing uart_control.o(i.init_Uart), (76 bytes).
    Removing uart_control.o(i.send_Data), (56 bytes).
    Removing uart_control.o(i.update_Baud_Rate), (24 bytes).
    Removing timer.o(.rev16_text), (4 bytes).
    Removing timer.o(.revsh_text), (4 bytes).
    Removing timer.o(.rrx_text), (6 bytes).
    Removing buttons.o(.rev16_text), (4 bytes).
    Removing buttons.o(.revsh_text), (4 bytes).
    Removing buttons.o(.rrx_text), (6 bytes).
    Removing system_stm32f3xx.o(.rev16_text), (4 bytes).
    Removing system_stm32f3xx.o(.revsh_text), (4 bytes).
    Removing system_stm32f3xx.o(.rrx_text), (6 bytes).

55 unused section(s) (total 20932 bytes) removed from the image.

==============================================================================

Image Symbol Table

    Local Symbols

    Symbol Name                              Value     Ov Type        Size  Object(Section)

    ../clib/angel/boardlib.s                 0x00000000   Number         0  boardshut.o ABSOLUTE
    ../clib/angel/boardlib.s                 0x00000000   Number         0  boardinit1.o ABSOLUTE
    ../clib/angel/boardlib.s                 0x00000000   Number         0  boardinit2.o ABSOLUTE
    ../clib/angel/boardlib.s                 0x00000000   Number         0  boardinit3.o ABSOLUTE
    ../clib/angel/handlers.s                 0x00000000   Number         0  __scatter_zi.o ABSOLUTE
    ../clib/angel/handlers.s                 0x00000000   Number         0  __scatter_copy.o ABSOLUTE
    ../clib/angel/kernel.s                   0x00000000   Number         0  __rtentry4.o ABSOLUTE
    ../clib/angel/kernel.s                   0x00000000   Number         0  __rtentry2.o ABSOLUTE
    ../clib/angel/kernel.s                   0x00000000   Number         0  __rtentry.o ABSOLUTE
    ../clib/angel/kernel.s                   0x00000000   Number         0  rtexit2.o ABSOLUTE
    ../clib/angel/kernel.s                   0x00000000   Number         0  rtexit.o ABSOLUTE
    ../clib/angel/rt.s                       0x00000000   Number         0  rt_raise.o ABSOLUTE
    ../clib/angel/rt.s                       0x00000000   Number         0  rt_heap_descriptor.o ABSOLUTE
    ../clib/angel/rt.s                       0x00000000   Number         0  rt_heap_descriptor_intlibspace.o ABSOLUTE
    ../clib/angel/scatter.s                  0x00000000   Number         0  __scatter.o ABSOLUTE
    ../clib/angel/startup.s                  0x00000000   Number         0  __main.o ABSOLUTE
    ../clib/angel/sys.s                      0x00000000   Number         0  use_no_semi.o ABSOLUTE
    ../clib/angel/sys.s                      0x00000000   Number         0  indicate_semi.o ABSOLUTE
    ../clib/angel/sys.s                      0x00000000   Number         0  mutex_dummy.o ABSOLUTE
    ../clib/angel/sys.s                      0x00000000   Number         0  libspace.o ABSOLUTE
    ../clib/angel/sys.s                      0x00000000   Number         0  sys_stackheap_outer.o ABSOLUTE
    ../clib/angel/sysapp.c                   0x00000000   Number         0  sys_wrch.o ABSOLUTE
    ../clib/angel/sysapp.c                   0x00000000   Number         0  sys_command.o ABSOLUTE
    ../clib/angel/sysapp.c                   0x00000000   Number         0  sys_exit.o ABSOLUTE
    ../clib/armsys.c                         0x00000000   Number         0  argv_veneer.o ABSOLUTE
    ../clib/armsys.c                         0x00000000   Number         0  _get_argv_nomalloc.o ABSOLUTE
    ../clib/armsys.c                         0x00000000   Number         0  argv_veneer.o ABSOLUTE
    ../clib/armsys.c                         0x00000000   Number         0  _get_argv.o ABSOLUTE
    ../clib/armsys.c                         0x00000000   Number         0  no_argv.o ABSOLUTE
    ../clib/heap1.c                          0x00000000   Number         0  h1_free_mt.o ABSOLUTE
    ../clib/heap1.c                          0x00000000   Number         0  h1_extend_mt.o ABSOLUTE
    ../clib/heap1.c                          0x00000000   Number         0  h1_init.o ABSOLUTE
    ../clib/heap1.c                          0x00000000   Number         0  h1_init_mt.o ABSOLUTE
    ../clib/heap1.c                          0x00000000   Number         0  h1_alloc_mt.o ABSOLUTE
    ../clib/heap1.c                          0x00000000   Number         0  h1_extend.o ABSOLUTE
    ../clib/heap1.c                          0x00000000   Number         0  h1_final.o ABSOLUTE
    ../clib/heap1.c                          0x00000000   Number         0  h1_final_mt.o ABSOLUTE
    ../clib/heap1.c                          0x00000000   Number         0  h1_alloc.o ABSOLUTE
    ../clib/heap1.c                          0x00000000   Number         0  h1_free.o ABSOLUTE
    ../clib/heap2.c                          0x00000000   Number         0  heap2mt.o ABSOLUTE
    ../clib/heap2.c                          0x00000000   Number         0  heap2.o ABSOLUTE
    ../clib/heap2.c                          0x00000000   Number         0  fdtree.o ABSOLUTE
    ../clib/heapalloc.c                      0x00000000   Number         0  maybetermalloc2.o ABSOLUTE
    ../clib/heapalloc.c                      0x00000000   Number         0  init_alloc.o ABSOLUTE
    ../clib/heapalloc.c                      0x00000000   Number         0  term_alloc.o ABSOLUTE
    ../clib/heapalloc.c                      0x00000000   Number         0  maybetermalloc2.o ABSOLUTE
    ../clib/heapalloc.c                      0x00000000   Number         0  maybetermalloc1.o ABSOLUTE
    ../clib/heapalloc.c                      0x00000000   Number         0  malloc.o ABSOLUTE
    ../clib/heapalloc.c                      0x00000000   Number         0  free.o ABSOLUTE
    ../clib/heapalloc.c                      0x00000000   Number         0  heapstubs.o ABSOLUTE
    ../clib/heapalloc.c                      0x00000000   Number         0  maybetermalloc1.o ABSOLUTE
    ../clib/heapalloc.c                      0x00000000   Number         0  hguard.o ABSOLUTE
    ../clib/heapalloc.c                      0x00000000   Number         0  hrguard.o ABSOLUTE
    ../clib/heapaux.c                        0x00000000   Number         0  heapauxa.o ABSOLUTE
    ../clib/heapaux.c                        0x00000000   Number         0  heapauxi.o ABSOLUTE
    ../clib/libinit.s                        0x00000000   Number         0  libshutdown.o ABSOLUTE
    ../clib/libinit.s                        0x00000000   Number         0  libshutdown2.o ABSOLUTE
    ../clib/libinit.s                        0x00000000   Number         0  libinit.o ABSOLUTE
    ../clib/libinit.s                        0x00000000   Number         0  libinit2.o ABSOLUTE
    ../clib/memcpset.s                       0x00000000   Number         0  rt_memcpy_w.o ABSOLUTE
    ../clib/signal.c                         0x00000000   Number         0  defsig_rtred_inner.o ABSOLUTE
    ../clib/signal.c                         0x00000000   Number         0  defsig_segv_inner.o ABSOLUTE
    ../clib/signal.c                         0x00000000   Number         0  defsig_stak_inner.o ABSOLUTE
    ../clib/signal.c                         0x00000000   Number         0  defsig_pvfn_inner.o ABSOLUTE
    ../clib/signal.c                         0x00000000   Number         0  defsig_cppl_inner.o ABSOLUTE
    ../clib/signal.c                         0x00000000   Number         0  __raise.o ABSOLUTE
    ../clib/signal.c                         0x00000000   Number         0  defsig_rtmem_inner.o ABSOLUTE
    ../clib/signal.c                         0x00000000   Number         0  defsig_exit.o ABSOLUTE
    ../clib/signal.c                         0x00000000   Number         0  defsig_other.o ABSOLUTE
    ../clib/signal.c                         0x00000000   Number         0  defsig_rtmem_outer.o ABSOLUTE
    ../clib/signal.c                         0x00000000   Number         0  defsig_rtmem_formal.o ABSOLUTE
    ../clib/signal.c                         0x00000000   Number         0  defsig_abrt_inner.o ABSOLUTE
    ../clib/signal.c                         0x00000000   Number         0  defsig_fpe_inner.o ABSOLUTE
    ../clib/signal.c                         0x00000000   Number         0  defsig_general.o ABSOLUTE
    ../clib/signal.s                         0x00000000   Number         0  defsig.o ABSOLUTE
    ../clib/stdlib.c                         0x00000000   Number         0  exit.o ABSOLUTE
    ../fplib/fpinit.s                        0x00000000   Number         0  fpinit.o ABSOLUTE
    Main\\main.c                             0x00000000   Number         0  main.o ABSOLUTE
    Main\main.c                              0x00000000   Number         0  main.o ABSOLUTE
    Peripherals\Cap_buttons.c                0x00000000   Number         0  cap_buttons.o ABSOLUTE
    Peripherals\Display.c                    0x00000000   Number         0  display.o ABSOLUTE
    Peripherals\Queue.c                      0x00000000   Number         0  queue.o ABSOLUTE
    Peripherals\\Cap_buttons.c               0x00000000   Number         0  cap_buttons.o ABSOLUTE
    Peripherals\\Display.c                   0x00000000   Number         0  display.o ABSOLUTE
    Peripherals\\i2c_control.c               0x00000000   Number         0  i2c_control.o ABSOLUTE
    Peripherals\i2c_control.c                0x00000000   Number         0  i2c_control.o ABSOLUTE
    RTE\Device\STM32F373RB\startup_stm32f373xc.s 0x00000000   Number         0  startup_stm32f373xc.o ABSOLUTE
    RTE\Device\STM32F373RB\system_stm32f3xx.c 0x00000000   Number         0  system_stm32f3xx.o ABSOLUTE
    RTE\\Device\\STM32F373RB\\system_stm32f3xx.c 0x00000000   Number         0  system_stm32f3xx.o ABSOLUTE
    bt_control.c                             0x00000000   Number         0  bt_control.o ABSOLUTE
    bt_control.c                             0x00000000   Number         0  bt_control.o ABSOLUTE
    buttons.c                                0x00000000   Number         0  buttons.o ABSOLUTE
    buttons.c                                0x00000000   Number         0  buttons.o ABSOLUTE
    dc.s                                     0x00000000   Number         0  dc.o ABSOLUTE
    mpu_control.c                            0x00000000   Number         0  mpu_control.o ABSOLUTE
    mpu_control.c                            0x00000000   Number         0  mpu_control.o ABSOLUTE
    timer.c                                  0x00000000   Number         0  timer.o ABSOLUTE
    timer.c                                  0x00000000   Number         0  timer.o ABSOLUTE
    uart_control.c                           0x00000000   Number         0  uart_control.o ABSOLUTE
    uart_control.c                           0x00000000   Number         0  uart_control.o ABSOLUTE
    RESET                                    0x08000000   Section      392  startup_stm32f373xc.o(RESET)
    !!!main                                  0x08000188   Section        8  __main.o(!!!main)
    !!!scatter                               0x08000190   Section       52  __scatter.o(!!!scatter)
    !!handler_copy                           0x080001c4   Section       26  __scatter_copy.o(!!handler_copy)
    !!handler_zi                             0x080001e0   Section       28  __scatter_zi.o(!!handler_zi)
    .ARM.Collect$$libinit$$00000000          0x080001fc   Section        2  libinit.o(.ARM.Collect$$libinit$$00000000)
    .ARM.Collect$$libinit$$00000001          0x080001fe   Section        4  libinit2.o(.ARM.Collect$$libinit$$00000001)
    .ARM.Collect$$libinit$$00000004          0x08000202   Section        0  libinit2.o(.ARM.Collect$$libinit$$00000004)
    .ARM.Collect$$libinit$$00000005          0x08000202   Section        8  libinit2.o(.ARM.Collect$$libinit$$00000005)
    .ARM.Collect$$libinit$$0000000A          0x0800020a   Section        0  libinit2.o(.ARM.Collect$$libinit$$0000000A)
    .ARM.Collect$$libinit$$0000000C          0x0800020a   Section        0  libinit2.o(.ARM.Collect$$libinit$$0000000C)
    .ARM.Collect$$libinit$$0000000E          0x0800020a   Section        0  libinit2.o(.ARM.Collect$$libinit$$0000000E)
    .ARM.Collect$$libinit$$00000011          0x0800020a   Section        0  libinit2.o(.ARM.Collect$$libinit$$00000011)
    .ARM.Collect$$libinit$$00000013          0x0800020a   Section        0  libinit2.o(.ARM.Collect$$libinit$$00000013)
    .ARM.Collect$$libinit$$00000015          0x0800020a   Section        0  libinit2.o(.ARM.Collect$$libinit$$00000015)
    .ARM.Collect$$libinit$$00000017          0x0800020a   Section        0  libinit2.o(.ARM.Collect$$libinit$$00000017)
    .ARM.Collect$$libinit$$00000019          0x0800020a   Section        0  libinit2.o(.ARM.Collect$$libinit$$00000019)
    .ARM.Collect$$libinit$$0000001B          0x0800020a   Section        0  libinit2.o(.ARM.Collect$$libinit$$0000001B)
    .ARM.Collect$$libinit$$0000001D          0x0800020a   Section        0  libinit2.o(.ARM.Collect$$libinit$$0000001D)
    .ARM.Collect$$libinit$$0000001F          0x0800020a   Section        0  libinit2.o(.ARM.Collect$$libinit$$0000001F)
    .ARM.Collect$$libinit$$00000021          0x0800020a   Section        0  libinit2.o(.ARM.Collect$$libinit$$00000021)
    .ARM.Collect$$libinit$$00000023          0x0800020a   Section        0  libinit2.o(.ARM.Collect$$libinit$$00000023)
    .ARM.Collect$$libinit$$00000025          0x0800020a   Section        0  libinit2.o(.ARM.Collect$$libinit$$00000025)
    .ARM.Collect$$libinit$$0000002C          0x0800020a   Section        0  libinit2.o(.ARM.Collect$$libinit$$0000002C)
    .ARM.Collect$$libinit$$0000002E          0x0800020a   Section        0  libinit2.o(.ARM.Collect$$libinit$$0000002E)
    .ARM.Collect$$libinit$$00000030          0x0800020a   Section        0  libinit2.o(.ARM.Collect$$libinit$$00000030)
    .ARM.Collect$$libinit$$00000032          0x0800020a   Section        0  libinit2.o(.ARM.Collect$$libinit$$00000032)
    .ARM.Collect$$libinit$$00000033          0x0800020a   Section        2  libinit2.o(.ARM.Collect$$libinit$$00000033)
    .ARM.Collect$$libshutdown$$00000000      0x0800020c   Section        2  libshutdown.o(.ARM.Collect$$libshutdown$$00000000)
    .ARM.Collect$$libshutdown$$00000003      0x0800020e   Section        0  libshutdown2.o(.ARM.Collect$$libshutdown$$00000003)
    .ARM.Collect$$libshutdown$$00000006      0x0800020e   Section        0  libshutdown2.o(.ARM.Collect$$libshutdown$$00000006)
    .ARM.Collect$$libshutdown$$00000009      0x0800020e   Section        0  libshutdown2.o(.ARM.Collect$$libshutdown$$00000009)
    .ARM.Collect$$libshutdown$$0000000B      0x0800020e   Section        0  libshutdown2.o(.ARM.Collect$$libshutdown$$0000000B)
    .ARM.Collect$$libshutdown$$0000000E      0x0800020e   Section        0  libshutdown2.o(.ARM.Collect$$libshutdown$$0000000E)
    .ARM.Collect$$libshutdown$$0000000F      0x0800020e   Section        2  libshutdown2.o(.ARM.Collect$$libshutdown$$0000000F)
    .ARM.Collect$$rtentry$$00000000          0x08000210   Section        0  __rtentry.o(.ARM.Collect$$rtentry$$00000000)
    .ARM.Collect$$rtentry$$00000002          0x08000210   Section        0  __rtentry2.o(.ARM.Collect$$rtentry$$00000002)
    .ARM.Collect$$rtentry$$00000004          0x08000210   Section        6  __rtentry4.o(.ARM.Collect$$rtentry$$00000004)
    .ARM.Collect$$rtentry$$00000009          0x08000216   Section        0  __rtentry2.o(.ARM.Collect$$rtentry$$00000009)
    .ARM.Collect$$rtentry$$0000000A          0x08000216   Section        4  __rtentry2.o(.ARM.Collect$$rtentry$$0000000A)
    .ARM.Collect$$rtentry$$0000000C          0x0800021a   Section        0  __rtentry2.o(.ARM.Collect$$rtentry$$0000000C)
    .ARM.Collect$$rtentry$$0000000D          0x0800021a   Section        8  __rtentry2.o(.ARM.Collect$$rtentry$$0000000D)
    .ARM.Collect$$rtexit$$00000000           0x08000222   Section        2  rtexit.o(.ARM.Collect$$rtexit$$00000000)
    .ARM.Collect$$rtexit$$00000002           0x08000224   Section        0  rtexit2.o(.ARM.Collect$$rtexit$$00000002)
    .ARM.Collect$$rtexit$$00000003           0x08000224   Section        4  rtexit2.o(.ARM.Collect$$rtexit$$00000003)
    .ARM.Collect$$rtexit$$00000004           0x08000228   Section        6  rtexit2.o(.ARM.Collect$$rtexit$$00000004)
    .emb_text                                0x08000230   Section        0  maybetermalloc1.o(.emb_text)
    .text                                    0x08000230   Section       64  startup_stm32f373xc.o(.text)
    $v0                                      0x08000230   Number         0  startup_stm32f373xc.o(.text)
    .text                                    0x08000270   Section        0  h1_alloc.o(.text)
    .text                                    0x080002ce   Section        0  h1_free.o(.text)
    .text                                    0x0800031c   Section        0  heapauxi.o(.text)
    .text                                    0x08000324   Section        8  rt_heap_descriptor_intlibspace.o(.text)
    .text                                    0x0800032c   Section        0  hguard.o(.text)
    .text                                    0x08000330   Section        0  init_alloc.o(.text)
    .text                                    0x080003ba   Section        0  h1_init.o(.text)
    .text                                    0x080003c8   Section        8  libspace.o(.text)
    .text                                    0x080003d0   Section        0  h1_extend.o(.text)
    .text                                    0x08000404   Section        0  defsig_rtmem_outer.o(.text)
    .text                                    0x08000412   Section        2  use_no_semi.o(.text)
    .text                                    0x08000414   Section       74  sys_stackheap_outer.o(.text)
    .text                                    0x08000414   Section        0  indicate_semi.o(.text)
    .text                                    0x0800045e   Section        0  exit.o(.text)
    .text                                    0x0800046a   Section        0  defsig_exit.o(.text)
    .text                                    0x08000474   Section        0  defsig_rtmem_inner.o(.text)
    .text                                    0x080004c4   Section        0  sys_exit.o(.text)
    .text                                    0x080004d0   Section        0  defsig_general.o(.text)
    .text                                    0x08000502   Section        0  sys_wrch.o(.text)
    i.Delay                                  0x08000510   Section        0  i2c_control.o(i.Delay)
    i.EXTI9_5_IRQHandler                     0x08000528   Section        0  mpu_control.o(i.EXTI9_5_IRQHandler)
    i.I2C1_EV_IRQHandler                     0x080005d8   Section        0  i2c_control.o(i.I2C1_EV_IRQHandler)
    i.I2C2_EV_IRQHandler                     0x08000644   Section        0  display.o(i.I2C2_EV_IRQHandler)
    i.I2C_GenerateSTART                      0x08000688   Section        0  i2c_control.o(i.I2C_GenerateSTART)
    i.I2C_Initialize                         0x080006a0   Section        0  i2c_control.o(i.I2C_Initialize)
    i.NVIC_EnableIRQ                         0x08000728   Section        0  main.o(i.NVIC_EnableIRQ)
    NVIC_EnableIRQ                           0x08000729   Thumb Code    22  main.o(i.NVIC_EnableIRQ)
    i.SysTick_Handler                        0x08000740   Section        0  i2c_control.o(i.SysTick_Handler)
    i.SystemCoreClockSetHSI                  0x08000750   Section        0  main.o(i.SystemCoreClockSetHSI)
    i.SystemCoreClockUpdate                  0x080007f4   Section        0  system_stm32f3xx.o(i.SystemCoreClockUpdate)
    i.SystemInit                             0x08000894   Section        0  system_stm32f3xx.o(i.SystemInit)
    i.TIM15_IRQHandler                       0x08000910   Section        0  timer.o(i.TIM15_IRQHandler)
    i.USART1_IRQHandler                      0x0800092c   Section        0  uart_control.o(i.USART1_IRQHandler)
    i.USART2_IRQHandler                      0x08000988   Section        0  uart_control.o(i.USART2_IRQHandler)
    i.buttons_Init                           0x0800098c   Section        0  buttons.o(i.buttons_Init)
    i.configure_Mpu                          0x08000ae0   Section        0  mpu_control.o(i.configure_Mpu)
    i.data_Packet_Ready                      0x08000be4   Section        0  mpu_control.o(i.data_Packet_Ready)
    i.deQueue                                0x08000c2c   Section        0  queue.o(i.deQueue)
    i.display_Communicate                    0x08000c6c   Section        0  display.o(i.display_Communicate)
    i.display_Init                           0x08000d00   Section        0  display.o(i.display_Init)
    i.display_Int                            0x08001148   Section        0  display.o(i.display_Int)
    i.enQueue                                0x080011e8   Section        0  queue.o(i.enQueue)
    i.getKey                                 0x08001224   Section        0  main.o(i.getKey)
    getKey                                   0x08001225   Thumb Code    54  main.o(i.getKey)
    i.get_Button                             0x08001260   Section        0  buttons.o(i.get_Button)
    i.get_Data_Packet                        0x080012ac   Section        0  mpu_control.o(i.get_Data_Packet)
    i.get_Single_Button                      0x08001380   Section        0  buttons.o(i.get_Single_Button)
    i.initQueue                              0x080013fc   Section        0  queue.o(i.initQueue)
    i.init_Timer                             0x08001424   Section        0  timer.o(i.init_Timer)
    i.main                                   0x08001460   Section        0  main.o(i.main)
    i.mpu_I2C_Init                           0x08001580   Section        0  i2c_control.o(i.mpu_I2C_Init)
    i.mpu_init                               0x080016c0   Section        0  mpu_control.o(i.mpu_init)
    i.mpu_isInitialized                      0x080017e8   Section        0  i2c_control.o(i.mpu_isInitialized)
    i.mpu_readRegister                       0x08001800   Section        0  i2c_control.o(i.mpu_readRegister)
    i.mpu_writeRegister                      0x0800188c   Section        0  i2c_control.o(i.mpu_writeRegister)
    i.queue_isEmpty                          0x08001920   Section        0  queue.o(i.queue_isEmpty)
    i.queue_isFull                           0x08001936   Section        0  queue.o(i.queue_isFull)
    i.set_Measure_Channel                    0x08001968   Section        0  buttons.o(i.set_Measure_Channel)
    i.set_Sampling_Capacitor                 0x08001a24   Section        0  buttons.o(i.set_Sampling_Capacitor)
    i.set_Threshold_Value                    0x08001ae0   Section        0  buttons.o(i.set_Threshold_Value)
    i.start_Timer                            0x08001b64   Section        0  timer.o(i.start_Timer)
    i.stop_Timer                             0x08001ba8   Section        0  timer.o(i.stop_Timer)
    x$fpl$fpinit                             0x08001bc0   Section       10  fpinit.o(x$fpl$fpinit)
    $v0                                      0x08001bc0   Number         0  fpinit.o(x$fpl$fpinit)
    .constdata                               0x08001bcc   Section       25  main.o(.constdata)
    states                                   0x08001bcc   Data          20  main.o(.constdata)
    keycodes                                 0x08001be0   Data           5  main.o(.constdata)
    .constdata                               0x08001be5   Section      784  display.o(.constdata)
    FONT_BITMAP                              0x08001be5   Data         784  display.o(.constdata)
    .constdata                               0x08001ef6   Section       42  mpu_control.o(.constdata)
    .constdata                               0x08001f20   Section        8  buttons.o(.constdata)
    .data                                    0x20000000   Section        4  display.o(.data)
    .data                                    0x20000004   Section       12  i2c_control.o(.data)
    .data                                    0x20000010   Section        9  mpu_control.o(.data)
    .data                                    0x2000001c   Section        8  uart_control.o(.data)
    .data                                    0x20000024   Section        7  timer.o(.data)
    .data                                    0x2000002c   Section        5  buttons.o(.data)
    .data                                    0x20000034   Section       20  system_stm32f3xx.o(.data)
    .bss                                     0x20000048   Section      384  display.o(.bss)
    .bss                                     0x200001c8   Section       96  libspace.o(.bss)
    HEAP                                     0x20000228   Section     2048  startup_stm32f373xc.o(HEAP)
    Heap_Mem                                 0x20000228   Data        2048  startup_stm32f373xc.o(HEAP)
    STACK                                    0x20000a28   Section     1024  startup_stm32f373xc.o(STACK)
    Stack_Mem                                0x20000a28   Data        1024  startup_stm32f373xc.o(STACK)
    __initial_sp                             0x20000e28   Data           0  startup_stm32f373xc.o(STACK)

    Global Symbols

    Symbol Name                              Value     Ov Type        Size  Object(Section)

    BuildAttributes$$THM_ISAv4$E$P$D$K$B$S$7EM$VFPi3$EXTD16$VFPS$VFMA$PE$A:L22UL41UL21$X:L11$S22US41US21$IEEE1$IW$USESV6$~STKCKD$USESV7$~SHL$OTIME$ROPI$EBA8$UX$STANDARDLIB$REQ8$PRES8$EABIv2 0x00000000   Number         0  anon$$obj.o ABSOLUTE
    __ARM_use_no_argv                        0x00000000   Number         0  main.o ABSOLUTE
    __ARM_exceptions_init                     - Undefined Weak Reference
    __alloca_initialize                       - Undefined Weak Reference
    __arm_preinit_                            - Undefined Weak Reference
    __cpp_initialize__aeabi_                  - Undefined Weak Reference
    __cxa_finalize                            - Undefined Weak Reference
    __rt_locale                               - Undefined Weak Reference
    __sigvec_lookup                           - Undefined Weak Reference
    __user_heap_extent                        - Undefined Weak Reference
    _atexit_init                              - Undefined Weak Reference
    _call_atexit_fns                          - Undefined Weak Reference
    _clock_init                               - Undefined Weak Reference
    _fp_trap_init                             - Undefined Weak Reference
    _fp_trap_shutdown                         - Undefined Weak Reference
    _get_lc_collate                           - Undefined Weak Reference
    _get_lc_ctype                             - Undefined Weak Reference
    _get_lc_monetary                          - Undefined Weak Reference
    _get_lc_numeric                           - Undefined Weak Reference
    _get_lc_time                              - Undefined Weak Reference
    _getenv_init                              - Undefined Weak Reference
    _handle_redirection                       - Undefined Weak Reference
    _initio                                   - Undefined Weak Reference
    _mutex_acquire                            - Undefined Weak Reference
    _mutex_free                               - Undefined Weak Reference
    _mutex_release                            - Undefined Weak Reference
    _rand_init                                - Undefined Weak Reference
    _signal_finish                            - Undefined Weak Reference
    _signal_init                              - Undefined Weak Reference
    _terminateio                              - Undefined Weak Reference
    __Vectors_Size                           0x00000188   Number         0  startup_stm32f373xc.o ABSOLUTE
    __Vectors                                0x08000000   Data           4  startup_stm32f373xc.o(RESET)
    __Vectors_End                            0x08000188   Data           0  startup_stm32f373xc.o(RESET)
    __main                                   0x08000189   Thumb Code     8  __main.o(!!!main)
    __scatterload                            0x08000191   Thumb Code     0  __scatter.o(!!!scatter)
    __scatterload_rt2                        0x08000191   Thumb Code    44  __scatter.o(!!!scatter)
    __scatterload_rt2_thumb_only             0x08000191   Thumb Code     0  __scatter.o(!!!scatter)
    __scatterload_null                       0x0800019f   Thumb Code     0  __scatter.o(!!!scatter)
    __scatterload_copy                       0x080001c5   Thumb Code    26  __scatter_copy.o(!!handler_copy)
    __scatterload_zeroinit                   0x080001e1   Thumb Code    28  __scatter_zi.o(!!handler_zi)
    __rt_lib_init                            0x080001fd   Thumb Code     0  libinit.o(.ARM.Collect$$libinit$$00000000)
    __rt_lib_init_fp_1                       0x080001ff   Thumb Code     0  libinit2.o(.ARM.Collect$$libinit$$00000001)
    __rt_lib_init_heap_2                     0x08000203   Thumb Code     0  libinit2.o(.ARM.Collect$$libinit$$00000005)
    __rt_lib_init_preinit_1                  0x08000203   Thumb Code     0  libinit2.o(.ARM.Collect$$libinit$$00000004)
    __rt_lib_init_alloca_1                   0x0800020b   Thumb Code     0  libinit2.o(.ARM.Collect$$libinit$$0000002E)
    __rt_lib_init_argv_1                     0x0800020b   Thumb Code     0  libinit2.o(.ARM.Collect$$libinit$$0000002C)
    __rt_lib_init_atexit_1                   0x0800020b   Thumb Code     0  libinit2.o(.ARM.Collect$$libinit$$0000001B)
    __rt_lib_init_clock_1                    0x0800020b   Thumb Code     0  libinit2.o(.ARM.Collect$$libinit$$00000021)
    __rt_lib_init_cpp_1                      0x0800020b   Thumb Code     0  libinit2.o(.ARM.Collect$$libinit$$00000032)
    __rt_lib_init_exceptions_1               0x0800020b   Thumb Code     0  libinit2.o(.ARM.Collect$$libinit$$00000030)
    __rt_lib_init_fp_trap_1                  0x0800020b   Thumb Code     0  libinit2.o(.ARM.Collect$$libinit$$0000001F)
    __rt_lib_init_getenv_1                   0x0800020b   Thumb Code     0  libinit2.o(.ARM.Collect$$libinit$$00000023)
    __rt_lib_init_heap_1                     0x0800020b   Thumb Code     0  libinit2.o(.ARM.Collect$$libinit$$0000000A)
    __rt_lib_init_lc_collate_1               0x0800020b   Thumb Code     0  libinit2.o(.ARM.Collect$$libinit$$00000011)
    __rt_lib_init_lc_ctype_1                 0x0800020b   Thumb Code     0  libinit2.o(.ARM.Collect$$libinit$$00000013)
    __rt_lib_init_lc_monetary_1              0x0800020b   Thumb Code     0  libinit2.o(.ARM.Collect$$libinit$$00000015)
    __rt_lib_init_lc_numeric_1               0x0800020b   Thumb Code     0  libinit2.o(.ARM.Collect$$libinit$$00000017)
    __rt_lib_init_lc_time_1                  0x0800020b   Thumb Code     0  libinit2.o(.ARM.Collect$$libinit$$00000019)
    __rt_lib_init_rand_1                     0x0800020b   Thumb Code     0  libinit2.o(.ARM.Collect$$libinit$$0000000E)
    __rt_lib_init_return                     0x0800020b   Thumb Code     0  libinit2.o(.ARM.Collect$$libinit$$00000033)
    __rt_lib_init_signal_1                   0x0800020b   Thumb Code     0  libinit2.o(.ARM.Collect$$libinit$$0000001D)
    __rt_lib_init_stdio_1                    0x0800020b   Thumb Code     0  libinit2.o(.ARM.Collect$$libinit$$00000025)
    __rt_lib_init_user_alloc_1               0x0800020b   Thumb Code     0  libinit2.o(.ARM.Collect$$libinit$$0000000C)
    __rt_lib_shutdown                        0x0800020d   Thumb Code     0  libshutdown.o(.ARM.Collect$$libshutdown$$00000000)
    __rt_lib_shutdown_fp_trap_1              0x0800020f   Thumb Code     0  libshutdown2.o(.ARM.Collect$$libshutdown$$00000006)
    __rt_lib_shutdown_heap_1                 0x0800020f   Thumb Code     0  libshutdown2.o(.ARM.Collect$$libshutdown$$0000000E)
    __rt_lib_shutdown_return                 0x0800020f   Thumb Code     0  libshutdown2.o(.ARM.Collect$$libshutdown$$0000000F)
    __rt_lib_shutdown_signal_1               0x0800020f   Thumb Code     0  libshutdown2.o(.ARM.Collect$$libshutdown$$00000009)
    __rt_lib_shutdown_stdio_1                0x0800020f   Thumb Code     0  libshutdown2.o(.ARM.Collect$$libshutdown$$00000003)
    __rt_lib_shutdown_user_alloc_1           0x0800020f   Thumb Code     0  libshutdown2.o(.ARM.Collect$$libshutdown$$0000000B)
    __rt_entry                               0x08000211   Thumb Code     0  __rtentry.o(.ARM.Collect$$rtentry$$00000000)
    __rt_entry_presh_1                       0x08000211   Thumb Code     0  __rtentry2.o(.ARM.Collect$$rtentry$$00000002)
    __rt_entry_sh                            0x08000211   Thumb Code     0  __rtentry4.o(.ARM.Collect$$rtentry$$00000004)
    __rt_entry_li                            0x08000217   Thumb Code     0  __rtentry2.o(.ARM.Collect$$rtentry$$0000000A)
    __rt_entry_postsh_1                      0x08000217   Thumb Code     0  __rtentry2.o(.ARM.Collect$$rtentry$$00000009)
    __rt_entry_main                          0x0800021b   Thumb Code     0  __rtentry2.o(.ARM.Collect$$rtentry$$0000000D)
    __rt_entry_postli_1                      0x0800021b   Thumb Code     0  __rtentry2.o(.ARM.Collect$$rtentry$$0000000C)
    __rt_exit                                0x08000223   Thumb Code     0  rtexit.o(.ARM.Collect$$rtexit$$00000000)
    __rt_exit_ls                             0x08000225   Thumb Code     0  rtexit2.o(.ARM.Collect$$rtexit$$00000003)
    __rt_exit_prels_1                        0x08000225   Thumb Code     0  rtexit2.o(.ARM.Collect$$rtexit$$00000002)
    __rt_exit_exit                           0x08000229   Thumb Code     0  rtexit2.o(.ARM.Collect$$rtexit$$00000004)
    Reset_Handler                            0x08000231   Thumb Code     8  startup_stm32f373xc.o(.text)
    _maybe_terminate_alloc                   0x08000231   Thumb Code     0  maybetermalloc1.o(.emb_text)
    NMI_Handler                              0x08000239   Thumb Code     2  startup_stm32f373xc.o(.text)
    HardFault_Handler                        0x0800023b   Thumb Code     2  startup_stm32f373xc.o(.text)
    MemManage_Handler                        0x0800023d   Thumb Code     2  startup_stm32f373xc.o(.text)
    BusFault_Handler                         0x0800023f   Thumb Code     2  startup_stm32f373xc.o(.text)
    UsageFault_Handler                       0x08000241   Thumb Code     2  startup_stm32f373xc.o(.text)
    SVC_Handler                              0x08000243   Thumb Code     2  startup_stm32f373xc.o(.text)
    DebugMon_Handler                         0x08000245   Thumb Code     2  startup_stm32f373xc.o(.text)
    PendSV_Handler                           0x08000247   Thumb Code     2  startup_stm32f373xc.o(.text)
    ADC1_IRQHandler                          0x0800024b   Thumb Code     0  startup_stm32f373xc.o(.text)
    CAN_RX0_IRQHandler                       0x0800024b   Thumb Code     0  startup_stm32f373xc.o(.text)
    CAN_RX1_IRQHandler                       0x0800024b   Thumb Code     0  startup_stm32f373xc.o(.text)
    CAN_SCE_IRQHandler                       0x0800024b   Thumb Code     0  startup_stm32f373xc.o(.text)
    CAN_TX_IRQHandler                        0x0800024b   Thumb Code     0  startup_stm32f373xc.o(.text)
    CEC_IRQHandler                           0x0800024b   Thumb Code     0  startup_stm32f373xc.o(.text)
    COMP1_2_IRQHandler                       0x0800024b   Thumb Code     0  startup_stm32f373xc.o(.text)
    DMA1_Channel1_IRQHandler                 0x0800024b   Thumb Code     0  startup_stm32f373xc.o(.text)
    DMA1_Channel2_IRQHandler                 0x0800024b   Thumb Code     0  startup_stm32f373xc.o(.text)
    DMA1_Channel3_IRQHandler                 0x0800024b   Thumb Code     0  startup_stm32f373xc.o(.text)
    DMA1_Channel4_IRQHandler                 0x0800024b   Thumb Code     0  startup_stm32f373xc.o(.text)
    DMA1_Channel5_IRQHandler                 0x0800024b   Thumb Code     0  startup_stm32f373xc.o(.text)
    DMA1_Channel6_IRQHandler                 0x0800024b   Thumb Code     0  startup_stm32f373xc.o(.text)
    DMA1_Channel7_IRQHandler                 0x0800024b   Thumb Code     0  startup_stm32f373xc.o(.text)
    DMA2_Channel1_IRQHandler                 0x0800024b   Thumb Code     0  startup_stm32f373xc.o(.text)
    DMA2_Channel2_IRQHandler                 0x0800024b   Thumb Code     0  startup_stm32f373xc.o(.text)
    DMA2_Channel3_IRQHandler                 0x0800024b   Thumb Code     0  startup_stm32f373xc.o(.text)
    DMA2_Channel4_IRQHandler                 0x0800024b   Thumb Code     0  startup_stm32f373xc.o(.text)
    DMA2_Channel5_IRQHandler                 0x0800024b   Thumb Code     0  startup_stm32f373xc.o(.text)
    EXTI0_IRQHandler                         0x0800024b   Thumb Code     0  startup_stm32f373xc.o(.text)
    EXTI15_10_IRQHandler                     0x0800024b   Thumb Code     0  startup_stm32f373xc.o(.text)
    EXTI1_IRQHandler                         0x0800024b   Thumb Code     0  startup_stm32f373xc.o(.text)
    EXTI2_TSC_IRQHandler                     0x0800024b   Thumb Code     0  startup_stm32f373xc.o(.text)
    EXTI3_IRQHandler                         0x0800024b   Thumb Code     0  startup_stm32f373xc.o(.text)
    EXTI4_IRQHandler                         0x0800024b   Thumb Code     0  startup_stm32f373xc.o(.text)
    FLASH_IRQHandler                         0x0800024b   Thumb Code     0  startup_stm32f373xc.o(.text)
    FPU_IRQHandler                           0x0800024b   Thumb Code     0  startup_stm32f373xc.o(.text)
    I2C1_ER_IRQHandler                       0x0800024b   Thumb Code     0  startup_stm32f373xc.o(.text)
    I2C2_ER_IRQHandler                       0x0800024b   Thumb Code     0  startup_stm32f373xc.o(.text)
    PVD_IRQHandler                           0x0800024b   Thumb Code     0  startup_stm32f373xc.o(.text)
    RCC_IRQHandler                           0x0800024b   Thumb Code     0  startup_stm32f373xc.o(.text)
    RTC_Alarm_IRQHandler                     0x0800024b   Thumb Code     0  startup_stm32f373xc.o(.text)
    RTC_WKUP_IRQHandler                      0x0800024b   Thumb Code     0  startup_stm32f373xc.o(.text)
    SDADC1_IRQHandler                        0x0800024b   Thumb Code     0  startup_stm32f373xc.o(.text)
    SDADC2_IRQHandler                        0x0800024b   Thumb Code     0  startup_stm32f373xc.o(.text)
    SDADC3_IRQHandler                        0x0800024b   Thumb Code     0  startup_stm32f373xc.o(.text)
    SPI1_IRQHandler                          0x0800024b   Thumb Code     0  startup_stm32f373xc.o(.text)
    SPI2_IRQHandler                          0x0800024b   Thumb Code     0  startup_stm32f373xc.o(.text)
    SPI3_IRQHandler                          0x0800024b   Thumb Code     0  startup_stm32f373xc.o(.text)
    TAMP_STAMP_IRQHandler                    0x0800024b   Thumb Code     0  startup_stm32f373xc.o(.text)
    TIM12_IRQHandler                         0x0800024b   Thumb Code     0  startup_stm32f373xc.o(.text)
    TIM13_IRQHandler                         0x0800024b   Thumb Code     0  startup_stm32f373xc.o(.text)
    TIM14_IRQHandler                         0x0800024b   Thumb Code     0  startup_stm32f373xc.o(.text)
    TIM16_IRQHandler                         0x0800024b   Thumb Code     0  startup_stm32f373xc.o(.text)
    TIM17_IRQHandler                         0x0800024b   Thumb Code     0  startup_stm32f373xc.o(.text)
    TIM18_DAC2_IRQHandler                    0x0800024b   Thumb Code     0  startup_stm32f373xc.o(.text)
    TIM19_IRQHandler                         0x0800024b   Thumb Code     0  startup_stm32f373xc.o(.text)
    TIM2_IRQHandler                          0x0800024b   Thumb Code     0  startup_stm32f373xc.o(.text)
    TIM3_IRQHandler                          0x0800024b   Thumb Code     0  startup_stm32f373xc.o(.text)
    TIM4_IRQHandler                          0x0800024b   Thumb Code     0  startup_stm32f373xc.o(.text)
    TIM5_IRQHandler                          0x0800024b   Thumb Code     0  startup_stm32f373xc.o(.text)
    TIM6_DAC1_IRQHandler                     0x0800024b   Thumb Code     0  startup_stm32f373xc.o(.text)
    TIM7_IRQHandler                          0x0800024b   Thumb Code     0  startup_stm32f373xc.o(.text)
    USART3_IRQHandler                        0x0800024b   Thumb Code     0  startup_stm32f373xc.o(.text)
    USBWakeUp_IRQHandler                     0x0800024b   Thumb Code     0  startup_stm32f373xc.o(.text)
    USB_HP_IRQHandler                        0x0800024b   Thumb Code     0  startup_stm32f373xc.o(.text)
    USB_LP_IRQHandler                        0x0800024b   Thumb Code     0  startup_stm32f373xc.o(.text)
    WWDG_IRQHandler                          0x0800024b   Thumb Code     0  startup_stm32f373xc.o(.text)
    __user_initial_stackheap                 0x0800024d   Thumb Code     0  startup_stm32f373xc.o(.text)
    malloc                                   0x08000271   Thumb Code    94  h1_alloc.o(.text)
    free                                     0x080002cf   Thumb Code    78  h1_free.o(.text)
    __use_two_region_memory                  0x0800031d   Thumb Code     2  heapauxi.o(.text)
    __rt_heap_escrow                         0x0800031f   Thumb Code     2  heapauxi.o(.text)
    __rt_heap_expand                         0x08000321   Thumb Code     2  heapauxi.o(.text)
    __rt_heap_descriptor                     0x08000325   Thumb Code     8  rt_heap_descriptor_intlibspace.o(.text)
    __use_no_heap                            0x0800032d   Thumb Code     2  hguard.o(.text)
    __heap$guard                             0x0800032f   Thumb Code     2  hguard.o(.text)
    _terminate_user_alloc                    0x08000331   Thumb Code     2  init_alloc.o(.text)
    _init_user_alloc                         0x08000333   Thumb Code     2  init_alloc.o(.text)
    __Heap_Full                              0x08000335   Thumb Code    34  init_alloc.o(.text)
    __Heap_Broken                            0x08000357   Thumb Code     6  init_alloc.o(.text)
    _init_alloc                              0x0800035d   Thumb Code    94  init_alloc.o(.text)
    __Heap_Initialize                        0x080003bb   Thumb Code    10  h1_init.o(.text)
    __Heap_DescSize                          0x080003c5   Thumb Code     4  h1_init.o(.text)
    __user_libspace                          0x080003c9   Thumb Code     8  libspace.o(.text)
    __user_perproc_libspace                  0x080003c9   Thumb Code     0  libspace.o(.text)
    __user_perthread_libspace                0x080003c9   Thumb Code     0  libspace.o(.text)
    __Heap_ProvideMemory                     0x080003d1   Thumb Code    52  h1_extend.o(.text)
    __rt_SIGRTMEM                            0x08000405   Thumb Code    14  defsig_rtmem_outer.o(.text)
    __I$use$semihosting                      0x08000413   Thumb Code     0  use_no_semi.o(.text)
    __use_no_semihosting_swi                 0x08000413   Thumb Code     2  use_no_semi.o(.text)
    __semihosting_library_function           0x08000415   Thumb Code     0  indicate_semi.o(.text)
    __user_setup_stackheap                   0x08000415   Thumb Code    74  sys_stackheap_outer.o(.text)
    exit                                     0x0800045f   Thumb Code    12  exit.o(.text)
    __sig_exit                               0x0800046b   Thumb Code    10  defsig_exit.o(.text)
    __rt_SIGRTMEM_inner                      0x08000475   Thumb Code    22  defsig_rtmem_inner.o(.text)
    _sys_exit                                0x080004c5   Thumb Code     8  sys_exit.o(.text)
    __default_signal_display                 0x080004d1   Thumb Code    50  defsig_general.o(.text)
    _ttywrch                                 0x08000503   Thumb Code    14  sys_wrch.o(.text)
    Delay                                    0x08000511   Thumb Code    20  i2c_control.o(i.Delay)
    EXTI9_5_IRQHandler                       0x08000529   Thumb Code   156  mpu_control.o(i.EXTI9_5_IRQHandler)
    I2C1_EV_IRQHandler                       0x080005d9   Thumb Code    94  i2c_control.o(i.I2C1_EV_IRQHandler)
    I2C2_EV_IRQHandler                       0x08000645   Thumb Code    58  display.o(i.I2C2_EV_IRQHandler)
    I2C_GenerateSTART                        0x08000689   Thumb Code    22  i2c_control.o(i.I2C_GenerateSTART)
    I2C_Initialize                           0x080006a1   Thumb Code   126  i2c_control.o(i.I2C_Initialize)
    SysTick_Handler                          0x08000741   Thumb Code    12  i2c_control.o(i.SysTick_Handler)
    SystemCoreClockSetHSI                    0x08000751   Thumb Code   158  main.o(i.SystemCoreClockSetHSI)
    SystemCoreClockUpdate                    0x080007f5   Thumb Code   138  system_stm32f3xx.o(i.SystemCoreClockUpdate)
    SystemInit                               0x08000895   Thumb Code   104  system_stm32f3xx.o(i.SystemInit)
    TIM15_IRQHandler                         0x08000911   Thumb Code    20  timer.o(i.TIM15_IRQHandler)
    USART1_IRQHandler                        0x0800092d   Thumb Code    80  uart_control.o(i.USART1_IRQHandler)
    USART2_IRQHandler                        0x08000989   Thumb Code     2  uart_control.o(i.USART2_IRQHandler)
    buttons_Init                             0x0800098d   Thumb Code   318  buttons.o(i.buttons_Init)
    configure_Mpu                            0x08000ae1   Thumb Code   246  mpu_control.o(i.configure_Mpu)
    data_Packet_Ready                        0x08000be5   Thumb Code    58  mpu_control.o(i.data_Packet_Ready)
    deQueue                                  0x08000c2d   Thumb Code    62  queue.o(i.deQueue)
    display_Communicate                      0x08000c6d   Thumb Code   140  display.o(i.display_Communicate)
    display_Init                             0x08000d01   Thumb Code  1092  display.o(i.display_Init)
    display_Int                              0x08001149   Thumb Code   142  display.o(i.display_Int)
    enQueue                                  0x080011e9   Thumb Code    58  queue.o(i.enQueue)
    get_Button                               0x08001261   Thumb Code    66  buttons.o(i.get_Button)
    get_Data_Packet                          0x080012ad   Thumb Code   202  mpu_control.o(i.get_Data_Packet)
    get_Single_Button                        0x08001381   Thumb Code   110  buttons.o(i.get_Single_Button)
    initQueue                                0x080013fd   Thumb Code    40  queue.o(i.initQueue)
    init_Timer                               0x08001425   Thumb Code    48  timer.o(i.init_Timer)
    main                                     0x08001461   Thumb Code   268  main.o(i.main)
    mpu_I2C_Init                             0x08001581   Thumb Code   294  i2c_control.o(i.mpu_I2C_Init)
    mpu_init                                 0x080016c1   Thumb Code   272  mpu_control.o(i.mpu_init)
    mpu_isInitialized                        0x080017e9   Thumb Code    20  i2c_control.o(i.mpu_isInitialized)
    mpu_readRegister                         0x08001801   Thumb Code   128  i2c_control.o(i.mpu_readRegister)
    mpu_writeRegister                        0x0800188d   Thumb Code   136  i2c_control.o(i.mpu_writeRegister)
    queue_isEmpty                            0x08001921   Thumb Code    22  queue.o(i.queue_isEmpty)
    queue_isFull                             0x08001937   Thumb Code    48  queue.o(i.queue_isFull)
    set_Measure_Channel                      0x08001969   Thumb Code   178  buttons.o(i.set_Measure_Channel)
    set_Sampling_Capacitor                   0x08001a25   Thumb Code   178  buttons.o(i.set_Sampling_Capacitor)
    set_Threshold_Value                      0x08001ae1   Thumb Code   120  buttons.o(i.set_Threshold_Value)
    start_Timer                              0x08001b65   Thumb Code    56  timer.o(i.start_Timer)
    stop_Timer                               0x08001ba9   Thumb Code    14  timer.o(i.stop_Timer)
    _fp_init                                 0x08001bc1   Thumb Code    10  fpinit.o(x$fpl$fpinit)
    __fplib_config_fpu_vfp                   0x08001bc9   Thumb Code     0  fpinit.o(x$fpl$fpinit)
    __fplib_config_pureend_doubles           0x08001bc9   Thumb Code     0  fpinit.o(x$fpl$fpinit)
    reg                                      0x08001ef6   Data          30  mpu_control.o(.constdata)
    hw                                       0x08001f14   Data          12  mpu_control.o(.constdata)
    buttons                                  0x08001f20   Data           4  buttons.o(.constdata)
    channel_button                           0x08001f24   Data           4  buttons.o(.constdata)
    Region$$Table$$Base                      0x08001f28   Number         0  anon$$obj.o(Region$$Table)
    Region$$Table$$Limit                     0x08001f48   Number         0  anon$$obj.o(Region$$Table)
    displayQueue                             0x20000000   Data           4  display.o(.data)
    mpuRxQueue                               0x20000004   Data           4  i2c_control.o(.data)
    mpuTxQueue                               0x20000008   Data           4  i2c_control.o(.data)
    msTicks                                  0x2000000c   Data           4  i2c_control.o(.data)
    mpu_regs                                 0x20000010   Data           4  mpu_control.o(.data)
    average_data                             0x20000014   Data           4  mpu_control.o(.data)
    is_initialized                           0x20000018   Data           1  mpu_control.o(.data)
    Usart1_RxQueue                           0x2000001c   Data           4  uart_control.o(.data)
    Usart1_TxQueue                           0x20000020   Data           4  uart_control.o(.data)
    dutyCycleCount                           0x20000024   Data           2  timer.o(.data)
    disableTimerFlag                         0x20000026   Data           2  timer.o(.data)
    timer_Active                             0x20000028   Data           2  timer.o(.data)
    finished_Flag                            0x2000002a   Data           1  timer.o(.data)
    no_press_threshold                       0x2000002c   Data           4  buttons.o(.data)
    last_button                              0x20000030   Data           1  buttons.o(.data)
    SystemCoreClock                          0x20000034   Data           4  system_stm32f3xx.o(.data)
    AHBPrescTable                            0x20000038   Data          16  system_stm32f3xx.o(.data)
    display                                  0x20000048   Data         384  display.o(.bss)
    __libspace_start                         0x200001c8   Data          96  libspace.o(.bss)
    __temporary_stack_top$libspace           0x20000228   Data           0  libspace.o(.bss)



==============================================================================

Memory Map of the image

  Image Entry point : 0x08000189

  Load Region LR_IROM1 (Base: 0x08000000, Size: 0x00001f90, Max: 0x00020000, ABSOLUTE)

    Execution Region ER_IROM1 (Base: 0x08000000, Size: 0x00001f48, Max: 0x00020000, ABSOLUTE)

    Base Addr    Size         Type   Attr      Idx    E Section Name        Object

    0x08000000   0x00000188   Data   RO          732    RESET               startup_stm32f373xc.o
    0x08000188   0x00000008   Code   RO          839  * !!!main             c_w.l(__main.o)
    0x08000190   0x00000034   Code   RO         1041    !!!scatter          c_w.l(__scatter.o)
    0x080001c4   0x0000001a   Code   RO         1043    !!handler_copy      c_w.l(__scatter_copy.o)
    0x080001de   0x00000002   PAD
    0x080001e0   0x0000001c   Code   RO         1045    !!handler_zi        c_w.l(__scatter_zi.o)
    0x080001fc   0x00000002   Code   RO          981    .ARM.Collect$$libinit$$00000000  c_w.l(libinit.o)
    0x080001fe   0x00000004   Code   RO          873    .ARM.Collect$$libinit$$00000001  c_w.l(libinit2.o)
    0x08000202   0x00000000   Code   RO          876    .ARM.Collect$$libinit$$00000004  c_w.l(libinit2.o)
    0x08000202   0x00000008   Code   RO          877    .ARM.Collect$$libinit$$00000005  c_w.l(libinit2.o)
    0x0800020a   0x00000000   Code   RO          879    .ARM.Collect$$libinit$$0000000A  c_w.l(libinit2.o)
    0x0800020a   0x00000000   Code   RO          881    .ARM.Collect$$libinit$$0000000C  c_w.l(libinit2.o)
    0x0800020a   0x00000000   Code   RO          883    .ARM.Collect$$libinit$$0000000E  c_w.l(libinit2.o)
    0x0800020a   0x00000000   Code   RO          886    .ARM.Collect$$libinit$$00000011  c_w.l(libinit2.o)
    0x0800020a   0x00000000   Code   RO          888    .ARM.Collect$$libinit$$00000013  c_w.l(libinit2.o)
    0x0800020a   0x00000000   Code   RO          890    .ARM.Collect$$libinit$$00000015  c_w.l(libinit2.o)
    0x0800020a   0x00000000   Code   RO          892    .ARM.Collect$$libinit$$00000017  c_w.l(libinit2.o)
    0x0800020a   0x00000000   Code   RO          894    .ARM.Collect$$libinit$$00000019  c_w.l(libinit2.o)
    0x0800020a   0x00000000   Code   RO          896    .ARM.Collect$$libinit$$0000001B  c_w.l(libinit2.o)
    0x0800020a   0x00000000   Code   RO          898    .ARM.Collect$$libinit$$0000001D  c_w.l(libinit2.o)
    0x0800020a   0x00000000   Code   RO          900    .ARM.Collect$$libinit$$0000001F  c_w.l(libinit2.o)
    0x0800020a   0x00000000   Code   RO          902    .ARM.Collect$$libinit$$00000021  c_w.l(libinit2.o)
    0x0800020a   0x00000000   Code   RO          904    .ARM.Collect$$libinit$$00000023  c_w.l(libinit2.o)
    0x0800020a   0x00000000   Code   RO          906    .ARM.Collect$$libinit$$00000025  c_w.l(libinit2.o)
    0x0800020a   0x00000000   Code   RO          910    .ARM.Collect$$libinit$$0000002C  c_w.l(libinit2.o)
    0x0800020a   0x00000000   Code   RO          912    .ARM.Collect$$libinit$$0000002E  c_w.l(libinit2.o)
    0x0800020a   0x00000000   Code   RO          914    .ARM.Collect$$libinit$$00000030  c_w.l(libinit2.o)
    0x0800020a   0x00000000   Code   RO          916    .ARM.Collect$$libinit$$00000032  c_w.l(libinit2.o)
    0x0800020a   0x00000002   Code   RO          917    .ARM.Collect$$libinit$$00000033  c_w.l(libinit2.o)
    0x0800020c   0x00000002   Code   RO         1038    .ARM.Collect$$libshutdown$$00000000  c_w.l(libshutdown.o)
    0x0800020e   0x00000000   Code   RO          996    .ARM.Collect$$libshutdown$$00000003  c_w.l(libshutdown2.o)
    0x0800020e   0x00000000   Code   RO          999    .ARM.Collect$$libshutdown$$00000006  c_w.l(libshutdown2.o)
    0x0800020e   0x00000000   Code   RO         1002    .ARM.Collect$$libshutdown$$00000009  c_w.l(libshutdown2.o)
    0x0800020e   0x00000000   Code   RO         1004    .ARM.Collect$$libshutdown$$0000000B  c_w.l(libshutdown2.o)
    0x0800020e   0x00000000   Code   RO         1007    .ARM.Collect$$libshutdown$$0000000E  c_w.l(libshutdown2.o)
    0x0800020e   0x00000002   Code   RO         1008    .ARM.Collect$$libshutdown$$0000000F  c_w.l(libshutdown2.o)
    0x08000210   0x00000000   Code   RO          843    .ARM.Collect$$rtentry$$00000000  c_w.l(__rtentry.o)
    0x08000210   0x00000000   Code   RO          924    .ARM.Collect$$rtentry$$00000002  c_w.l(__rtentry2.o)
    0x08000210   0x00000006   Code   RO          936    .ARM.Collect$$rtentry$$00000004  c_w.l(__rtentry4.o)
    0x08000216   0x00000000   Code   RO          926    .ARM.Collect$$rtentry$$00000009  c_w.l(__rtentry2.o)
    0x08000216   0x00000004   Code   RO          927    .ARM.Collect$$rtentry$$0000000A  c_w.l(__rtentry2.o)
    0x0800021a   0x00000000   Code   RO          929    .ARM.Collect$$rtentry$$0000000C  c_w.l(__rtentry2.o)
    0x0800021a   0x00000008   Code   RO          930    .ARM.Collect$$rtentry$$0000000D  c_w.l(__rtentry2.o)
    0x08000222   0x00000002   Code   RO          984    .ARM.Collect$$rtexit$$00000000  c_w.l(rtexit.o)
    0x08000224   0x00000000   Code   RO         1012    .ARM.Collect$$rtexit$$00000002  c_w.l(rtexit2.o)
    0x08000224   0x00000004   Code   RO         1013    .ARM.Collect$$rtexit$$00000003  c_w.l(rtexit2.o)
    0x08000228   0x00000006   Code   RO         1014    .ARM.Collect$$rtexit$$00000004  c_w.l(rtexit2.o)
    0x0800022e   0x00000002   PAD
    0x08000230   0x00000000   Code   RO          940    .emb_text           c_w.l(maybetermalloc1.o)
    0x08000230   0x00000040   Code   RO          733    .text               startup_stm32f373xc.o
    0x08000270   0x0000005e   Code   RO          779    .text               c_w.l(h1_alloc.o)
    0x080002ce   0x0000004e   Code   RO          781    .text               c_w.l(h1_free.o)
    0x0800031c   0x00000006   Code   RO          837    .text               c_w.l(heapauxi.o)
    0x08000322   0x00000002   PAD
    0x08000324   0x00000008   Code   RO          847    .text               c_w.l(rt_heap_descriptor_intlibspace.o)
    0x0800032c   0x00000004   Code   RO          849    .text               c_w.l(hguard.o)
    0x08000330   0x0000008a   Code   RO          851    .text               c_w.l(init_alloc.o)
    0x080003ba   0x0000000e   Code   RO          855    .text               c_w.l(h1_init.o)
    0x080003c8   0x00000008   Code   RO          920    .text               c_w.l(libspace.o)
    0x080003d0   0x00000034   Code   RO          942    .text               c_w.l(h1_extend.o)
    0x08000404   0x0000000e   Code   RO          946    .text               c_w.l(defsig_rtmem_outer.o)
    0x08000412   0x00000002   Code   RO          957    .text               c_w.l(use_no_semi.o)
    0x08000414   0x00000000   Code   RO          959    .text               c_w.l(indicate_semi.o)
    0x08000414   0x0000004a   Code   RO          960    .text               c_w.l(sys_stackheap_outer.o)
    0x0800045e   0x0000000c   Code   RO          966    .text               c_w.l(exit.o)
    0x0800046a   0x0000000a   Code   RO          968    .text               c_w.l(defsig_exit.o)
    0x08000474   0x00000050   Code   RO          970    .text               c_w.l(defsig_rtmem_inner.o)
    0x080004c4   0x0000000c   Code   RO          982    .text               c_w.l(sys_exit.o)
    0x080004d0   0x00000032   Code   RO          992    .text               c_w.l(defsig_general.o)
    0x08000502   0x0000000e   Code   RO         1009    .text               c_w.l(sys_wrch.o)
    0x08000510   0x00000018   Code   RO          243    i.Delay             i2c_control.o
    0x08000528   0x000000b0   Code   RO          357    i.EXTI9_5_IRQHandler  mpu_control.o
    0x080005d8   0x0000006c   Code   RO          244    i.I2C1_EV_IRQHandler  i2c_control.o
    0x08000644   0x00000044   Code   RO          164    i.I2C2_EV_IRQHandler  display.o
    0x08000688   0x00000016   Code   RO          245    i.I2C_GenerateSTART  i2c_control.o
    0x0800069e   0x00000002   PAD
    0x080006a0   0x00000088   Code   RO          246    i.I2C_Initialize    i2c_control.o
    0x08000728   0x00000016   Code   RO            4    i.NVIC_EnableIRQ    main.o
    0x0800073e   0x00000002   PAD
    0x08000740   0x00000010   Code   RO          247    i.SysTick_Handler   i2c_control.o
    0x08000750   0x000000a4   Code   RO            5    i.SystemCoreClockSetHSI  main.o
    0x080007f4   0x000000a0   Code   RO          740    i.SystemCoreClockUpdate  system_stm32f3xx.o
    0x08000894   0x0000007c   Code   RO          741    i.SystemInit        system_stm32f3xx.o
    0x08000910   0x0000001c   Code   RO          616    i.TIM15_IRQHandler  timer.o
    0x0800092c   0x0000005c   Code   RO          562    i.USART1_IRQHandler  uart_control.o
    0x08000988   0x00000002   Code   RO          563    i.USART2_IRQHandler  uart_control.o
    0x0800098a   0x00000002   PAD
    0x0800098c   0x00000154   Code   RO          668    i.buttons_Init      buttons.o
    0x08000ae0   0x00000104   Code   RO          359    i.configure_Mpu     mpu_control.o
    0x08000be4   0x00000048   Code   RO          360    i.data_Packet_Ready  mpu_control.o
    0x08000c2c   0x0000003e   Code   RO          318    i.deQueue           queue.o
    0x08000c6a   0x00000002   PAD
    0x08000c6c   0x00000094   Code   RO          165    i.display_Communicate  display.o
    0x08000d00   0x00000448   Code   RO          166    i.display_Init      display.o
    0x08001148   0x000000a0   Code   RO          167    i.display_Int       display.o
    0x080011e8   0x0000003a   Code   RO          319    i.enQueue           queue.o
    0x08001222   0x00000002   PAD
    0x08001224   0x0000003c   Code   RO            6    i.getKey            main.o
    0x08001260   0x0000004c   Code   RO          669    i.get_Button        buttons.o
    0x080012ac   0x000000d4   Code   RO          362    i.get_Data_Packet   mpu_control.o
    0x08001380   0x0000007c   Code   RO          670    i.get_Single_Button  buttons.o
    0x080013fc   0x00000028   Code   RO          320    i.initQueue         queue.o
    0x08001424   0x0000003c   Code   RO          617    i.init_Timer        timer.o
    0x08001460   0x00000120   Code   RO            7    i.main              main.o
    0x08001580   0x00000140   Code   RO          248    i.mpu_I2C_Init      i2c_control.o
    0x080016c0   0x00000128   Code   RO          366    i.mpu_init          mpu_control.o
    0x080017e8   0x00000018   Code   RO          249    i.mpu_isInitialized  i2c_control.o
    0x08001800   0x0000008c   Code   RO          250    i.mpu_readRegister  i2c_control.o
    0x0800188c   0x00000094   Code   RO          251    i.mpu_writeRegister  i2c_control.o
    0x08001920   0x00000016   Code   RO          321    i.queue_isEmpty     queue.o
    0x08001936   0x00000030   Code   RO          322    i.queue_isFull      queue.o
    0x08001966   0x00000002   PAD
    0x08001968   0x000000bc   Code   RO          671    i.set_Measure_Channel  buttons.o
    0x08001a24   0x000000bc   Code   RO          672    i.set_Sampling_Capacitor  buttons.o
    0x08001ae0   0x00000084   Code   RO          673    i.set_Threshold_Value  buttons.o
    0x08001b64   0x00000044   Code   RO          618    i.start_Timer       timer.o
    0x08001ba8   0x00000018   Code   RO          619    i.stop_Timer        timer.o
    0x08001bc0   0x0000000a   Code   RO          955    x$fpl$fpinit        fz_wm.l(fpinit.o)
    0x08001bca   0x00000002   PAD
    0x08001bcc   0x00000019   Data   RO            8    .constdata          main.o
    0x08001be5   0x00000310   Data   RO          171    .constdata          display.o
    0x08001ef5   0x00000001   PAD
    0x08001ef6   0x0000002a   Data   RO          367    .constdata          mpu_control.o
    0x08001f20   0x00000008   Data   RO          674    .constdata          buttons.o
    0x08001f28   0x00000020   Data   RO         1039    Region$$Table       anon$$obj.o


    Execution Region RW_IRAM1 (Base: 0x20000000, Size: 0x00000e28, Max: 0x00006000, ABSOLUTE)

    Base Addr    Size         Type   Attr      Idx    E Section Name        Object

    0x20000000   0x00000004   Data   RW          172    .data               display.o
    0x20000004   0x0000000c   Data   RW          252    .data               i2c_control.o
    0x20000010   0x00000009   Data   RW          368    .data               mpu_control.o
    0x20000019   0x00000003   PAD
    0x2000001c   0x00000008   Data   RW          567    .data               uart_control.o
    0x20000024   0x00000007   Data   RW          620    .data               timer.o
    0x2000002b   0x00000001   PAD
    0x2000002c   0x00000005   Data   RW          675    .data               buttons.o
    0x20000031   0x00000003   PAD
    0x20000034   0x00000014   Data   RW          742    .data               system_stm32f3xx.o
    0x20000048   0x00000180   Zero   RW          170    .bss                display.o
    0x200001c8   0x00000060   Zero   RW          921    .bss                c_w.l(libspace.o)
    0x20000228   0x00000800   Zero   RW          731    HEAP                startup_stm32f373xc.o
    0x20000a28   0x00000400   Zero   RW          730    STACK               startup_stm32f373xc.o


==============================================================================

Image component sizes


      Code (inc. data)   RO Data    RW Data    ZI Data      Debug   Object Name

      1048         78          8          5          0       4785   buttons.o
         0          0          0          0          0        412   cap_buttons.o
      1472         64        784          4        384       5379   display.o
       938         86          0         12          0       7278   i2c_control.o
       534         32         25          0          0     218986   main.o
      1016         82         42          9          0      34409   mpu_control.o
       230          0          0          0          0       3255   queue.o
        64         26        392          0       3072        864   startup_stm32f373xc.o
       284         42          0         20          0       1981   system_stm32f3xx.o
       180         42          0          7          0      28747   timer.o
        94         12          0          8          0       2080   uart_control.o

    ----------------------------------------------------------------------
      5872        464       1284         72       3456     308176   Object Totals
         0          0         32          0          0          0   (incl. Generated)
        12          0          1          7          0          0   (incl. Padding)

    ----------------------------------------------------------------------

      Code (inc. data)   RO Data    RW Data    ZI Data      Debug   Library Member Name

         8          0          0          0          0         68   __main.o
         0          0          0          0          0          0   __rtentry.o
        12          0          0          0          0          0   __rtentry2.o
         6          0          0          0          0          0   __rtentry4.o
        52          8          0          0          0          0   __scatter.o
        26          0          0          0          0          0   __scatter_copy.o
        28          0          0          0          0          0   __scatter_zi.o
        10          0          0          0          0         68   defsig_exit.o
        50          0          0          0          0         88   defsig_general.o
        80         58          0          0          0         76   defsig_rtmem_inner.o
        14          0          0          0          0         80   defsig_rtmem_outer.o
        12          0          0          0          0         72   exit.o
        94          0          0          0          0         80   h1_alloc.o
        52          0          0          0          0         68   h1_extend.o
        78          0          0          0          0         80   h1_free.o
        14          0          0          0          0         84   h1_init.o
         6          0          0          0          0        152   heapauxi.o
         4          0          0          0          0        136   hguard.o
         0          0          0          0          0          0   indicate_semi.o
       138          0          0          0          0        168   init_alloc.o
         2          0          0          0          0          0   libinit.o
        14          0          0          0          0          0   libinit2.o
         2          0          0          0          0          0   libshutdown.o
         2          0          0          0          0          0   libshutdown2.o
         8          4          0          0         96         68   libspace.o
         0          0          0          0          0          0   maybetermalloc1.o
         8          4          0          0          0         68   rt_heap_descriptor_intlibspace.o
         2          0          0          0          0          0   rtexit.o
        10          0          0          0          0          0   rtexit2.o
        12          4          0          0          0         68   sys_exit.o
        74          0          0          0          0         80   sys_stackheap_outer.o
        14          0          0          0          0         76   sys_wrch.o
         2          0          0          0          0         68   use_no_semi.o
        10          0          0          0          0        116   fpinit.o

    ----------------------------------------------------------------------
       852         78          0          0         96       1764   Library Totals
         8          0          0          0          0          0   (incl. Padding)

    ----------------------------------------------------------------------

      Code (inc. data)   RO Data    RW Data    ZI Data      Debug   Library Name

       834         78          0          0         96       1648   c_w.l
        10          0          0          0          0        116   fz_wm.l

    ----------------------------------------------------------------------
       852         78          0          0         96       1764   Library Totals

    ----------------------------------------------------------------------

==============================================================================


      Code (inc. data)   RO Data    RW Data    ZI Data      Debug   

      6724        542       1284         72       3552     305508   Grand Totals
      6724        542       1284         72       3552     305508   ELF Image Totals
      6724        542       1284         72          0          0   ROM Totals

==============================================================================

    Total RO  Size (Code + RO Data)                 8008 (   7.82kB)
    Total RW  Size (RW Data + ZI Data)              3624 (   3.54kB)
    Total ROM Size (Code + RO Data + RW Data)       8080 (   7.89kB)

==============================================================================

